<?xml version="1.0" encoding="ISO-8859-1" ?>
<link_info>
   <banner>TMS320C2000 Linker PC v22.6.1.LTS</banner>
   <copyright>Copyright (c) 1996-2018 Texas Instruments Incorporated</copyright>
   <link_time>0x655c04a7</link_time>
   <link_errors>0x0</link_errors>
   <output_file>Load_Bank_Master.out</output_file>
   <entry_point>
      <name>code_start</name>
      <address>0x0</address>
   </entry_point>
   <input_file_list>
      <input_file id="fl-2">
         <path>.\</path>
         <kind>object</kind>
         <file>Load_Bank_Master.obj</file>
         <name>Load_Bank_Master.obj</name>
      </input_file>
      <input_file id="fl-3">
         <path>.\syscfg\</path>
         <kind>object</kind>
         <file>board.obj</file>
         <name>board.obj</name>
      </input_file>
      <input_file id="fl-4">
         <path>.\syscfg\</path>
         <kind>object</kind>
         <file>c2000ware_libraries.obj</file>
         <name>c2000ware_libraries.obj</name>
      </input_file>
      <input_file id="fl-5">
         <path>.\device\</path>
         <kind>object</kind>
         <file>device.obj</file>
         <name>device.obj</name>
      </input_file>
      <input_file id="fl-6">
         <path>.\device\</path>
         <kind>object</kind>
         <file>f280013x_codestartbranch.obj</file>
         <name>f280013x_codestartbranch.obj</name>
      </input_file>
      <input_file id="fl-c">
         <kind>object</kind>
         <file>&lt;internal&gt;</file>
         <name>&lt;internal&gt;</name>
      </input_file>
      <input_file id="fl-d">
         <path>C:\ti\C2000Ware_5_00_00_00\driverlib\f280013x\driverlib\ccs\Debug\</path>
         <kind>archive</kind>
         <file>driverlib.lib</file>
         <name>cmpss.obj</name>
      </input_file>
      <input_file id="fl-e">
         <path>C:\ti\C2000Ware_5_00_00_00\driverlib\f280013x\driverlib\ccs\Debug\</path>
         <kind>archive</kind>
         <file>driverlib.lib</file>
         <name>cputimer.obj</name>
      </input_file>
      <input_file id="fl-f">
         <path>C:\ti\C2000Ware_5_00_00_00\driverlib\f280013x\driverlib\ccs\Debug\</path>
         <kind>archive</kind>
         <file>driverlib.lib</file>
         <name>gpio.obj</name>
      </input_file>
      <input_file id="fl-10">
         <path>C:\ti\C2000Ware_5_00_00_00\driverlib\f280013x\driverlib\ccs\Debug\</path>
         <kind>archive</kind>
         <file>driverlib.lib</file>
         <name>interrupt.obj</name>
      </input_file>
      <input_file id="fl-11">
         <path>C:\ti\C2000Ware_5_00_00_00\driverlib\f280013x\driverlib\ccs\Debug\</path>
         <kind>archive</kind>
         <file>driverlib.lib</file>
         <name>sci.obj</name>
      </input_file>
      <input_file id="fl-12">
         <path>C:\ti\C2000Ware_5_00_00_00\driverlib\f280013x\driverlib\ccs\Debug\</path>
         <kind>archive</kind>
         <file>driverlib.lib</file>
         <name>sysctl.obj</name>
      </input_file>
      <input_file id="fl-1e">
         <path>C:\ti\ccs1250\ccs\tools\compiler\ti-cgt-c2000_22.6.1.LTS\lib\</path>
         <kind>archive</kind>
         <file>rts2800_fpu32_eabi.lib</file>
         <name>boot28.asm.obj</name>
      </input_file>
      <input_file id="fl-1f">
         <path>C:\ti\ccs1250\ccs\tools\compiler\ti-cgt-c2000_22.6.1.LTS\lib\</path>
         <kind>archive</kind>
         <file>rts2800_fpu32_eabi.lib</file>
         <name>fs_div28.asm.obj</name>
      </input_file>
      <input_file id="fl-20">
         <path>C:\ti\ccs1250\ccs\tools\compiler\ti-cgt-c2000_22.6.1.LTS\lib\</path>
         <kind>archive</kind>
         <file>rts2800_fpu32_eabi.lib</file>
         <name>pre_init.c.obj</name>
      </input_file>
      <input_file id="fl-21">
         <path>C:\ti\ccs1250\ccs\tools\compiler\ti-cgt-c2000_22.6.1.LTS\lib\</path>
         <kind>archive</kind>
         <file>rts2800_fpu32_eabi.lib</file>
         <name>autoinit.c.obj</name>
      </input_file>
      <input_file id="fl-22">
         <path>C:\ti\ccs1250\ccs\tools\compiler\ti-cgt-c2000_22.6.1.LTS\lib\</path>
         <kind>archive</kind>
         <file>rts2800_fpu32_eabi.lib</file>
         <name>copy_zero_init.c.obj</name>
      </input_file>
      <input_file id="fl-23">
         <path>C:\ti\ccs1250\ccs\tools\compiler\ti-cgt-c2000_22.6.1.LTS\lib\</path>
         <kind>archive</kind>
         <file>rts2800_fpu32_eabi.lib</file>
         <name>copy_decompress_none.c.obj</name>
      </input_file>
      <input_file id="fl-24">
         <path>C:\ti\ccs1250\ccs\tools\compiler\ti-cgt-c2000_22.6.1.LTS\lib\</path>
         <kind>archive</kind>
         <file>rts2800_fpu32_eabi.lib</file>
         <name>copy_decompress_lzss.c.obj</name>
      </input_file>
      <input_file id="fl-25">
         <path>C:\ti\ccs1250\ccs\tools\compiler\ti-cgt-c2000_22.6.1.LTS\lib\</path>
         <kind>archive</kind>
         <file>rts2800_fpu32_eabi.lib</file>
         <name>exit.c.obj</name>
      </input_file>
      <input_file id="fl-26">
         <path>C:\ti\ccs1250\ccs\tools\compiler\ti-cgt-c2000_22.6.1.LTS\lib\</path>
         <kind>archive</kind>
         <file>rts2800_fpu32_eabi.lib</file>
         <name>_lock.c.obj</name>
      </input_file>
      <input_file id="fl-27">
         <path>C:\ti\ccs1250\ccs\tools\compiler\ti-cgt-c2000_22.6.1.LTS\lib\</path>
         <kind>archive</kind>
         <file>rts2800_fpu32_eabi.lib</file>
         <name>args_main.c.obj</name>
      </input_file>
      <input_file id="fl-28">
         <path>C:\ti\ccs1250\ccs\tools\compiler\ti-cgt-c2000_22.6.1.LTS\lib\</path>
         <kind>archive</kind>
         <file>rts2800_fpu32_eabi.lib</file>
         <name>memset.c.obj</name>
      </input_file>
      <input_file id="fl-29">
         <path>C:\ti\ccs1250\ccs\tools\compiler\ti-cgt-c2000_22.6.1.LTS\lib\</path>
         <kind>archive</kind>
         <file>rts2800_fpu32_eabi.lib</file>
         <name>cpy_tbl.c.obj</name>
      </input_file>
      <input_file id="fl-2a">
         <path>C:\ti\ccs1250\ccs\tools\compiler\ti-cgt-c2000_22.6.1.LTS\lib\</path>
         <kind>archive</kind>
         <file>rts2800_fpu32_eabi.lib</file>
         <name>memcpy.c.obj</name>
      </input_file>
      <input_file id="fl-2b">
         <path>C:\ti\ccs1250\ccs\tools\compiler\ti-cgt-c2000_22.6.1.LTS\lib\</path>
         <kind>archive</kind>
         <file>rts2800_fpu32_eabi.lib</file>
         <name>startup.c.obj</name>
      </input_file>
   </input_file_list>
   <object_component_list>
      <object_component id="oc-20">
         <name>codestart</name>
         <load_address>0x0</load_address>
         <run_address>0x0</run_address>
         <size>0x2</size>
         <input_file_ref idref="fl-6"/>
      </object_component>
      <object_component id="oc-270">
         <name>.TI.ramfunc</name>
         <load_address>0x128</load_address>
         <run_address>0x128</run_address>
         <size>0x4</size>
         <input_file_ref idref="fl-12"/>
      </object_component>
      <object_component id="oc-148">
         <name>.text:C2000Ware_libraries_init</name>
         <load_address>0x84db</load_address>
         <run_address>0x84db</run_address>
         <size>0x1</size>
         <input_file_ref idref="fl-4"/>
      </object_component>
      <object_component id="oc-1aa">
         <name>.text:SysCtl_setClock</name>
         <load_address>0x8508</load_address>
         <run_address>0x8508</run_address>
         <size>0x13e</size>
         <input_file_ref idref="fl-12"/>
      </object_component>
      <object_component id="oc-283">
         <name>.text:SysCtl_isPLLValid</name>
         <load_address>0x8646</load_address>
         <run_address>0x8646</run_address>
         <size>0xea</size>
         <input_file_ref idref="fl-12"/>
      </object_component>
      <object_component id="oc-1eb">
         <name>.text:PinMux_init</name>
         <load_address>0x8730</load_address>
         <run_address>0x8730</run_address>
         <size>0xc9</size>
         <input_file_ref idref="fl-3"/>
      </object_component>
      <object_component id="oc-1db">
         <name>.text:GPIO_setAnalogMode</name>
         <load_address>0x87f9</load_address>
         <run_address>0x87f9</run_address>
         <size>0xaf</size>
         <input_file_ref idref="fl-f"/>
      </object_component>
      <object_component id="oc-392">
         <name>.text</name>
         <load_address>0x88a8</load_address>
         <run_address>0x88a8</run_address>
         <size>0x88</size>
         <input_file_ref idref="fl-1f"/>
      </object_component>
      <object_component id="oc-14e">
         <name>.text:set_all_switches</name>
         <load_address>0x8930</load_address>
         <run_address>0x8930</run_address>
         <size>0x78</size>
         <input_file_ref idref="fl-2"/>
      </object_component>
      <object_component id="oc-108">
         <name>.text:main</name>
         <load_address>0x89a8</load_address>
         <run_address>0x89a8</run_address>
         <size>0x75</size>
         <input_file_ref idref="fl-2"/>
      </object_component>
      <object_component id="oc-3c7">
         <name>.text:DCC_setCounterSeeds</name>
         <load_address>0x8a1d</load_address>
         <run_address>0x8a1d</run_address>
         <size>0x73</size>
         <input_file_ref idref="fl-12"/>
      </object_component>
      <object_component id="oc-1cf">
         <name>.text:Device_enableAllPeripherals</name>
         <load_address>0x8a90</load_address>
         <run_address>0x8a90</run_address>
         <size>0x6e</size>
         <input_file_ref idref="fl-5"/>
      </object_component>
      <object_component id="oc-1b6">
         <name>.text:SysCtl_getClock</name>
         <load_address>0x8afe</load_address>
         <run_address>0x8afe</run_address>
         <size>0x65</size>
         <input_file_ref idref="fl-12"/>
      </object_component>
      <object_component id="oc-2b2">
         <name>.text:CURRENT_SENSE1_init</name>
         <load_address>0x8b63</load_address>
         <run_address>0x8b63</run_address>
         <size>0x5c</size>
         <input_file_ref idref="fl-3"/>
      </object_component>
      <object_component id="oc-2b8">
         <name>.text:CURRENT_SENSE2_init</name>
         <load_address>0x8bbf</load_address>
         <run_address>0x8bbf</run_address>
         <size>0x5c</size>
         <input_file_ref idref="fl-3"/>
      </object_component>
      <object_component id="oc-2be">
         <name>.text:CURRENT_SENSE3_init</name>
         <load_address>0x8c1b</load_address>
         <run_address>0x8c1b</run_address>
         <size>0x5c</size>
         <input_file_ref idref="fl-3"/>
      </object_component>
      <object_component id="oc-17f">
         <name>.text:process_phase_query_msg</name>
         <load_address>0x8c77</load_address>
         <run_address>0x8c77</run_address>
         <size>0x59</size>
         <input_file_ref idref="fl-2"/>
      </object_component>
      <object_component id="oc-2a5">
         <name>.text:GPIO_setPadConfig</name>
         <load_address>0x8cd0</load_address>
         <run_address>0x8cd0</run_address>
         <size>0x52</size>
         <input_file_ref idref="fl-f"/>
      </object_component>
      <object_component id="oc-41a">
         <name>.text:CMPSS_configFilterHigh</name>
         <load_address>0x8d22</load_address>
         <run_address>0x8d22</run_address>
         <size>0x49</size>
         <input_file_ref idref="fl-d"/>
      </object_component>
      <object_component id="oc-420">
         <name>.text:CMPSS_configFilterLow</name>
         <load_address>0x8d6b</load_address>
         <run_address>0x8d6b</run_address>
         <size>0x49</size>
         <input_file_ref idref="fl-d"/>
      </object_component>
      <object_component id="oc-130">
         <name>.text:Device_init</name>
         <load_address>0x8db4</load_address>
         <run_address>0x8db4</run_address>
         <size>0x48</size>
         <input_file_ref idref="fl-5"/>
      </object_component>
      <object_component id="oc-490">
         <name>.text:SCI_clearInterruptStatus</name>
         <load_address>0x8dfc</load_address>
         <run_address>0x8dfc</run_address>
         <size>0x45</size>
         <input_file_ref idref="fl-11"/>
      </object_component>
      <object_component id="oc-502">
         <name>.text:SysCtl_pollX1Counter</name>
         <load_address>0x8e41</load_address>
         <run_address>0x8e41</run_address>
         <size>0x45</size>
         <input_file_ref idref="fl-12"/>
      </object_component>
      <object_component id="oc-26a">
         <name>.text:SysCtl_selectOscSource</name>
         <load_address>0x8e86</load_address>
         <run_address>0x8e86</run_address>
         <size>0x42</size>
         <input_file_ref idref="fl-12"/>
      </object_component>
      <object_component id="oc-36b">
         <name>.text:SCI_writeCharArray</name>
         <load_address>0x8ec8</load_address>
         <run_address>0x8ec8</run_address>
         <size>0x41</size>
         <input_file_ref idref="fl-11"/>
      </object_component>
      <object_component id="oc-4ae">
         <name>.text:SCI_setConfig</name>
         <load_address>0x8f09</load_address>
         <run_address>0x8f09</run_address>
         <size>0x3e</size>
         <input_file_ref idref="fl-11"/>
      </object_component>
      <object_component id="oc-13c">
         <name>.text:Interrupt_initModule</name>
         <load_address>0x8f47</load_address>
         <run_address>0x8f47</run_address>
         <size>0x3d</size>
         <input_file_ref idref="fl-10"/>
      </object_component>
      <object_component id="oc-382">
         <name>.text:SysCtl_selectXTAL</name>
         <load_address>0x8f84</load_address>
         <run_address>0x8f84</run_address>
         <size>0x3d</size>
         <input_file_ref idref="fl-12"/>
      </object_component>
      <object_component id="oc-29f">
         <name>.text:GPIO_setPinConfig</name>
         <load_address>0x8fc1</load_address>
         <run_address>0x8fc1</run_address>
         <size>0x37</size>
         <input_file_ref idref="fl-f"/>
      </object_component>
      <object_component id="oc-2ab">
         <name>.text:GPIO_setQualificationMode</name>
         <load_address>0x8ff8</load_address>
         <run_address>0x8ff8</run_address>
         <size>0x37</size>
         <input_file_ref idref="fl-f"/>
      </object_component>
      <object_component id="oc-77">
         <name>.text:Interrupt_enable</name>
         <load_address>0x902f</load_address>
         <run_address>0x902f</run_address>
         <size>0x37</size>
         <input_file_ref idref="fl-10"/>
      </object_component>
      <object_component id="oc-339">
         <name>.text:UART_init</name>
         <load_address>0x9066</load_address>
         <run_address>0x9066</run_address>
         <size>0x37</size>
         <input_file_ref idref="fl-3"/>
      </object_component>
      <object_component id="oc-25">
         <name>.text:INT_TIMER_10S_ISR</name>
         <load_address>0x909d</load_address>
         <run_address>0x909d</run_address>
         <size>0x32</size>
         <input_file_ref idref="fl-2"/>
      </object_component>
      <object_component id="oc-478">
         <name>.text:GPIO_setDirectionMode</name>
         <load_address>0x90cf</load_address>
         <run_address>0x90cf</run_address>
         <size>0x31</size>
         <input_file_ref idref="fl-f"/>
      </object_component>
      <object_component id="oc-13">
         <name>.text:decompress:lzss</name>
         <load_address>0x9100</load_address>
         <run_address>0x9100</run_address>
         <size>0x30</size>
         <input_file_ref idref="fl-24"/>
      </object_component>
      <object_component id="oc-16d">
         <name>.text:process_zcs_msg</name>
         <load_address>0x9130</load_address>
         <run_address>0x9130</run_address>
         <size>0x30</size>
         <input_file_ref idref="fl-2"/>
      </object_component>
      <object_component id="oc-173">
         <name>.text:process_sw_query_msg</name>
         <load_address>0x9160</load_address>
         <run_address>0x9160</run_address>
         <size>0x2f</size>
         <input_file_ref idref="fl-2"/>
      </object_component>
      <object_component id="oc-444">
         <name>.text:CMPSS_configLatchOnPWMSYNC</name>
         <load_address>0x918f</load_address>
         <run_address>0x918f</run_address>
         <size>0x2b</size>
         <input_file_ref idref="fl-d"/>
      </object_component>
      <object_component id="oc-426">
         <name>.text:CMPSS_setHysteresis</name>
         <load_address>0x91ba</load_address>
         <run_address>0x91ba</run_address>
         <size>0x2b</size>
         <input_file_ref idref="fl-3"/>
      </object_component>
      <object_component id="oc-d8">
         <name>.text:__TI_auto_init_nobinit_nopinit</name>
         <load_address>0x91e5</load_address>
         <run_address>0x91e5</run_address>
         <size>0x2b</size>
         <input_file_ref idref="fl-21"/>
      </object_component>
      <object_component id="oc-ca">
         <name>.text</name>
         <load_address>0x9210</load_address>
         <run_address>0x9210</run_address>
         <size>0x29</size>
         <input_file_ref idref="fl-25"/>
      </object_component>
      <object_component id="oc-343">
         <name>.text:GPIO_writePin</name>
         <load_address>0x9239</load_address>
         <run_address>0x9239</run_address>
         <size>0x27</size>
         <input_file_ref idref="fl-2"/>
      </object_component>
      <object_component id="oc-3f0">
         <name>.text:ASysCtl_selectCMPHNMuxValue</name>
         <load_address>0x9260</load_address>
         <run_address>0x9260</run_address>
         <size>0x26</size>
         <input_file_ref idref="fl-3"/>
      </object_component>
      <object_component id="oc-231">
         <name>.text:write_msg</name>
         <load_address>0x9286</load_address>
         <run_address>0x9286</run_address>
         <size>0x26</size>
         <input_file_ref idref="fl-2"/>
      </object_component>
      <object_component id="oc-438">
         <name>.text:CMPSS_configBlanking</name>
         <load_address>0x92ac</load_address>
         <run_address>0x92ac</run_address>
         <size>0x25</size>
         <input_file_ref idref="fl-3"/>
      </object_component>
      <object_component id="oc-1fd">
         <name>.text:GPIO_init</name>
         <load_address>0x92d1</load_address>
         <run_address>0x92d1</run_address>
         <size>0x25</size>
         <input_file_ref idref="fl-3"/>
      </object_component>
      <object_component id="oc-3cd">
         <name>.text:DCC_enableSingleShotMode</name>
         <load_address>0x92f6</load_address>
         <run_address>0x92f6</run_address>
         <size>0x24</size>
         <input_file_ref idref="fl-12"/>
      </object_component>
      <object_component id="oc-23c">
         <name>.text:GPIO_readPin</name>
         <load_address>0x931a</load_address>
         <run_address>0x931a</run_address>
         <size>0x23</size>
         <input_file_ref idref="fl-2"/>
      </object_component>
      <object_component id="oc-2c5">
         <name>.text:TIMER_10S_init</name>
         <load_address>0x933d</load_address>
         <run_address>0x933d</run_address>
         <size>0x23</size>
         <input_file_ref idref="fl-3"/>
      </object_component>
      <object_component id="oc-249">
         <name>.text:buf_to_mask</name>
         <load_address>0x9360</load_address>
         <run_address>0x9360</run_address>
         <size>0x23</size>
         <input_file_ref idref="fl-2"/>
      </object_component>
      <object_component id="oc-185">
         <name>.text:process_phase_msg</name>
         <load_address>0x9383</load_address>
         <run_address>0x9383</run_address>
         <size>0x21</size>
         <input_file_ref idref="fl-2"/>
      </object_component>
      <object_component id="oc-3ea">
         <name>.text:ASysCtl_selectCMPHPMux</name>
         <load_address>0x93a4</load_address>
         <run_address>0x93a4</run_address>
         <size>0x20</size>
         <input_file_ref idref="fl-3"/>
      </object_component>
      <object_component id="oc-3f6">
         <name>.text:ASysCtl_selectCMPLPMux</name>
         <load_address>0x93c4</load_address>
         <run_address>0x93c4</run_address>
         <size>0x20</size>
         <input_file_ref idref="fl-3"/>
      </object_component>
      <object_component id="oc-4ed">
         <name>.text:SCI_isFIFOEnabled</name>
         <load_address>0x93e4</load_address>
         <run_address>0x93e4</run_address>
         <size>0x20</size>
         <input_file_ref idref="fl-11"/>
      </object_component>
      <object_component id="oc-388">
         <name>.text:SysCtl_selectXTALSingleEnded</name>
         <load_address>0x9404</load_address>
         <run_address>0x9404</run_address>
         <size>0x20</size>
         <input_file_ref idref="fl-12"/>
      </object_component>
      <object_component id="oc-3bb">
         <name>.text:DCC_setCounter0ClkSource</name>
         <load_address>0x9424</load_address>
         <run_address>0x9424</run_address>
         <size>0x1e</size>
         <input_file_ref idref="fl-12"/>
      </object_component>
      <object_component id="oc-3c1">
         <name>.text:DCC_setCounter1ClkSource</name>
         <load_address>0x9442</load_address>
         <run_address>0x9442</run_address>
         <size>0x1e</size>
         <input_file_ref idref="fl-12"/>
      </object_component>
      <object_component id="oc-35">
         <name>.text:Interrupt_initVectorTable</name>
         <load_address>0x9460</load_address>
         <run_address>0x9460</run_address>
         <size>0x1e</size>
         <input_file_ref idref="fl-10"/>
      </object_component>
      <object_component id="oc-35e">
         <name>.text:SCI_readCharBlockingFIFO</name>
         <load_address>0x947e</load_address>
         <run_address>0x947e</run_address>
         <size>0x1e</size>
         <input_file_ref idref="fl-2"/>
      </object_component>
      <object_component id="oc-414">
         <name>.text:CMPSS_setDACValueLow</name>
         <load_address>0x949c</load_address>
         <run_address>0x949c</run_address>
         <size>0x1d</size>
         <input_file_ref idref="fl-3"/>
      </object_component>
      <object_component id="oc-4c0">
         <name>.text:SCI_enableFIFO</name>
         <load_address>0x94b9</load_address>
         <run_address>0x94b9</run_address>
         <size>0x1d</size>
         <input_file_ref idref="fl-3"/>
      </object_component>
      <object_component id="oc-179">
         <name>.text:process_sw_msg</name>
         <load_address>0x94d6</load_address>
         <run_address>0x94d6</run_address>
         <size>0x1d</size>
         <input_file_ref idref="fl-2"/>
      </object_component>
      <object_component id="oc-4c">
         <name>.text</name>
         <load_address>0x94f3</load_address>
         <run_address>0x94f3</run_address>
         <size>0x1d</size>
         <input_file_ref idref="fl-2a"/>
      </object_component>
      <object_component id="oc-4d0">
         <name>.text:CMPSS_isBaseValid</name>
         <load_address>0x9510</load_address>
         <run_address>0x9510</run_address>
         <size>0x1b</size>
         <input_file_ref idref="fl-2"/>
      </object_component>
      <object_component id="oc-527">
         <name>.text:CMPSS_isBaseValid</name>
         <load_address>0x952b</load_address>
         <run_address>0x952b</run_address>
         <size>0x1b</size>
         <input_file_ref idref="fl-3"/>
      </object_component>
      <object_component id="oc-538">
         <name>.text:CMPSS_isBaseValid</name>
         <load_address>0x9546</load_address>
         <run_address>0x9546</run_address>
         <size>0x1b</size>
         <input_file_ref idref="fl-d"/>
      </object_component>
      <object_component id="oc-40e">
         <name>.text:CMPSS_setDACValueHigh</name>
         <load_address>0x9561</load_address>
         <run_address>0x9561</run_address>
         <size>0x1b</size>
         <input_file_ref idref="fl-3"/>
      </object_component>
      <object_component id="oc-221">
         <name>.text:CPUTimer_startTimer</name>
         <load_address>0x957c</load_address>
         <run_address>0x957c</run_address>
         <size>0x1a</size>
         <input_file_ref idref="fl-2"/>
      </object_component>
      <object_component id="oc-4f9">
         <name>.text:SCI_isSpaceAvailableNonFIFO</name>
         <load_address>0x9596</load_address>
         <run_address>0x9596</run_address>
         <size>0x1a</size>
         <input_file_ref idref="fl-11"/>
      </object_component>
      <object_component id="oc-1c3">
         <name>.text:SysCtl_getLowSpeedClock</name>
         <load_address>0x95b0</load_address>
         <run_address>0x95b0</run_address>
         <size>0x1a</size>
         <input_file_ref idref="fl-12"/>
      </object_component>
      <object_component id="oc-402">
         <name>.text:CMPSS_configLowComparator</name>
         <load_address>0x95ca</load_address>
         <run_address>0x95ca</run_address>
         <size>0x19</size>
         <input_file_ref idref="fl-3"/>
      </object_component>
      <object_component id="oc-56f">
         <name>.text:SCI_disableModule</name>
         <load_address>0x95e3</load_address>
         <run_address>0x95e3</run_address>
         <size>0x18</size>
         <input_file_ref idref="fl-11"/>
      </object_component>
      <object_component id="oc-4ba">
         <name>.text:SCI_performSoftwareReset</name>
         <load_address>0x95fb</load_address>
         <run_address>0x95fb</run_address>
         <size>0x18</size>
         <input_file_ref idref="fl-3"/>
      </object_component>
      <object_component id="oc-55e">
         <name>.text:SCI_performSoftwareReset</name>
         <load_address>0x9613</load_address>
         <run_address>0x9613</run_address>
         <size>0x18</size>
         <input_file_ref idref="fl-11"/>
      </object_component>
      <object_component id="oc-4a8">
         <name>.text:SCI_resetChannels</name>
         <load_address>0x962b</load_address>
         <run_address>0x962b</run_address>
         <size>0x18</size>
         <input_file_ref idref="fl-3"/>
      </object_component>
      <object_component id="oc-4a2">
         <name>.text:SCI_resetRxFIFO</name>
         <load_address>0x9643</load_address>
         <run_address>0x9643</run_address>
         <size>0x18</size>
         <input_file_ref idref="fl-3"/>
      </object_component>
      <object_component id="oc-49c">
         <name>.text:SCI_resetTxFIFO</name>
         <load_address>0x965b</load_address>
         <run_address>0x965b</run_address>
         <size>0x18</size>
         <input_file_ref idref="fl-3"/>
      </object_component>
      <object_component id="oc-242">
         <name>.text:mask_to_buf</name>
         <load_address>0x9673</load_address>
         <run_address>0x9673</run_address>
         <size>0x18</size>
         <input_file_ref idref="fl-2"/>
      </object_component>
      <object_component id="oc-161">
         <name>.text:strncmp</name>
         <load_address>0x968b</load_address>
         <run_address>0x968b</run_address>
         <size>0x18</size>
         <input_file_ref idref="fl-2"/>
      </object_component>
      <object_component id="oc-52f">
         <name>.text:CMPSS_isLiteBaseValid</name>
         <load_address>0x96a3</load_address>
         <run_address>0x96a3</run_address>
         <size>0x17</size>
         <input_file_ref idref="fl-3"/>
      </object_component>
      <object_component id="oc-356">
         <name>.text:CPUTimer_isBaseValid</name>
         <load_address>0x96ba</load_address>
         <run_address>0x96ba</run_address>
         <size>0x17</size>
         <input_file_ref idref="fl-2"/>
      </object_component>
      <object_component id="oc-552">
         <name>.text:CPUTimer_isBaseValid</name>
         <load_address>0x96d1</load_address>
         <run_address>0x96d1</run_address>
         <size>0x17</size>
         <input_file_ref idref="fl-3"/>
      </object_component>
      <object_component id="oc-549">
         <name>.text:CPUTimer_isBaseValid</name>
         <load_address>0x96e8</load_address>
         <run_address>0x96e8</run_address>
         <size>0x17</size>
         <input_file_ref idref="fl-e"/>
      </object_component>
      <object_component id="oc-459">
         <name>.text:CPUTimer_setPreScaler</name>
         <load_address>0x96ff</load_address>
         <run_address>0x96ff</run_address>
         <size>0x17</size>
         <input_file_ref idref="fl-3"/>
      </object_component>
      <object_component id="oc-4d8">
         <name>.text:SCI_isBaseValid</name>
         <load_address>0x9716</load_address>
         <run_address>0x9716</run_address>
         <size>0x17</size>
         <input_file_ref idref="fl-2"/>
      </object_component>
      <object_component id="oc-565">
         <name>.text:SCI_isBaseValid</name>
         <load_address>0x972d</load_address>
         <run_address>0x972d</run_address>
         <size>0x17</size>
         <input_file_ref idref="fl-3"/>
      </object_component>
      <object_component id="oc-4e6">
         <name>.text:SCI_isBaseValid</name>
         <load_address>0x9744</load_address>
         <run_address>0x9744</run_address>
         <size>0x17</size>
         <input_file_ref idref="fl-11"/>
      </object_component>
      <object_component id="oc-290">
         <name>.text:SysCtl_enablePeripheral</name>
         <load_address>0x975b</load_address>
         <run_address>0x975b</run_address>
         <size>0x17</size>
         <input_file_ref idref="fl-5"/>
      </object_component>
      <object_component id="oc-397">
         <name>.text:SysCtl_enablePeripheral</name>
         <load_address>0x9772</load_address>
         <run_address>0x9772</run_address>
         <size>0x17</size>
         <input_file_ref idref="fl-12"/>
      </object_component>
      <object_component id="oc-95">
         <name>.text</name>
         <load_address>0x9789</load_address>
         <run_address>0x9789</run_address>
         <size>0x17</size>
         <input_file_ref idref="fl-1e"/>
      </object_component>
      <object_component id="oc-3fc">
         <name>.text:CMPSS_configHighComparator</name>
         <load_address>0x97a0</load_address>
         <run_address>0x97a0</run_address>
         <size>0x16</size>
         <input_file_ref idref="fl-3"/>
      </object_component>
      <object_component id="oc-3b5">
         <name>.text:DCC_disableDoneSignal</name>
         <load_address>0x97b6</load_address>
         <run_address>0x97b6</run_address>
         <size>0x16</size>
         <input_file_ref idref="fl-12"/>
      </object_component>
      <object_component id="oc-31">
         <name>.text:Interrupt_defaultHandler</name>
         <load_address>0x97cc</load_address>
         <run_address>0x97cc</run_address>
         <size>0x16</size>
         <input_file_ref idref="fl-10"/>
      </object_component>
      <object_component id="oc-271">
         <name>.text:SysCtl_setIntOSC2_Mode</name>
         <load_address>0x97e2</load_address>
         <run_address>0x97e2</run_address>
         <size>0x16</size>
         <input_file_ref idref="fl-12"/>
      </object_component>
      <object_component id="oc-15a">
         <name>.text:read_msg</name>
         <load_address>0x97f8</load_address>
         <run_address>0x97f8</run_address>
         <size>0x16</size>
         <input_file_ref idref="fl-2"/>
      </object_component>
      <object_component id="oc-408">
         <name>.text:CMPSSLITE_configDAC</name>
         <load_address>0x980e</load_address>
         <run_address>0x980e</run_address>
         <size>0x15</size>
         <input_file_ref idref="fl-3"/>
      </object_component>
      <object_component id="oc-43e">
         <name>.text:CMPSS_disableBlanking</name>
         <load_address>0x9823</load_address>
         <run_address>0x9823</run_address>
         <size>0x15</size>
         <input_file_ref idref="fl-3"/>
      </object_component>
      <object_component id="oc-42c">
         <name>.text:CMPSS_disableLatchResetOnPWMSYNCHigh</name>
         <load_address>0x9838</load_address>
         <run_address>0x9838</run_address>
         <size>0x15</size>
         <input_file_ref idref="fl-3"/>
      </object_component>
      <object_component id="oc-432">
         <name>.text:CMPSS_disableLatchResetOnPWMSYNCLow</name>
         <load_address>0x984d</load_address>
         <run_address>0x984d</run_address>
         <size>0x15</size>
         <input_file_ref idref="fl-3"/>
      </object_component>
      <object_component id="oc-465">
         <name>.text:CPUTimer_enableInterrupt</name>
         <load_address>0x9862</load_address>
         <run_address>0x9862</run_address>
         <size>0x15</size>
         <input_file_ref idref="fl-3"/>
      </object_component>
      <object_component id="oc-3a3">
         <name>.text:DCC_clearDoneFlag</name>
         <load_address>0x9877</load_address>
         <run_address>0x9877</run_address>
         <size>0x15</size>
         <input_file_ref idref="fl-12"/>
      </object_component>
      <object_component id="oc-39d">
         <name>.text:DCC_clearErrorFlag</name>
         <load_address>0x988c</load_address>
         <run_address>0x988c</run_address>
         <size>0x15</size>
         <input_file_ref idref="fl-12"/>
      </object_component>
      <object_component id="oc-3af">
         <name>.text:DCC_disableErrorSignal</name>
         <load_address>0x98a1</load_address>
         <run_address>0x98a1</run_address>
         <size>0x15</size>
         <input_file_ref idref="fl-12"/>
      </object_component>
      <object_component id="oc-1e3">
         <name>.text:GPIO_unlockPortConfig</name>
         <load_address>0x98b6</load_address>
         <run_address>0x98b6</run_address>
         <size>0x15</size>
         <input_file_ref idref="fl-5"/>
      </object_component>
      <object_component id="oc-21b">
         <name>.text:CPUTimer_reloadTimerCounter</name>
         <load_address>0x98cb</load_address>
         <run_address>0x98cb</run_address>
         <size>0x14</size>
         <input_file_ref idref="fl-2"/>
      </object_component>
      <object_component id="oc-471">
         <name>.text:CPUTimer_reloadTimerCounter</name>
         <load_address>0x98df</load_address>
         <run_address>0x98df</run_address>
         <size>0x14</size>
         <input_file_ref idref="fl-3"/>
      </object_component>
      <object_component id="oc-46b">
         <name>.text:CPUTimer_stopTimer</name>
         <load_address>0x98f3</load_address>
         <run_address>0x98f3</run_address>
         <size>0x14</size>
         <input_file_ref idref="fl-3"/>
      </object_component>
      <object_component id="oc-3a9">
         <name>.text:DCC_disableModule</name>
         <load_address>0x9907</load_address>
         <run_address>0x9907</run_address>
         <size>0x14</size>
         <input_file_ref idref="fl-12"/>
      </object_component>
      <object_component id="oc-3d3">
         <name>.text:DCC_enableModule</name>
         <load_address>0x991b</load_address>
         <run_address>0x991b</run_address>
         <size>0x14</size>
         <input_file_ref idref="fl-12"/>
      </object_component>
      <object_component id="oc-374">
         <name>.text:GPIO_isPinValid</name>
         <load_address>0x992f</load_address>
         <run_address>0x992f</run_address>
         <size>0x14</size>
         <input_file_ref idref="fl-2"/>
      </object_component>
      <object_component id="oc-3e2">
         <name>.text:GPIO_isPinValid</name>
         <load_address>0x9943</load_address>
         <run_address>0x9943</run_address>
         <size>0x14</size>
         <input_file_ref idref="fl-f"/>
      </object_component>
      <object_component id="oc-4de">
         <name>.text:SCI_getRxFIFOStatus</name>
         <load_address>0x9957</load_address>
         <run_address>0x9957</run_address>
         <size>0x14</size>
         <input_file_ref idref="fl-2"/>
      </object_component>
      <object_component id="oc-4f3">
         <name>.text:SCI_getTxFIFOStatus</name>
         <load_address>0x996b</load_address>
         <run_address>0x996b</run_address>
         <size>0x14</size>
         <input_file_ref idref="fl-11"/>
      </object_component>
      <object_component id="oc-27d">
         <name>.text:SysCtl_setPLLSysClk</name>
         <load_address>0x997f</load_address>
         <run_address>0x997f</run_address>
         <size>0x14</size>
         <input_file_ref idref="fl-12"/>
      </object_component>
      <object_component id="oc-44a">
         <name>.text:CMPSS_enableModule</name>
         <load_address>0x9993</load_address>
         <run_address>0x9993</run_address>
         <size>0x13</size>
         <input_file_ref idref="fl-3"/>
      </object_component>
      <object_component id="oc-453">
         <name>.text:CPUTimer_setEmulationMode</name>
         <load_address>0x99a6</load_address>
         <run_address>0x99a6</run_address>
         <size>0x13</size>
         <input_file_ref idref="fl-e"/>
      </object_component>
      <object_component id="oc-496">
         <name>.text:SCI_clearOverflowStatus</name>
         <load_address>0x99b9</load_address>
         <run_address>0x99b9</run_address>
         <size>0x13</size>
         <input_file_ref idref="fl-3"/>
      </object_component>
      <object_component id="oc-4c6">
         <name>.text:SCI_enableModule</name>
         <load_address>0x99cc</load_address>
         <run_address>0x99cc</run_address>
         <size>0x13</size>
         <input_file_ref idref="fl-3"/>
      </object_component>
      <object_component id="oc-575">
         <name>.text:SCI_enableModule</name>
         <load_address>0x99df</load_address>
         <run_address>0x99df</run_address>
         <size>0x13</size>
         <input_file_ref idref="fl-11"/>
      </object_component>
      <object_component id="oc-215">
         <name>.text:get_comparator_value</name>
         <load_address>0x99f2</load_address>
         <run_address>0x99f2</run_address>
         <size>0x13</size>
         <input_file_ref idref="fl-2"/>
      </object_component>
      <object_component id="oc-229">
         <name>.text:read_char</name>
         <load_address>0x9a05</load_address>
         <run_address>0x9a05</run_address>
         <size>0x13</size>
         <input_file_ref idref="fl-2"/>
      </object_component>
      <object_component id="oc-20c">
         <name>.text:set_switch_state</name>
         <load_address>0x9a18</load_address>
         <run_address>0x9a18</run_address>
         <size>0x12</size>
         <input_file_ref idref="fl-2"/>
      </object_component>
      <object_component id="oc-45f">
         <name>.text:CPUTimer_setPeriod</name>
         <load_address>0x9a2a</load_address>
         <run_address>0x9a2a</run_address>
         <size>0x11</size>
         <input_file_ref idref="fl-3"/>
      </object_component>
      <object_component id="oc-4b4">
         <name>.text:SCI_disableLoopback</name>
         <load_address>0x9a3b</load_address>
         <run_address>0x9a3b</run_address>
         <size>0x11</size>
         <input_file_ref idref="fl-3"/>
      </object_component>
      <object_component id="oc-154">
         <name>.text:clear_buf</name>
         <load_address>0x9a4c</load_address>
         <run_address>0x9a4c</run_address>
         <size>0x11</size>
         <input_file_ref idref="fl-2"/>
      </object_component>
      <object_component id="oc-167">
         <name>.text:process_zcs_query_msg</name>
         <load_address>0x9a5d</load_address>
         <run_address>0x9a5d</run_address>
         <size>0x11</size>
         <input_file_ref idref="fl-2"/>
      </object_component>
      <object_component id="oc-34f">
         <name>.text:CMPSS_getStatus</name>
         <load_address>0x9a6e</load_address>
         <run_address>0x9a6e</run_address>
         <size>0x10</size>
         <input_file_ref idref="fl-2"/>
      </object_component>
      <object_component id="oc-512">
         <name>.text:DCC_isBaseValid</name>
         <load_address>0x9a7e</load_address>
         <run_address>0x9a7e</run_address>
         <size>0x10</size>
         <input_file_ref idref="fl-12"/>
      </object_component>
      <object_component id="oc-136">
         <name>.text:Device_initGPIO</name>
         <load_address>0x9a8e</load_address>
         <run_address>0x9a8e</run_address>
         <size>0x10</size>
         <input_file_ref idref="fl-5"/>
      </object_component>
      <object_component id="oc-364">
         <name>.text:SCI_getRxStatus</name>
         <load_address>0x9a9e</load_address>
         <run_address>0x9a9e</run_address>
         <size>0x10</size>
         <input_file_ref idref="fl-2"/>
      </object_component>
      <object_component id="oc-302">
         <name>.text:SWITCH10_init</name>
         <load_address>0x9aae</load_address>
         <run_address>0x9aae</run_address>
         <size>0x10</size>
         <input_file_ref idref="fl-3"/>
      </object_component>
      <object_component id="oc-308">
         <name>.text:SWITCH11_init</name>
         <load_address>0x9abe</load_address>
         <run_address>0x9abe</run_address>
         <size>0x10</size>
         <input_file_ref idref="fl-3"/>
      </object_component>
      <object_component id="oc-30e">
         <name>.text:SWITCH12_init</name>
         <load_address>0x9ace</load_address>
         <run_address>0x9ace</run_address>
         <size>0x10</size>
         <input_file_ref idref="fl-3"/>
      </object_component>
      <object_component id="oc-314">
         <name>.text:SWITCH13_init</name>
         <load_address>0x9ade</load_address>
         <run_address>0x9ade</run_address>
         <size>0x10</size>
         <input_file_ref idref="fl-3"/>
      </object_component>
      <object_component id="oc-31a">
         <name>.text:SWITCH14_init</name>
         <load_address>0x9aee</load_address>
         <run_address>0x9aee</run_address>
         <size>0x10</size>
         <input_file_ref idref="fl-3"/>
      </object_component>
      <object_component id="oc-320">
         <name>.text:SWITCH15_init</name>
         <load_address>0x9afe</load_address>
         <run_address>0x9afe</run_address>
         <size>0x10</size>
         <input_file_ref idref="fl-3"/>
      </object_component>
      <object_component id="oc-326">
         <name>.text:SWITCH16_init</name>
         <load_address>0x9b0e</load_address>
         <run_address>0x9b0e</run_address>
         <size>0x10</size>
         <input_file_ref idref="fl-3"/>
      </object_component>
      <object_component id="oc-32c">
         <name>.text:SWITCH17_init</name>
         <load_address>0x9b1e</load_address>
         <run_address>0x9b1e</run_address>
         <size>0x10</size>
         <input_file_ref idref="fl-3"/>
      </object_component>
      <object_component id="oc-332">
         <name>.text:SWITCH18_init</name>
         <load_address>0x9b2e</load_address>
         <run_address>0x9b2e</run_address>
         <size>0x10</size>
         <input_file_ref idref="fl-3"/>
      </object_component>
      <object_component id="oc-2cc">
         <name>.text:SWITCH1_init</name>
         <load_address>0x9b3e</load_address>
         <run_address>0x9b3e</run_address>
         <size>0x10</size>
         <input_file_ref idref="fl-3"/>
      </object_component>
      <object_component id="oc-2d2">
         <name>.text:SWITCH2_init</name>
         <load_address>0x9b4e</load_address>
         <run_address>0x9b4e</run_address>
         <size>0x10</size>
         <input_file_ref idref="fl-3"/>
      </object_component>
      <object_component id="oc-2d8">
         <name>.text:SWITCH3_init</name>
         <load_address>0x9b5e</load_address>
         <run_address>0x9b5e</run_address>
         <size>0x10</size>
         <input_file_ref idref="fl-3"/>
      </object_component>
      <object_component id="oc-2de">
         <name>.text:SWITCH4_init</name>
         <load_address>0x9b6e</load_address>
         <run_address>0x9b6e</run_address>
         <size>0x10</size>
         <input_file_ref idref="fl-3"/>
      </object_component>
      <object_component id="oc-2e4">
         <name>.text:SWITCH5_init</name>
         <load_address>0x9b7e</load_address>
         <run_address>0x9b7e</run_address>
         <size>0x10</size>
         <input_file_ref idref="fl-3"/>
      </object_component>
      <object_component id="oc-2ea">
         <name>.text:SWITCH6_init</name>
         <load_address>0x9b8e</load_address>
         <run_address>0x9b8e</run_address>
         <size>0x10</size>
         <input_file_ref idref="fl-3"/>
      </object_component>
      <object_component id="oc-2f0">
         <name>.text:SWITCH7_init</name>
         <load_address>0x9b9e</load_address>
         <run_address>0x9b9e</run_address>
         <size>0x10</size>
         <input_file_ref idref="fl-3"/>
      </object_component>
      <object_component id="oc-2f6">
         <name>.text:SWITCH8_init</name>
         <load_address>0x9bae</load_address>
         <run_address>0x9bae</run_address>
         <size>0x10</size>
         <input_file_ref idref="fl-3"/>
      </object_component>
      <object_component id="oc-2fc">
         <name>.text:SWITCH9_init</name>
         <load_address>0x9bbe</load_address>
         <run_address>0x9bbe</run_address>
         <size>0x10</size>
         <input_file_ref idref="fl-3"/>
      </object_component>
      <object_component id="oc-142">
         <name>.text:Board_init</name>
         <load_address>0x9bce</load_address>
         <run_address>0x9bce</run_address>
         <size>0xf</size>
         <input_file_ref idref="fl-3"/>
      </object_component>
      <object_component id="oc-71">
         <name>.text:Interrupt_register</name>
         <load_address>0x9bdd</load_address>
         <run_address>0x9bdd</run_address>
         <size>0xf</size>
         <input_file_ref idref="fl-3"/>
      </object_component>
      <object_component id="oc-2b">
         <name>.text:INTERRUPT_init</name>
         <load_address>0x9bec</load_address>
         <run_address>0x9bec</run_address>
         <size>0xd</size>
         <input_file_ref idref="fl-3"/>
      </object_component>
      <object_component id="oc-a2">
         <name>.text:Interrupt_disableGlobal</name>
         <load_address>0x9bf9</load_address>
         <run_address>0x9bf9</run_address>
         <size>0xd</size>
         <input_file_ref idref="fl-10"/>
      </object_component>
      <object_component id="oc-a8">
         <name>.text:Interrupt_enableGlobal</name>
         <load_address>0x9c06</load_address>
         <run_address>0x9c06</run_address>
         <size>0xd</size>
         <input_file_ref idref="fl-10"/>
      </object_component>
      <object_component id="oc-1b0">
         <name>.text:SysCtl_setLowSpeedClock</name>
         <load_address>0x9c13</load_address>
         <run_address>0x9c13</run_address>
         <size>0xd</size>
         <input_file_ref idref="fl-5"/>
      </object_component>
      <object_component id="oc-c4">
         <name>.text</name>
         <load_address>0x9c20</load_address>
         <run_address>0x9c20</run_address>
         <size>0xc</size>
         <input_file_ref idref="fl-27"/>
      </object_component>
      <object_component id="oc-264">
         <name>.text:SysCtl_isMCDClockFailureDetected</name>
         <load_address>0x9c2c</load_address>
         <run_address>0x9c2c</run_address>
         <size>0xb</size>
         <input_file_ref idref="fl-12"/>
      </object_component>
      <object_component id="oc-277">
         <name>.text:ASysCtl_getExtROscStatus</name>
         <load_address>0x9c37</load_address>
         <run_address>0x9c37</run_address>
         <size>0xa</size>
         <input_file_ref idref="fl-12"/>
      </object_component>
      <object_component id="oc-3d">
         <name>.text:Interrupt_illegalOperationHandler</name>
         <load_address>0x9c41</load_address>
         <run_address>0x9c41</run_address>
         <size>0xa</size>
         <input_file_ref idref="fl-10"/>
      </object_component>
      <object_component id="oc-43">
         <name>.text:Interrupt_nmiHandler</name>
         <load_address>0x9c4b</load_address>
         <run_address>0x9c4b</run_address>
         <size>0xa</size>
         <input_file_ref idref="fl-10"/>
      </object_component>
      <object_component id="oc-191">
         <name>.text</name>
         <load_address>0x9c55</load_address>
         <run_address>0x9c55</run_address>
         <size>0x9</size>
         <input_file_ref idref="fl-26"/>
      </object_component>
      <object_component id="oc-1a4">
         <name>.text:SysCtl_disableWatchdog</name>
         <load_address>0x9c5e</load_address>
         <run_address>0x9c5e</run_address>
         <size>0x8</size>
         <input_file_ref idref="fl-5"/>
      </object_component>
      <object_component id="oc-19">
         <name>.text:decompress:none</name>
         <load_address>0x9c66</load_address>
         <run_address>0x9c66</run_address>
         <size>0x8</size>
         <input_file_ref idref="fl-23"/>
      </object_component>
      <object_component id="oc-60">
         <name>.text</name>
         <load_address>0x9c6e</load_address>
         <run_address>0x9c6e</run_address>
         <size>0x8</size>
         <input_file_ref idref="fl-6"/>
      </object_component>
      <object_component id="oc-1d5">
         <name>.text:ASysCtl_lockVREG</name>
         <load_address>0x9c76</load_address>
         <run_address>0x9c76</run_address>
         <size>0x7</size>
         <input_file_ref idref="fl-5"/>
      </object_component>
      <object_component id="oc-1f1">
         <name>.text:CMPSSLITE_init</name>
         <load_address>0x9c7d</load_address>
         <run_address>0x9c7d</run_address>
         <size>0x7</size>
         <input_file_ref idref="fl-3"/>
      </object_component>
      <object_component id="oc-508">
         <name>.text:SysCtl_resetMCD</name>
         <load_address>0x9c84</load_address>
         <run_address>0x9c84</run_address>
         <size>0x7</size>
         <input_file_ref idref="fl-12"/>
      </object_component>
      <object_component id="oc-1bd">
         <name>.text:__error__</name>
         <load_address>0x9c8b</load_address>
         <run_address>0x9c8b</run_address>
         <size>0x7</size>
         <input_file_ref idref="fl-5"/>
      </object_component>
      <object_component id="oc-69">
         <name>.text:Interrupt_clearACKGroup</name>
         <load_address>0x9c92</load_address>
         <run_address>0x9c92</run_address>
         <size>0x6</size>
         <input_file_ref idref="fl-2"/>
      </object_component>
      <object_component id="oc-1c9">
         <name>.text:SysCtl_deviceCal</name>
         <load_address>0x9c98</load_address>
         <run_address>0x9c98</run_address>
         <size>0x4</size>
         <input_file_ref idref="fl-5"/>
      </object_component>
      <object_component id="oc-1f7">
         <name>.text:CPUTIMER_init</name>
         <load_address>0x9c9c</load_address>
         <run_address>0x9c9c</run_address>
         <size>0x3</size>
         <input_file_ref idref="fl-3"/>
      </object_component>
      <object_component id="oc-203">
         <name>.text:SCI_init</name>
         <load_address>0x9c9f</load_address>
         <run_address>0x9c9f</run_address>
         <size>0x3</size>
         <input_file_ref idref="fl-3"/>
      </object_component>
      <object_component id="oc-bd">
         <name>.text</name>
         <load_address>0x9ca2</load_address>
         <run_address>0x9ca2</run_address>
         <size>0x2</size>
         <input_file_ref idref="fl-20"/>
      </object_component>
      <object_component id="oc-11b">
         <name>.text</name>
         <load_address>0x9ca4</load_address>
         <run_address>0x9ca4</run_address>
         <size>0x1</size>
         <input_file_ref idref="fl-2b"/>
      </object_component>
      <object_component id="oc-5c4">
         <name>.cinit..data.load</name>
         <load_address>0x12c</load_address>
         <run_address>0x12c</run_address>
         <size>0x26</size>
      </object_component>
      <object_component id="oc-5c2">
         <name>__TI_handler_table</name>
         <load_address>0x152</load_address>
         <run_address>0x152</run_address>
         <size>0x4</size>
      </object_component>
      <object_component id="oc-5c3">
         <name>__TI_cinit_table</name>
         <load_address>0x156</load_address>
         <run_address>0x156</run_address>
         <size>0x4</size>
      </object_component>
      <object_component id="oc-49">
         <name>.stack</name>
         <uninitialized>true</uninitialized>
         <run_address>0x400</run_address>
         <size>0x0</size>
         <input_file_ref idref="fl-1e"/>
      </object_component>
      <object_component id="oc-5c5">
         <name>.stack</name>
         <uninitialized>true</uninitialized>
         <run_address>0x400</run_address>
         <size>0x0</size>
      </object_component>
      <object_component id="oc-160">
         <name>.const:.string</name>
         <load_address>0x8000</load_address>
         <run_address>0x8000</run_address>
         <size>0x15e</size>
         <input_file_ref idref="fl-2"/>
      </object_component>
      <object_component id="oc-523">
         <name>.const:.string</name>
         <load_address>0x815e</load_address>
         <run_address>0x815e</run_address>
         <size>0x14a</size>
         <input_file_ref idref="fl-3"/>
      </object_component>
      <object_component id="oc-298">
         <name>.const:.string</name>
         <load_address>0x82a8</load_address>
         <run_address>0x82a8</run_address>
         <size>0x7f</size>
         <input_file_ref idref="fl-f"/>
      </object_component>
      <object_component id="oc-263">
         <name>.const:.string</name>
         <load_address>0x8328</load_address>
         <run_address>0x8328</run_address>
         <size>0x7f</size>
         <input_file_ref idref="fl-12"/>
      </object_component>
      <object_component id="oc-4ec">
         <name>.const:.string</name>
         <load_address>0x83a8</load_address>
         <run_address>0x83a8</run_address>
         <size>0x7c</size>
         <input_file_ref idref="fl-11"/>
      </object_component>
      <object_component id="oc-54f">
         <name>.const:.string</name>
         <load_address>0x8424</load_address>
         <run_address>0x8424</run_address>
         <size>0x43</size>
         <input_file_ref idref="fl-e"/>
      </object_component>
      <object_component id="oc-53e">
         <name>.const:.string</name>
         <load_address>0x8468</load_address>
         <run_address>0x8468</run_address>
         <size>0x40</size>
         <input_file_ref idref="fl-d"/>
      </object_component>
      <object_component id="oc-250">
         <name>.const:.string:$P$T0$1</name>
         <load_address>0x84a8</load_address>
         <run_address>0x84a8</run_address>
         <size>0x20</size>
         <input_file_ref idref="fl-2"/>
      </object_component>
      <object_component id="oc-1bc">
         <name>.const:.string</name>
         <load_address>0x84c8</load_address>
         <run_address>0x84c8</run_address>
         <size>0x13</size>
         <input_file_ref idref="fl-5"/>
      </object_component>
      <object_component id="oc-66">
         <name>.data</name>
         <load_address>0x8500</load_address>
         <run_address>0x8500</run_address>
         <size>0x4</size>
         <input_file_ref idref="fl-2"/>
      </object_component>
      <object_component id="oc-212">
         <name>.data:phases</name>
         <load_address>0x84f4</load_address>
         <run_address>0x84f4</run_address>
         <size>0x6</size>
         <input_file_ref idref="fl-2"/>
      </object_component>
      <object_component id="oc-34c">
         <name>.data:comparator_num_mapping</name>
         <load_address>0x84ee</load_address>
         <run_address>0x84ee</run_address>
         <size>0x6</size>
         <input_file_ref idref="fl-2"/>
      </object_component>
      <object_component id="oc-239">
         <name>.data:switch_num_mapping</name>
         <load_address>0x84dc</load_address>
         <run_address>0x84dc</run_address>
         <size>0x12</size>
         <input_file_ref idref="fl-2"/>
      </object_component>
      <object_component id="oc-110">
         <name>.data</name>
         <load_address>0x84fa</load_address>
         <run_address>0x84fa</run_address>
         <size>0x6</size>
         <input_file_ref idref="fl-25"/>
      </object_component>
      <object_component id="oc-113">
         <name>.data:_lock</name>
         <load_address>0x8504</load_address>
         <run_address>0x8504</run_address>
         <size>0x2</size>
         <input_file_ref idref="fl-26"/>
      </object_component>
      <object_component id="oc-255">
         <name>.data:_unlock</name>
         <load_address>0x8506</load_address>
         <run_address>0x8506</run_address>
         <size>0x2</size>
         <input_file_ref idref="fl-26"/>
      </object_component>
      <object_component id="oc-70">
         <name>.debug_types</name>
         <load_address>0x0</load_address>
         <run_address>0x0</run_address>
         <size>0x7bb</size>
         <input_file_ref idref="fl-2"/>
      </object_component>
      <object_component id="oc-7e">
         <name>.debug_types</name>
         <load_address>0x7bb</load_address>
         <run_address>0x7bb</run_address>
         <size>0x507</size>
         <input_file_ref idref="fl-3"/>
      </object_component>
      <object_component id="oc-20b">
         <name>.debug_types</name>
         <load_address>0x0</load_address>
         <run_address>0x0</run_address>
         <size>0x0</size>
         <input_file_ref idref="fl-4"/>
      </object_component>
      <object_component id="oc-1e2">
         <name>.debug_types</name>
         <load_address>0xcc2</load_address>
         <run_address>0xcc2</run_address>
         <size>0x60c</size>
         <input_file_ref idref="fl-5"/>
      </object_component>
      <object_component id="oc-540">
         <name>.debug_types</name>
         <load_address>0x0</load_address>
         <run_address>0x0</run_address>
         <size>0x0</size>
         <input_file_ref idref="fl-d"/>
      </object_component>
      <object_component id="oc-551">
         <name>.debug_types</name>
         <load_address>0x0</load_address>
         <run_address>0x0</run_address>
         <size>0x0</size>
         <input_file_ref idref="fl-e"/>
      </object_component>
      <object_component id="oc-29a">
         <name>.debug_types</name>
         <load_address>0x12ce</load_address>
         <run_address>0x12ce</run_address>
         <size>0x24d</size>
         <input_file_ref idref="fl-f"/>
      </object_component>
      <object_component id="oc-80">
         <name>.debug_types</name>
         <load_address>0x0</load_address>
         <run_address>0x0</run_address>
         <size>0x0</size>
         <input_file_ref idref="fl-10"/>
      </object_component>
      <object_component id="oc-500">
         <name>.debug_types</name>
         <load_address>0x151b</load_address>
         <run_address>0x151b</run_address>
         <size>0x1fb</size>
         <input_file_ref idref="fl-11"/>
      </object_component>
      <object_component id="oc-28a">
         <name>.debug_types</name>
         <load_address>0x1716</load_address>
         <run_address>0x1716</run_address>
         <size>0xae1</size>
         <input_file_ref idref="fl-12"/>
      </object_component>
      <object_component id="oc-d7">
         <name>.debug_types</name>
         <load_address>0x0</load_address>
         <run_address>0x0</run_address>
         <size>0x0</size>
         <input_file_ref idref="fl-20"/>
      </object_component>
      <object_component id="oc-122">
         <name>.debug_types</name>
         <load_address>0x21f7</load_address>
         <run_address>0x21f7</run_address>
         <size>0x470</size>
         <input_file_ref idref="fl-21"/>
      </object_component>
      <object_component id="oc-53">
         <name>.debug_types</name>
         <load_address>0x2667</load_address>
         <run_address>0x2667</run_address>
         <size>0x1c8</size>
         <input_file_ref idref="fl-23"/>
      </object_component>
      <object_component id="oc-4b">
         <name>.debug_types</name>
         <load_address>0x282f</load_address>
         <run_address>0x282f</run_address>
         <size>0x191</size>
         <input_file_ref idref="fl-24"/>
      </object_component>
      <object_component id="oc-117">
         <name>.debug_types</name>
         <load_address>0x29c0</load_address>
         <run_address>0x29c0</run_address>
         <size>0xbf</size>
         <input_file_ref idref="fl-25"/>
      </object_component>
      <object_component id="oc-199">
         <name>.debug_types</name>
         <load_address>0x2a7f</load_address>
         <run_address>0x2a7f</run_address>
         <size>0x2f</size>
         <input_file_ref idref="fl-26"/>
      </object_component>
      <object_component id="oc-10f">
         <name>.debug_types</name>
         <load_address>0x2aae</load_address>
         <run_address>0x2aae</run_address>
         <size>0xe1</size>
         <input_file_ref idref="fl-27"/>
      </object_component>
      <object_component id="oc-88">
         <name>.debug_types</name>
         <load_address>0x2b8f</load_address>
         <run_address>0x2b8f</run_address>
         <size>0xe3</size>
         <input_file_ref idref="fl-2a"/>
      </object_component>
      <object_component id="oc-19e">
         <name>.debug_types</name>
         <load_address>0x0</load_address>
         <run_address>0x0</run_address>
         <size>0x0</size>
         <input_file_ref idref="fl-2b"/>
      </object_component>
      <object_component id="oc-67">
         <name>.debug_info</name>
         <load_address>0x0</load_address>
         <run_address>0x0</run_address>
         <size>0x128</size>
         <input_file_ref idref="fl-2"/>
      </object_component>
      <object_component id="oc-213">
         <name>.debug_info</name>
         <load_address>0x128</load_address>
         <run_address>0x128</run_address>
         <size>0xe6</size>
         <input_file_ref idref="fl-2"/>
      </object_component>
      <object_component id="oc-34d">
         <name>.debug_info</name>
         <load_address>0x20e</load_address>
         <run_address>0x20e</run_address>
         <size>0x106</size>
         <input_file_ref idref="fl-2"/>
      </object_component>
      <object_component id="oc-23a">
         <name>.debug_info</name>
         <load_address>0x314</load_address>
         <run_address>0x314</run_address>
         <size>0xfe</size>
         <input_file_ref idref="fl-2"/>
      </object_component>
      <object_component id="oc-251">
         <name>.debug_info</name>
         <load_address>0x412</load_address>
         <run_address>0x412</run_address>
         <size>0xe9</size>
         <input_file_ref idref="fl-2"/>
      </object_component>
      <object_component id="oc-6b">
         <name>.debug_info</name>
         <load_address>0x4fb</load_address>
         <run_address>0x4fb</run_address>
         <size>0x180</size>
         <input_file_ref idref="fl-2"/>
      </object_component>
      <object_component id="oc-4d2">
         <name>.debug_info</name>
         <load_address>0x67b</load_address>
         <run_address>0x67b</run_address>
         <size>0x174</size>
         <input_file_ref idref="fl-2"/>
      </object_component>
      <object_component id="oc-351">
         <name>.debug_info</name>
         <load_address>0x7ef</load_address>
         <run_address>0x7ef</run_address>
         <size>0x198</size>
         <input_file_ref idref="fl-2"/>
      </object_component>
      <object_component id="oc-358">
         <name>.debug_info</name>
         <load_address>0x987</load_address>
         <run_address>0x987</run_address>
         <size>0x17d</size>
         <input_file_ref idref="fl-2"/>
      </object_component>
      <object_component id="oc-21c">
         <name>.debug_info</name>
         <load_address>0xb04</load_address>
         <run_address>0xb04</run_address>
         <size>0x1c1</size>
         <input_file_ref idref="fl-2"/>
      </object_component>
      <object_component id="oc-222">
         <name>.debug_info</name>
         <load_address>0xcc5</load_address>
         <run_address>0xcc5</run_address>
         <size>0x1b3</size>
         <input_file_ref idref="fl-2"/>
      </object_component>
      <object_component id="oc-376">
         <name>.debug_info</name>
         <load_address>0xe78</load_address>
         <run_address>0xe78</run_address>
         <size>0x16d</size>
         <input_file_ref idref="fl-2"/>
      </object_component>
      <object_component id="oc-23e">
         <name>.debug_info</name>
         <load_address>0xfe5</load_address>
         <run_address>0xfe5</run_address>
         <size>0x1a5</size>
         <input_file_ref idref="fl-2"/>
      </object_component>
      <object_component id="oc-345">
         <name>.debug_info</name>
         <load_address>0x118a</load_address>
         <run_address>0x118a</run_address>
         <size>0x1c6</size>
         <input_file_ref idref="fl-2"/>
      </object_component>
      <object_component id="oc-4d9">
         <name>.debug_info</name>
         <load_address>0x1350</load_address>
         <run_address>0x1350</run_address>
         <size>0x16e</size>
         <input_file_ref idref="fl-2"/>
      </object_component>
      <object_component id="oc-4e0">
         <name>.debug_info</name>
         <load_address>0x14be</load_address>
         <run_address>0x14be</run_address>
         <size>0x19c</size>
         <input_file_ref idref="fl-2"/>
      </object_component>
      <object_component id="oc-366">
         <name>.debug_info</name>
         <load_address>0x165a</load_address>
         <run_address>0x165a</run_address>
         <size>0x194</size>
         <input_file_ref idref="fl-2"/>
      </object_component>
      <object_component id="oc-35f">
         <name>.debug_info</name>
         <load_address>0x17ee</load_address>
         <run_address>0x17ee</run_address>
         <size>0x1d4</size>
         <input_file_ref idref="fl-2"/>
      </object_component>
      <object_component id="oc-163">
         <name>.debug_info</name>
         <load_address>0x19c2</load_address>
         <run_address>0x19c2</run_address>
         <size>0x16a</size>
         <input_file_ref idref="fl-2"/>
      </object_component>
      <object_component id="oc-156">
         <name>.debug_info</name>
         <load_address>0x1b2c</load_address>
         <run_address>0x1b2c</run_address>
         <size>0x15d</size>
         <input_file_ref idref="fl-2"/>
      </object_component>
      <object_component id="oc-24b">
         <name>.debug_info</name>
         <load_address>0x1c89</load_address>
         <run_address>0x1c89</run_address>
         <size>0x14d</size>
         <input_file_ref idref="fl-2"/>
      </object_component>
      <object_component id="oc-244">
         <name>.debug_info</name>
         <load_address>0x1dd6</load_address>
         <run_address>0x1dd6</run_address>
         <size>0x155</size>
         <input_file_ref idref="fl-2"/>
      </object_component>
      <object_component id="oc-216">
         <name>.debug_info</name>
         <load_address>0x1f2b</load_address>
         <run_address>0x1f2b</run_address>
         <size>0x17f</size>
         <input_file_ref idref="fl-2"/>
      </object_component>
      <object_component id="oc-27">
         <name>.debug_info</name>
         <load_address>0x20aa</load_address>
         <run_address>0x20aa</run_address>
         <size>0x13e</size>
         <input_file_ref idref="fl-2"/>
      </object_component>
      <object_component id="oc-20e">
         <name>.debug_info</name>
         <load_address>0x21e8</load_address>
         <run_address>0x21e8</run_address>
         <size>0x192</size>
         <input_file_ref idref="fl-2"/>
      </object_component>
      <object_component id="oc-14f">
         <name>.debug_info</name>
         <load_address>0x237a</load_address>
         <run_address>0x237a</run_address>
         <size>0x26e</size>
         <input_file_ref idref="fl-2"/>
      </object_component>
      <object_component id="oc-22a">
         <name>.debug_info</name>
         <load_address>0x25e8</load_address>
         <run_address>0x25e8</run_address>
         <size>0x17b</size>
         <input_file_ref idref="fl-2"/>
      </object_component>
      <object_component id="oc-15b">
         <name>.debug_info</name>
         <load_address>0x2763</load_address>
         <run_address>0x2763</run_address>
         <size>0x16e</size>
         <input_file_ref idref="fl-2"/>
      </object_component>
      <object_component id="oc-232">
         <name>.debug_info</name>
         <load_address>0x28d1</load_address>
         <run_address>0x28d1</run_address>
         <size>0x185</size>
         <input_file_ref idref="fl-2"/>
      </object_component>
      <object_component id="oc-16e">
         <name>.debug_info</name>
         <load_address>0x2a56</load_address>
         <run_address>0x2a56</run_address>
         <size>0x183</size>
         <input_file_ref idref="fl-2"/>
      </object_component>
      <object_component id="oc-17a">
         <name>.debug_info</name>
         <load_address>0x2bd9</load_address>
         <run_address>0x2bd9</run_address>
         <size>0x1aa</size>
         <input_file_ref idref="fl-2"/>
      </object_component>
      <object_component id="oc-186">
         <name>.debug_info</name>
         <load_address>0x2d83</load_address>
         <run_address>0x2d83</run_address>
         <size>0x184</size>
         <input_file_ref idref="fl-2"/>
      </object_component>
      <object_component id="oc-168">
         <name>.debug_info</name>
         <load_address>0x2f07</load_address>
         <run_address>0x2f07</run_address>
         <size>0x149</size>
         <input_file_ref idref="fl-2"/>
      </object_component>
      <object_component id="oc-174">
         <name>.debug_info</name>
         <load_address>0x3050</load_address>
         <run_address>0x3050</run_address>
         <size>0x195</size>
         <input_file_ref idref="fl-2"/>
      </object_component>
      <object_component id="oc-180">
         <name>.debug_info</name>
         <load_address>0x31e5</load_address>
         <run_address>0x31e5</run_address>
         <size>0x1a8</size>
         <input_file_ref idref="fl-2"/>
      </object_component>
      <object_component id="oc-109">
         <name>.debug_info</name>
         <load_address>0x338d</load_address>
         <run_address>0x338d</run_address>
         <size>0x2b4</size>
         <input_file_ref idref="fl-2"/>
      </object_component>
      <object_component id="oc-3f1">
         <name>.debug_info</name>
         <load_address>0x3641</load_address>
         <run_address>0x3641</run_address>
         <size>0x1c2</size>
         <input_file_ref idref="fl-3"/>
      </object_component>
      <object_component id="oc-3eb">
         <name>.debug_info</name>
         <load_address>0x3803</load_address>
         <run_address>0x3803</run_address>
         <size>0x1a9</size>
         <input_file_ref idref="fl-3"/>
      </object_component>
      <object_component id="oc-3f7">
         <name>.debug_info</name>
         <load_address>0x39ac</load_address>
         <run_address>0x39ac</run_address>
         <size>0x1a9</size>
         <input_file_ref idref="fl-3"/>
      </object_component>
      <object_component id="oc-72">
         <name>.debug_info</name>
         <load_address>0x3b55</load_address>
         <run_address>0x3b55</run_address>
         <size>0x1bd</size>
         <input_file_ref idref="fl-3"/>
      </object_component>
      <object_component id="oc-528">
         <name>.debug_info</name>
         <load_address>0x3d12</load_address>
         <run_address>0x3d12</run_address>
         <size>0x16d</size>
         <input_file_ref idref="fl-3"/>
      </object_component>
      <object_component id="oc-530">
         <name>.debug_info</name>
         <load_address>0x3e7f</load_address>
         <run_address>0x3e7f</run_address>
         <size>0x175</size>
         <input_file_ref idref="fl-3"/>
      </object_component>
      <object_component id="oc-44b">
         <name>.debug_info</name>
         <load_address>0x3ff4</load_address>
         <run_address>0x3ff4</run_address>
         <size>0x18f</size>
         <input_file_ref idref="fl-3"/>
      </object_component>
      <object_component id="oc-3fd">
         <name>.debug_info</name>
         <load_address>0x4183</load_address>
         <run_address>0x4183</run_address>
         <size>0x1c4</size>
         <input_file_ref idref="fl-3"/>
      </object_component>
      <object_component id="oc-403">
         <name>.debug_info</name>
         <load_address>0x4347</load_address>
         <run_address>0x4347</run_address>
         <size>0x1c2</size>
         <input_file_ref idref="fl-3"/>
      </object_component>
      <object_component id="oc-40f">
         <name>.debug_info</name>
         <load_address>0x4509</load_address>
         <run_address>0x4509</run_address>
         <size>0x1c7</size>
         <input_file_ref idref="fl-3"/>
      </object_component>
      <object_component id="oc-415">
         <name>.debug_info</name>
         <load_address>0x46d0</load_address>
         <run_address>0x46d0</run_address>
         <size>0x1c5</size>
         <input_file_ref idref="fl-3"/>
      </object_component>
      <object_component id="oc-427">
         <name>.debug_info</name>
         <load_address>0x4895</load_address>
         <run_address>0x4895</run_address>
         <size>0x1d2</size>
         <input_file_ref idref="fl-3"/>
      </object_component>
      <object_component id="oc-42d">
         <name>.debug_info</name>
         <load_address>0x4a67</load_address>
         <run_address>0x4a67</run_address>
         <size>0x1b3</size>
         <input_file_ref idref="fl-3"/>
      </object_component>
      <object_component id="oc-433">
         <name>.debug_info</name>
         <load_address>0x4c1a</load_address>
         <run_address>0x4c1a</run_address>
         <size>0x1b1</size>
         <input_file_ref idref="fl-3"/>
      </object_component>
      <object_component id="oc-439">
         <name>.debug_info</name>
         <load_address>0x4dcb</load_address>
         <run_address>0x4dcb</run_address>
         <size>0x1d1</size>
         <input_file_ref idref="fl-3"/>
      </object_component>
      <object_component id="oc-43f">
         <name>.debug_info</name>
         <load_address>0x4f9c</load_address>
         <run_address>0x4f9c</run_address>
         <size>0x195</size>
         <input_file_ref idref="fl-3"/>
      </object_component>
      <object_component id="oc-409">
         <name>.debug_info</name>
         <load_address>0x5131</load_address>
         <run_address>0x5131</run_address>
         <size>0x1bd</size>
         <input_file_ref idref="fl-3"/>
      </object_component>
      <object_component id="oc-553">
         <name>.debug_info</name>
         <load_address>0x52ee</load_address>
         <run_address>0x52ee</run_address>
         <size>0x176</size>
         <input_file_ref idref="fl-3"/>
      </object_component>
      <object_component id="oc-466">
         <name>.debug_info</name>
         <load_address>0x5464</load_address>
         <run_address>0x5464</run_address>
         <size>0x1b4</size>
         <input_file_ref idref="fl-3"/>
      </object_component>
      <object_component id="oc-472">
         <name>.debug_info</name>
         <load_address>0x5618</load_address>
         <run_address>0x5618</run_address>
         <size>0x1ba</size>
         <input_file_ref idref="fl-3"/>
      </object_component>
      <object_component id="oc-46c">
         <name>.debug_info</name>
         <load_address>0x57d2</load_address>
         <run_address>0x57d2</run_address>
         <size>0x1a9</size>
         <input_file_ref idref="fl-3"/>
      </object_component>
      <object_component id="oc-460">
         <name>.debug_info</name>
         <load_address>0x597b</load_address>
         <run_address>0x597b</run_address>
         <size>0x1ad</size>
         <input_file_ref idref="fl-3"/>
      </object_component>
      <object_component id="oc-45a">
         <name>.debug_info</name>
         <load_address>0x5b28</load_address>
         <run_address>0x5b28</run_address>
         <size>0x1c6</size>
         <input_file_ref idref="fl-3"/>
      </object_component>
      <object_component id="oc-566">
         <name>.debug_info</name>
         <load_address>0x5cee</load_address>
         <run_address>0x5cee</run_address>
         <size>0x167</size>
         <input_file_ref idref="fl-3"/>
      </object_component>
      <object_component id="oc-4c7">
         <name>.debug_info</name>
         <load_address>0x5e55</load_address>
         <run_address>0x5e55</run_address>
         <size>0x187</size>
         <input_file_ref idref="fl-3"/>
      </object_component>
      <object_component id="oc-4c1">
         <name>.debug_info</name>
         <load_address>0x5fdc</load_address>
         <run_address>0x5fdc</run_address>
         <size>0x183</size>
         <input_file_ref idref="fl-3"/>
      </object_component>
      <object_component id="oc-4a3">
         <name>.debug_info</name>
         <load_address>0x615f</load_address>
         <run_address>0x615f</run_address>
         <size>0x185</size>
         <input_file_ref idref="fl-3"/>
      </object_component>
      <object_component id="oc-49d">
         <name>.debug_info</name>
         <load_address>0x62e4</load_address>
         <run_address>0x62e4</run_address>
         <size>0x185</size>
         <input_file_ref idref="fl-3"/>
      </object_component>
      <object_component id="oc-4a9">
         <name>.debug_info</name>
         <load_address>0x6469</load_address>
         <run_address>0x6469</run_address>
         <size>0x189</size>
         <input_file_ref idref="fl-3"/>
      </object_component>
      <object_component id="oc-4bb">
         <name>.debug_info</name>
         <load_address>0x65f2</load_address>
         <run_address>0x65f2</run_address>
         <size>0x197</size>
         <input_file_ref idref="fl-3"/>
      </object_component>
      <object_component id="oc-4b5">
         <name>.debug_info</name>
         <load_address>0x6789</load_address>
         <run_address>0x6789</run_address>
         <size>0x18d</size>
         <input_file_ref idref="fl-3"/>
      </object_component>
      <object_component id="oc-497">
         <name>.debug_info</name>
         <load_address>0x6916</load_address>
         <run_address>0x6916</run_address>
         <size>0x195</size>
         <input_file_ref idref="fl-3"/>
      </object_component>
      <object_component id="oc-143">
         <name>.debug_info</name>
         <load_address>0x6aab</load_address>
         <run_address>0x6aab</run_address>
         <size>0x16e</size>
         <input_file_ref idref="fl-3"/>
      </object_component>
      <object_component id="oc-1ec">
         <name>.debug_info</name>
         <load_address>0x6c19</load_address>
         <run_address>0x6c19</run_address>
         <size>0x501</size>
         <input_file_ref idref="fl-3"/>
      </object_component>
      <object_component id="oc-1f2">
         <name>.debug_info</name>
         <load_address>0x711a</load_address>
         <run_address>0x711a</run_address>
         <size>0x158</size>
         <input_file_ref idref="fl-3"/>
[...]
         <attributes>RWIX</attributes>
         <usage_details>
         </usage_details>
      </memory_area>
      <memory_area display="yes" color="green">
         <name>FLASH_BANK0_SEC_120_127</name>
         <page_id>0x0</page_id>
         <origin>0x9e000</origin>
         <length>0x1ff0</length>
         <used_space>0x0</used_space>
         <unused_space>0x1ff0</unused_space>
         <attributes>RWIX</attributes>
         <usage_details>
         </usage_details>
      </memory_area>
      <memory_area display="no" color="green">
         <name>RESET</name>
         <page_id>0x0</page_id>
         <origin>0x3fffc0</origin>
         <length>0x2</length>
         <used_space>0x0</used_space>
         <unused_space>0x2</unused_space>
         <attributes>RWIX</attributes>
         <usage_details>
         </usage_details>
      </memory_area>
   </placement_map>
   <cptbl_list>
      <cptbl>
         <name>__TI_cinit_table</name>
         <cprec>
            <name>.data</name>
            <load_address>0x12c</load_address>
            <load_size>0x26</load_size>
            <run_address>0x84dc</run_address>
            <run_size>0x2c</run_size>
            <compression>lzss</compression>
         </cprec>
      </cptbl>
   </cptbl_list>
   <handler_table>
      <handler_table_name>__TI_handler_table</handler_table_name>
      <handler>
         <index>0x0</index>
         <name>__TI_decompress_lzss</name>
      </handler>
      <handler>
         <index>0x1</index>
         <name>__TI_decompress_none</name>
      </handler>
   </handler_table>
   <symbol_table>
      <symbol id="sm-1">
         <name>__TI_CINIT_Base</name>
         <value>0x156</value>
      </symbol>
      <symbol id="sm-2">
         <name>__TI_CINIT_Limit</name>
         <value>0x15a</value>
      </symbol>
      <symbol id="sm-3">
         <name>__TI_CINIT_Warm</name>
         <value>0x15a</value>
      </symbol>
      <symbol id="sm-4">
         <name>__TI_Handler_Table_Base</name>
         <value>0x152</value>
      </symbol>
      <symbol id="sm-5">
         <name>__TI_Handler_Table_Limit</name>
         <value>0x156</value>
      </symbol>
      <symbol id="sm-6">
         <name>__TI_STACK_SIZE</name>
         <value>0x200</value>
      </symbol>
      <symbol id="sm-7">
         <name>__TI_STACK_END</name>
         <value>0x600</value>
      </symbol>
      <symbol id="sm-8">
         <name>__TI_pprof_out_hndl</name>
         <value>0xffffffff</value>
      </symbol>
      <symbol id="sm-9">
         <name>__TI_prof_data_start</name>
         <value>0xffffffff</value>
      </symbol>
      <symbol id="sm-a">
         <name>__TI_prof_data_size</name>
         <value>0xffffffff</value>
      </symbol>
      <symbol id="sm-17a">
         <name>process_sw_msg</name>
         <value>0x94d6</value>
         <object_component_ref idref="oc-179"/>
      </symbol>
      <symbol id="sm-17b">
         <name>write_msg</name>
         <value>0x9286</value>
         <object_component_ref idref="oc-231"/>
      </symbol>
      <symbol id="sm-17c">
         <name>process_sw_query_msg</name>
         <value>0x9160</value>
         <object_component_ref idref="oc-173"/>
      </symbol>
      <symbol id="sm-17d">
         <name>INT_TIMER_10S_ISR</name>
         <value>0x909d</value>
         <object_component_ref idref="oc-25"/>
      </symbol>
      <symbol id="sm-17e">
         <name>set_switch_state</name>
         <value>0x9a18</value>
         <object_component_ref idref="oc-20c"/>
      </symbol>
      <symbol id="sm-17f">
         <name>read_char</name>
         <value>0x9a05</value>
         <object_component_ref idref="oc-229"/>
      </symbol>
      <symbol id="sm-180">
         <name>process_phase_query_msg</name>
         <value>0x8c77</value>
         <object_component_ref idref="oc-17f"/>
      </symbol>
      <symbol id="sm-181">
         <name>state</name>
         <value>0x8502</value>
         <object_component_ref idref="oc-66"/>
      </symbol>
      <symbol id="sm-182">
         <name>zcs</name>
         <value>0x8500</value>
         <object_component_ref idref="oc-66"/>
      </symbol>
      <symbol id="sm-183">
         <name>switch_num_mapping</name>
         <value>0x84dc</value>
         <object_component_ref idref="oc-239"/>
      </symbol>
      <symbol id="sm-184">
         <name>timer_fired</name>
         <value>0x8501</value>
         <object_component_ref idref="oc-66"/>
      </symbol>
      <symbol id="sm-185">
         <name>strncmp</name>
         <value>0x968b</value>
         <object_component_ref idref="oc-161"/>
      </symbol>
      <symbol id="sm-186">
         <name>main</name>
         <value>0x89a8</value>
         <object_component_ref idref="oc-108"/>
      </symbol>
      <symbol id="sm-187">
         <name>process_zcs_msg</name>
         <value>0x9130</value>
         <object_component_ref idref="oc-16d"/>
      </symbol>
      <symbol id="sm-188">
         <name>process_zcs_query_msg</name>
         <value>0x9a5d</value>
         <object_component_ref idref="oc-167"/>
      </symbol>
      <symbol id="sm-189">
         <name>process_phase_msg</name>
         <value>0x9383</value>
         <object_component_ref idref="oc-185"/>
      </symbol>
      <symbol id="sm-18a">
         <name>phases</name>
         <value>0x84f4</value>
         <object_component_ref idref="oc-212"/>
      </symbol>
      <symbol id="sm-18b">
         <name>clear_buf</name>
         <value>0x9a4c</value>
         <object_component_ref idref="oc-154"/>
      </symbol>
      <symbol id="sm-18c">
         <name>set_all_switches</name>
         <value>0x8930</value>
         <object_component_ref idref="oc-14e"/>
      </symbol>
      <symbol id="sm-18d">
         <name>read_msg</name>
         <value>0x97f8</value>
         <object_component_ref idref="oc-15a"/>
      </symbol>
      <symbol id="sm-18e">
         <name>mask_to_buf</name>
         <value>0x9673</value>
         <object_component_ref idref="oc-242"/>
      </symbol>
      <symbol id="sm-18f">
         <name>comparator_num_mapping</name>
         <value>0x84ee</value>
         <object_component_ref idref="oc-34c"/>
      </symbol>
      <symbol id="sm-190">
         <name>buf_to_mask</name>
         <value>0x9360</value>
         <object_component_ref idref="oc-249"/>
      </symbol>
      <symbol id="sm-191">
         <name>get_comparator_value</name>
         <value>0x99f2</value>
         <object_component_ref idref="oc-215"/>
      </symbol>
      <symbol id="sm-39b">
         <name>INTERRUPT_init</name>
         <value>0x9bec</value>
         <object_component_ref idref="oc-2b"/>
      </symbol>
      <symbol id="sm-39c">
         <name>SWITCH9_init</name>
         <value>0x9bbe</value>
         <object_component_ref idref="oc-2fc"/>
      </symbol>
      <symbol id="sm-39d">
         <name>SWITCH8_init</name>
         <value>0x9bae</value>
         <object_component_ref idref="oc-2f6"/>
      </symbol>
      <symbol id="sm-39e">
         <name>SWITCH5_init</name>
         <value>0x9b7e</value>
         <object_component_ref idref="oc-2e4"/>
      </symbol>
      <symbol id="sm-39f">
         <name>SWITCH4_init</name>
         <value>0x9b6e</value>
         <object_component_ref idref="oc-2de"/>
      </symbol>
      <symbol id="sm-3a0">
         <name>SWITCH7_init</name>
         <value>0x9b9e</value>
         <object_component_ref idref="oc-2f0"/>
      </symbol>
      <symbol id="sm-3a1">
         <name>SWITCH6_init</name>
         <value>0x9b8e</value>
         <object_component_ref idref="oc-2ea"/>
      </symbol>
      <symbol id="sm-3a2">
         <name>SWITCH1_init</name>
         <value>0x9b3e</value>
         <object_component_ref idref="oc-2cc"/>
      </symbol>
      <symbol id="sm-3a3">
         <name>SWITCH3_init</name>
         <value>0x9b5e</value>
         <object_component_ref idref="oc-2d8"/>
      </symbol>
      <symbol id="sm-3a4">
         <name>SWITCH2_init</name>
         <value>0x9b4e</value>
         <object_component_ref idref="oc-2d2"/>
      </symbol>
      <symbol id="sm-3a5">
         <name>PinMux_init</name>
         <value>0x8730</value>
         <object_component_ref idref="oc-1eb"/>
      </symbol>
      <symbol id="sm-3a6">
         <name>SCI_init</name>
         <value>0x9c9f</value>
         <object_component_ref idref="oc-203"/>
      </symbol>
      <symbol id="sm-3a7">
         <name>Board_init</name>
         <value>0x9bce</value>
         <object_component_ref idref="oc-142"/>
      </symbol>
      <symbol id="sm-3a8">
         <name>CMPSSLITE_init</name>
         <value>0x9c7d</value>
         <object_component_ref idref="oc-1f1"/>
      </symbol>
      <symbol id="sm-3a9">
         <name>GPIO_init</name>
         <value>0x92d1</value>
         <object_component_ref idref="oc-1fd"/>
      </symbol>
      <symbol id="sm-3aa">
         <name>CURRENT_SENSE1_init</name>
         <value>0x8b63</value>
         <object_component_ref idref="oc-2b2"/>
      </symbol>
      <symbol id="sm-3ab">
         <name>CURRENT_SENSE3_init</name>
         <value>0x8c1b</value>
         <object_component_ref idref="oc-2be"/>
      </symbol>
      <symbol id="sm-3ac">
         <name>CURRENT_SENSE2_init</name>
         <value>0x8bbf</value>
         <object_component_ref idref="oc-2b8"/>
      </symbol>
      <symbol id="sm-3ad">
         <name>TIMER_10S_init</name>
         <value>0x933d</value>
         <object_component_ref idref="oc-2c5"/>
      </symbol>
      <symbol id="sm-3ae">
         <name>SWITCH18_init</name>
         <value>0x9b2e</value>
         <object_component_ref idref="oc-332"/>
      </symbol>
      <symbol id="sm-3af">
         <name>SWITCH14_init</name>
         <value>0x9aee</value>
         <object_component_ref idref="oc-31a"/>
      </symbol>
      <symbol id="sm-3b0">
         <name>SWITCH15_init</name>
         <value>0x9afe</value>
         <object_component_ref idref="oc-320"/>
      </symbol>
      <symbol id="sm-3b1">
         <name>SWITCH16_init</name>
         <value>0x9b0e</value>
         <object_component_ref idref="oc-326"/>
      </symbol>
      <symbol id="sm-3b2">
         <name>SWITCH17_init</name>
         <value>0x9b1e</value>
         <object_component_ref idref="oc-32c"/>
      </symbol>
      <symbol id="sm-3b3">
         <name>SWITCH10_init</name>
         <value>0x9aae</value>
         <object_component_ref idref="oc-302"/>
      </symbol>
      <symbol id="sm-3b4">
         <name>SWITCH11_init</name>
         <value>0x9abe</value>
         <object_component_ref idref="oc-308"/>
      </symbol>
      <symbol id="sm-3b5">
         <name>SWITCH12_init</name>
         <value>0x9ace</value>
         <object_component_ref idref="oc-30e"/>
      </symbol>
      <symbol id="sm-3b6">
         <name>SWITCH13_init</name>
         <value>0x9ade</value>
         <object_component_ref idref="oc-314"/>
      </symbol>
      <symbol id="sm-3b7">
         <name>UART_init</name>
         <value>0x9066</value>
         <object_component_ref idref="oc-339"/>
      </symbol>
      <symbol id="sm-3b8">
         <name>CPUTIMER_init</name>
         <value>0x9c9c</value>
         <object_component_ref idref="oc-1f7"/>
      </symbol>
      <symbol id="sm-3c5">
         <name>C2000Ware_libraries_init</name>
         <value>0x84db</value>
         <object_component_ref idref="oc-148"/>
      </symbol>
      <symbol id="sm-41b">
         <name>Device_enableAllPeripherals</name>
         <value>0x8a90</value>
         <object_component_ref idref="oc-1cf"/>
      </symbol>
      <symbol id="sm-41c">
         <name>Device_initGPIO</name>
         <value>0x9a8e</value>
         <object_component_ref idref="oc-136"/>
      </symbol>
      <symbol id="sm-41d">
         <name>Device_init</name>
         <value>0x8db4</value>
         <object_component_ref idref="oc-130"/>
      </symbol>
      <symbol id="sm-41e">
         <name>__error__</name>
         <value>0x9c8b</value>
         <object_component_ref idref="oc-1bd"/>
      </symbol>
      <symbol id="sm-42d">
         <name>code_start</name>
         <value>0x0</value>
         <object_component_ref idref="oc-20"/>
      </symbol>
      <symbol id="sm-463">
         <name>CMPSS_configFilterHigh</name>
         <value>0x8d22</value>
         <object_component_ref idref="oc-41a"/>
      </symbol>
      <symbol id="sm-464">
         <name>CMPSS_configFilterLow</name>
         <value>0x8d6b</value>
         <object_component_ref idref="oc-420"/>
      </symbol>
      <symbol id="sm-465">
         <name>CMPSS_configLatchOnPWMSYNC</name>
         <value>0x918f</value>
         <object_component_ref idref="oc-444"/>
      </symbol>
      <symbol id="sm-47f">
         <name>CPUTimer_setEmulationMode</name>
         <value>0x99a6</value>
         <object_component_ref idref="oc-453"/>
      </symbol>
      <symbol id="sm-4c7">
         <name>GPIO_setQualificationMode</name>
         <value>0x8ff8</value>
         <object_component_ref idref="oc-2ab"/>
      </symbol>
      <symbol id="sm-4c8">
         <name>GPIO_setPadConfig</name>
         <value>0x8cd0</value>
         <object_component_ref idref="oc-2a5"/>
      </symbol>
      <symbol id="sm-4c9">
         <name>GPIO_setAnalogMode</name>
         <value>0x87f9</value>
         <object_component_ref idref="oc-1db"/>
      </symbol>
      <symbol id="sm-4ca">
         <name>GPIO_setDirectionMode</name>
         <value>0x90cf</value>
         <object_component_ref idref="oc-478"/>
      </symbol>
      <symbol id="sm-4cb">
         <name>GPIO_setPinConfig</name>
         <value>0x8fc1</value>
         <object_component_ref idref="oc-29f"/>
      </symbol>
      <symbol id="sm-51a">
         <name>Interrupt_defaultHandler</name>
         <value>0x97cc</value>
         <object_component_ref idref="oc-31"/>
      </symbol>
      <symbol id="sm-51b">
         <name>Interrupt_initModule</name>
         <value>0x8f47</value>
         <object_component_ref idref="oc-13c"/>
      </symbol>
      <symbol id="sm-51c">
         <name>Interrupt_nmiHandler</name>
         <value>0x9c4b</value>
         <object_component_ref idref="oc-43"/>
      </symbol>
      <symbol id="sm-51d">
         <name>Interrupt_enable</name>
         <value>0x902f</value>
         <object_component_ref idref="oc-77"/>
      </symbol>
      <symbol id="sm-51e">
         <name>Interrupt_initVectorTable</name>
         <value>0x9460</value>
         <object_component_ref idref="oc-35"/>
      </symbol>
      <symbol id="sm-51f">
         <name>Interrupt_illegalOperationHandler</name>
         <value>0x9c41</value>
         <object_component_ref idref="oc-3d"/>
      </symbol>
      <symbol id="sm-590">
         <name>SCI_clearInterruptStatus</name>
         <value>0x8dfc</value>
         <object_component_ref idref="oc-490"/>
      </symbol>
      <symbol id="sm-591">
         <name>SCI_writeCharArray</name>
         <value>0x8ec8</value>
         <object_component_ref idref="oc-36b"/>
      </symbol>
      <symbol id="sm-592">
         <name>SCI_setConfig</name>
         <value>0x8f09</value>
         <object_component_ref idref="oc-4ae"/>
      </symbol>
      <symbol id="sm-6b4">
         <name>SysCtl_isPLLValid</name>
         <value>0x8646</value>
         <object_component_ref idref="oc-283"/>
      </symbol>
      <symbol id="sm-6b5">
         <name>SysCtl_delay</name>
         <value>0x128</value>
         <object_component_ref idref="oc-270"/>
      </symbol>
      <symbol id="sm-6b6">
         <name>SysCtl_selectXTALSingleEnded</name>
         <value>0x9404</value>
         <object_component_ref idref="oc-388"/>
      </symbol>
      <symbol id="sm-6b7">
         <name>SysCtl_selectXTAL</name>
         <value>0x8f84</value>
         <object_component_ref idref="oc-382"/>
      </symbol>
      <symbol id="sm-6b8">
         <name>SysCtl_selectOscSource</name>
         <value>0x8e86</value>
         <object_component_ref idref="oc-26a"/>
      </symbol>
      <symbol id="sm-6b9">
         <name>SysCtl_getLowSpeedClock</name>
         <value>0x95b0</value>
         <object_component_ref idref="oc-1c3"/>
      </symbol>
      <symbol id="sm-6ba">
         <name>SysCtl_setClock</name>
         <value>0x8508</value>
         <object_component_ref idref="oc-1aa"/>
      </symbol>
      <symbol id="sm-6bb">
         <name>SysCtl_getClock</name>
         <value>0x8afe</value>
         <object_component_ref idref="oc-1b6"/>
      </symbol>
      <symbol id="sm-6c5">
         <name>_c_int00</name>
         <value>0x9789</value>
         <object_component_ref idref="oc-95"/>
      </symbol>
      <symbol id="sm-6c6">
         <name>__stack</name>
         <value>0x400</value>
         <object_component_ref idref="oc-49"/>
      </symbol>
      <symbol id="sm-6d3">
         <name>__c28xabi_divf</name>
         <value>0x88a8</value>
         <object_component_ref idref="oc-392"/>
      </symbol>
      <symbol id="sm-6e0">
         <name>_system_pre_init</name>
         <value>0x9ca2</value>
         <object_component_ref idref="oc-bd"/>
      </symbol>
      <symbol id="sm-6ef">
         <name>__TI_auto_init_nobinit_nopinit</name>
         <value>0x91e5</value>
         <object_component_ref idref="oc-d8"/>
      </symbol>
      <symbol id="sm-6fd">
         <name>__TI_decompress_none</name>
         <value>0x9c66</value>
         <object_component_ref idref="oc-19"/>
      </symbol>
      <symbol id="sm-711">
         <name>__TI_decompress_lzss</name>
         <value>0x9100</value>
         <object_component_ref idref="oc-13"/>
      </symbol>
      <symbol id="sm-727">
         <name>C$$EXIT</name>
         <value>0x9210</value>
         <object_component_ref idref="oc-ca"/>
      </symbol>
      <symbol id="sm-728">
         <name>abort</name>
         <value>0x9210</value>
         <object_component_ref idref="oc-ca"/>
      </symbol>
      <symbol id="sm-729">
         <name>exit</name>
         <value>0x9212</value>
         <object_component_ref idref="oc-ca"/>
      </symbol>
      <symbol id="sm-72a">
         <name>__TI_dtors_ptr</name>
         <value>0x84fe</value>
         <object_component_ref idref="oc-110"/>
      </symbol>
      <symbol id="sm-72b">
         <name>__TI_cleanup_ptr</name>
         <value>0x84fc</value>
         <object_component_ref idref="oc-110"/>
      </symbol>
      <symbol id="sm-72c">
         <name>__TI_enable_exit_profile_output</name>
         <value>0x84fa</value>
         <object_component_ref idref="oc-110"/>
      </symbol>
      <symbol id="sm-743">
         <name>_nop</name>
         <value>0x9c5d</value>
         <object_component_ref idref="oc-191"/>
      </symbol>
      <symbol id="sm-744">
         <name>_lock</name>
         <value>0x8504</value>
         <object_component_ref idref="oc-113"/>
      </symbol>
      <symbol id="sm-745">
         <name>_unlock</name>
         <value>0x8506</value>
         <object_component_ref idref="oc-255"/>
      </symbol>
      <symbol id="sm-746">
         <name>_register_lock</name>
         <value>0x9c59</value>
         <object_component_ref idref="oc-191"/>
      </symbol>
      <symbol id="sm-747">
         <name>_register_unlock</name>
         <value>0x9c55</value>
         <object_component_ref idref="oc-191"/>
      </symbol>
      <symbol id="sm-756">
         <name>_args_main</name>
         <value>0x9c20</value>
         <object_component_ref idref="oc-c4"/>
      </symbol>
      <symbol id="sm-76a">
         <name>memcpy</name>
         <value>0x94f3</value>
         <object_component_ref idref="oc-4c"/>
      </symbol>
      <symbol id="sm-777">
         <name>_system_post_cinit</name>
         <value>0x9ca4</value>
         <object_component_ref idref="oc-11b"/>
      </symbol>
      <symbol id="sm-779">
         <name>__c_args__</name>
         <value>0x0</value>
      </symbol>
   </symbol_table>
   <title>Link successful</title>
</link_info>
