******************************************************************************
             TMS320C2000 Linker PC v22.6.1                     
******************************************************************************
>> Linked Wed Nov 22 03:14:21 2023

OUTPUT FILE NAME:   <Load_Bank_Master.out>
ENTRY POINT SYMBOL: "code_start"  address: 00080000


MEMORY CONFIGURATION

         name            origin    length      used     unused   attr    fill
----------------------  --------  ---------  --------  --------  ----  --------
  BOOT_RSVD             00000002   00000126  00000000  00000126  RWIX
  RAMM0                 00000128   000002d8  00000000  000002d8  RWIX
  RAMM1                 00000400   000003f8  00000300  000000f8  RWIX
  RAMLS0                00008000   00002000  000000fa  00001f06  RWIX
  RAMLS1                0000a000   00001ff8  00000000  00001ff8  RWIX
  BEGIN                 00080000   00000002  00000002  00000000  RWIX
  FLASH_BANK0_SEC_0_7   00080002   00001ffe  000000fe  00001f00  RWIX
  FLASH_BANK0_SEC_8_15  00082000   00002000  000017cd  00000833  RWIX
  FLASH_BANK0_SEC_16_23 00084000   00002000  00000000  00002000  RWIX
  FLASH_BANK0_SEC_24_31 00086000   00002000  0000055b  00001aa5  RWIX
  FLASH_BANK0_SEC_32_39 00088000   00002000  00000000  00002000  RWIX
  FLASH_BANK0_SEC_40_47 0008a000   00002000  00000000  00002000  RWIX
  FLASH_BANK0_SEC_48_55 0008c000   00002000  00000000  00002000  RWIX
  FLASH_BANK0_SEC_56_63 0008e000   00002000  00000000  00002000  RWIX
  FLASH_BANK0_SEC_64_71 00090000   00002000  00000000  00002000  RWIX
  FLASH_BANK0_SEC_72_79 00092000   00002000  00000000  00002000  RWIX
  FLASH_BANK0_SEC_80_87 00094000   00002000  00000000  00002000  RWIX
  FLASH_BANK0_SEC_88_95 00096000   00002000  00000000  00002000  RWIX
  FLASH_BANK0_SEC_96_10 00098000   00002000  00000000  00002000  RWIX
  FLASH_BANK0_SEC_104_1 0009a000   00002000  00000000  00002000  RWIX
  FLASH_BANK0_SEC_112_1 0009c000   00002000  00000000  00002000  RWIX
  FLASH_BANK0_SEC_120_1 0009e000   00001ff0  00000000  00001ff0  RWIX
  RESET                 003fffc0   00000002  00000000  00000002  RWIX


SECTION ALLOCATION MAP

 output                                  attributes/
section   page    origin      length       input sections
--------  ----  ----------  ----------   ----------------
codestart 
*          0    00080000    00000002     
                  00080000    00000002     f280013x_codestartbranch.obj (codestart)

.cinit     0    000800d8    00000030     
                  000800d8    00000027     (.cinit..data.load) [load image, compression = lzss]
                  000800ff    00000001     --HOLE-- [fill = 0]
                  00080100    00000004     (__TI_handler_table)
                  00080104    00000004     (__TI_cinit_table)

.reset     0    003fffc0    00000000     DSECT

.stack     0    00000400    00000300     UNINITIALIZED
                  00000400    00000300     --HOLE--

.init_array 
*          0    00080008    00000000     UNINITIALIZED

.data      0    000080ce    0000002c     UNINITIALIZED
                  000080ce    00000012     Load_Bank_Master.obj (.data:switch_num_mapping)
                  000080e0    00000006     Load_Bank_Master.obj (.data:comparator_num_mapping)
                  000080e6    00000006     Load_Bank_Master.obj (.data:phases)
                  000080ec    00000006     rts2800_fpu32_eabi.lib : exit.c.obj (.data)
                  000080f2    00000004     Load_Bank_Master.obj (.data)
                  000080f6    00000002     rts2800_fpu32_eabi.lib : _lock.c.obj (.data:_lock)
                  000080f8    00000002                            : _lock.c.obj (.data:_unlock)

.TI.ramfunc 
*          0    00080008    000000ce     RUN ADDR = 00008000
                  00080008    00000036     driverlib.lib : flash.obj (.TI.ramfunc:Flash_initModule)
                  0008003e    00000022                   : flash.obj (.TI.ramfunc:Flash_setWaitstates)
                  00080060    00000018                   : flash.obj (.TI.ramfunc:Flash_disableCache)
                  00080078    00000017                   : flash.obj (.TI.ramfunc:Flash_disablePrefetch)
                  0008008f    00000017                   : flash.obj (.TI.ramfunc:Flash_enableCache)
                  000800a6    00000016                   : flash.obj (.TI.ramfunc:Flash_enableECC)
                  000800bc    00000016                   : flash.obj (.TI.ramfunc:Flash_enablePrefetch)
                  000800d2    00000004                   : sysctl.obj (.TI.ramfunc)

.text      0    00082000    000017cd     
                  00082000    0000013e     driverlib.lib : sysctl.obj (.text:SysCtl_setClock)
                  0008213e    000000ea                   : sysctl.obj (.text:SysCtl_isPLLValid)
                  00082228    000000c9     board.obj (.text:PinMux_init)
                  000822f1    000000af     driverlib.lib : gpio.obj (.text:GPIO_setAnalogMode)
                  000823a0    00000088     rts2800_fpu32_eabi.lib : fs_div28.asm.obj (.text)
                  00082428    00000078     Load_Bank_Master.obj (.text:set_all_switches)
                  000824a0    00000075     Load_Bank_Master.obj (.text:main)
                  00082515    00000073     driverlib.lib : sysctl.obj (.text:DCC_setCounterSeeds)
                  00082588    0000006e     device.obj (.text:Device_enableAllPeripherals)
                  000825f6    00000065     driverlib.lib : sysctl.obj (.text:SysCtl_getClock)
                  0008265b    0000005c     board.obj (.text:CURRENT_SENSE1_init)
                  000826b7    0000005c     board.obj (.text:CURRENT_SENSE2_init)
                  00082713    0000005c     board.obj (.text:CURRENT_SENSE3_init)
                  0008276f    0000005b     device.obj (.text:Device_init)
                  000827ca    00000059     Load_Bank_Master.obj (.text:process_phase_query_msg)
                  00082823    00000052     driverlib.lib : gpio.obj (.text:GPIO_setPadConfig)
                  00082875    00000049                   : cmpss.obj (.text:CMPSS_configFilterHigh)
                  000828be    00000049                   : cmpss.obj (.text:CMPSS_configFilterLow)
                  00082907    00000045                   : sci.obj (.text:SCI_clearInterruptStatus)
                  0008294c    00000045                   : sysctl.obj (.text:SysCtl_pollX1Counter)
                  00082991    00000042                   : sysctl.obj (.text:SysCtl_selectOscSource)
                  000829d3    00000041                   : sci.obj (.text:SCI_writeCharArray)
                  00082a14    0000003e                   : sci.obj (.text:SCI_setConfig)
                  00082a52    0000003d                   : interrupt.obj (.text:Interrupt_initModule)
                  00082a8f    0000003d                   : sysctl.obj (.text:SysCtl_selectXTAL)
                  00082acc    00000037                   : gpio.obj (.text:GPIO_setPinConfig)
                  00082b03    00000037                   : gpio.obj (.text:GPIO_setQualificationMode)
                  00082b3a    00000037                   : interrupt.obj (.text:Interrupt_enable)
                  00082b71    00000037     board.obj (.text:UART_init)
                  00082ba8    00000032     Load_Bank_Master.obj (.text:INT_TIMER_10S_ISR)
                  00082bda    00000031     driverlib.lib : gpio.obj (.text:GPIO_setDirectionMode)
                  00082c0b    00000030     rts2800_fpu32_eabi.lib : copy_decompress_lzss.c.obj (.text:decompress:lzss)
                  00082c3b    00000030     Load_Bank_Master.obj (.text:process_zcs_msg)
                  00082c6b    0000002f     Load_Bank_Master.obj (.text:process_sw_query_msg)
                  00082c9a    0000002b     driverlib.lib : cmpss.obj (.text:CMPSS_configLatchOnPWMSYNC)
                  00082cc5    0000002b     board.obj (.text:CMPSS_setHysteresis)
                  00082cf0    0000002b     rts2800_fpu32_eabi.lib : autoinit.c.obj (.text:__TI_auto_init_nobinit_nopinit)
                  00082d1b    00000029                            : exit.c.obj (.text)
                  00082d44    00000027     Load_Bank_Master.obj (.text:GPIO_writePin)
                  00082d6b    00000026     board.obj (.text:ASysCtl_selectCMPHNMuxValue)
                  00082d91    00000026     Load_Bank_Master.obj (.text:write_msg)
                  00082db7    00000025     board.obj (.text:CMPSS_configBlanking)
                  00082ddc    00000025     board.obj (.text:GPIO_init)
                  00082e01    00000024     driverlib.lib : sysctl.obj (.text:DCC_enableSingleShotMode)
                  00082e25    00000023     Load_Bank_Master.obj (.text:GPIO_readPin)
                  00082e48    00000023     board.obj (.text:TIMER_10S_init)
                  00082e6b    00000023     Load_Bank_Master.obj (.text:buf_to_mask)
                  00082e8e    00000021     Load_Bank_Master.obj (.text:process_phase_msg)
                  00082eaf    00000020     board.obj (.text:ASysCtl_selectCMPHPMux)
                  00082ecf    00000020     board.obj (.text:ASysCtl_selectCMPLPMux)
                  00082eef    00000020     driverlib.lib : sci.obj (.text:SCI_isFIFOEnabled)
                  00082f0f    00000020                   : sysctl.obj (.text:SysCtl_selectXTALSingleEnded)
                  00082f2f    0000001e                   : sysctl.obj (.text:DCC_setCounter0ClkSource)
                  00082f4d    0000001e                   : sysctl.obj (.text:DCC_setCounter1ClkSource)
                  00082f6b    0000001e                   : interrupt.obj (.text:Interrupt_initVectorTable)
                  00082f89    0000001e     Load_Bank_Master.obj (.text:SCI_readCharBlockingFIFO)
                  00082fa7    0000001d     board.obj (.text:CMPSS_setDACValueLow)
                  00082fc4    0000001d     board.obj (.text:SCI_enableFIFO)
                  00082fe1    0000001d     Load_Bank_Master.obj (.text:process_sw_msg)
                  00082ffe    0000001d     rts2800_fpu32_eabi.lib : memcpy.c.obj (.text)
                  0008301b    0000001b     Load_Bank_Master.obj (.text:CMPSS_isBaseValid)
                  00083036    0000001b     board.obj (.text:CMPSS_isBaseValid)
                  00083051    0000001b     driverlib.lib : cmpss.obj (.text:CMPSS_isBaseValid)
                  0008306c    0000001b     board.obj (.text:CMPSS_setDACValueHigh)
                  00083087    0000001a     Load_Bank_Master.obj (.text:CPUTimer_startTimer)
                  000830a1    0000001a     driverlib.lib : sci.obj (.text:SCI_isSpaceAvailableNonFIFO)
                  000830bb    0000001a                   : sysctl.obj (.text:SysCtl_getLowSpeedClock)
                  000830d5    00000019     board.obj (.text:CMPSS_configLowComparator)
                  000830ee    00000018     driverlib.lib : sci.obj (.text:SCI_disableModule)
                  00083106    00000018     board.obj (.text:SCI_performSoftwareReset)
                  0008311e    00000018     driverlib.lib : sci.obj (.text:SCI_performSoftwareReset)
                  00083136    00000018     board.obj (.text:SCI_resetChannels)
                  0008314e    00000018     board.obj (.text:SCI_resetRxFIFO)
                  00083166    00000018     board.obj (.text:SCI_resetTxFIFO)
                  0008317e    00000018     Load_Bank_Master.obj (.text:mask_to_buf)
                  00083196    00000018     Load_Bank_Master.obj (.text:strncmp)
                  000831ae    00000017     board.obj (.text:CMPSS_isLiteBaseValid)
                  000831c5    00000017     Load_Bank_Master.obj (.text:CPUTimer_isBaseValid)
                  000831dc    00000017     board.obj (.text:CPUTimer_isBaseValid)
                  000831f3    00000017     driverlib.lib : cputimer.obj (.text:CPUTimer_isBaseValid)
                  0008320a    00000017     board.obj (.text:CPUTimer_setPreScaler)
                  00083221    00000017     Load_Bank_Master.obj (.text:SCI_isBaseValid)
                  00083238    00000017     board.obj (.text:SCI_isBaseValid)
                  0008324f    00000017     driverlib.lib : sci.obj (.text:SCI_isBaseValid)
                  00083266    00000017     device.obj (.text:SysCtl_enablePeripheral)
                  0008327d    00000017     driverlib.lib : sysctl.obj (.text:SysCtl_enablePeripheral)
                  00083294    00000017     rts2800_fpu32_eabi.lib : boot28.asm.obj (.text)
                  000832ab    00000016     board.obj (.text:CMPSS_configHighComparator)
                  000832c1    00000016     driverlib.lib : sysctl.obj (.text:DCC_disableDoneSignal)
                  000832d7    00000016                   : interrupt.obj (.text:Interrupt_defaultHandler)
                  000832ed    00000016                   : sysctl.obj (.text:SysCtl_setIntOSC2_Mode)
                  00083303    00000016     Load_Bank_Master.obj (.text:read_msg)
                  00083319    00000015     board.obj (.text:CMPSSLITE_configDAC)
                  0008332e    00000015     board.obj (.text:CMPSS_disableBlanking)
                  00083343    00000015     board.obj (.text:CMPSS_disableLatchResetOnPWMSYNCHigh)
                  00083358    00000015     board.obj (.text:CMPSS_disableLatchResetOnPWMSYNCLow)
                  0008336d    00000015     board.obj (.text:CPUTimer_enableInterrupt)
                  00083382    00000015     driverlib.lib : sysctl.obj (.text:DCC_clearDoneFlag)
                  00083397    00000015                   : sysctl.obj (.text:DCC_clearErrorFlag)
                  000833ac    00000015                   : sysctl.obj (.text:DCC_disableErrorSignal)
                  000833c1    00000015     device.obj (.text:GPIO_unlockPortConfig)
                  000833d6    00000014     Load_Bank_Master.obj (.text:CPUTimer_reloadTimerCounter)
                  000833ea    00000014     board.obj (.text:CPUTimer_reloadTimerCounter)
                  000833fe    00000014     board.obj (.text:CPUTimer_stopTimer)
                  00083412    00000014     driverlib.lib : sysctl.obj (.text:DCC_disableModule)
                  00083426    00000014                   : sysctl.obj (.text:DCC_enableModule)
                  0008343a    00000014     Load_Bank_Master.obj (.text:GPIO_isPinValid)
                  0008344e    00000014     driverlib.lib : gpio.obj (.text:GPIO_isPinValid)
                  00083462    00000014     Load_Bank_Master.obj (.text:SCI_getRxFIFOStatus)
                  00083476    00000014     driverlib.lib : sci.obj (.text:SCI_getTxFIFOStatus)
                  0008348a    00000014                   : sysctl.obj (.text:SysCtl_setPLLSysClk)
                  0008349e    00000013     board.obj (.text:CMPSS_enableModule)
                  000834b1    00000013     driverlib.lib : cputimer.obj (.text:CPUTimer_setEmulationMode)
                  000834c4    00000013     board.obj (.text:SCI_clearOverflowStatus)
                  000834d7    00000013     board.obj (.text:SCI_enableModule)
                  000834ea    00000013     driverlib.lib : sci.obj (.text:SCI_enableModule)
                  000834fd    00000013     Load_Bank_Master.obj (.text:get_comparator_value)
                  00083510    00000013     Load_Bank_Master.obj (.text:read_char)
                  00083523    00000012     Load_Bank_Master.obj (.text:set_switch_state)
                  00083535    00000011     board.obj (.text:CPUTimer_setPeriod)
                  00083546    00000011     board.obj (.text:SCI_disableLoopback)
                  00083557    00000011     Load_Bank_Master.obj (.text:clear_buf)
                  00083568    00000011     Load_Bank_Master.obj (.text:process_zcs_query_msg)
                  00083579    00000010     Load_Bank_Master.obj (.text:CMPSS_getStatus)
                  00083589    00000010     driverlib.lib : sysctl.obj (.text:DCC_isBaseValid)
                  00083599    00000010     device.obj (.text:Device_initGPIO)
                  000835a9    00000010     driverlib.lib : flash.obj (.text:Flash_isCtrlBaseValid)
                  000835b9    00000010                   : flash.obj (.text:Flash_isECCBaseValid)
                  000835c9    00000010     Load_Bank_Master.obj (.text:SCI_getRxStatus)
                  000835d9    00000010     board.obj (.text:SWITCH10_init)
                  000835e9    00000010     board.obj (.text:SWITCH11_init)
                  000835f9    00000010     board.obj (.text:SWITCH12_init)
                  00083609    00000010     board.obj (.text:SWITCH13_init)
                  00083619    00000010     board.obj (.text:SWITCH14_init)
                  00083629    00000010     board.obj (.text:SWITCH15_init)
                  00083639    00000010     board.obj (.text:SWITCH16_init)
                  00083649    00000010     board.obj (.text:SWITCH17_init)
                  00083659    00000010     board.obj (.text:SWITCH18_init)
                  00083669    00000010     board.obj (.text:SWITCH1_init)
                  00083679    00000010     board.obj (.text:SWITCH2_init)
                  00083689    00000010     board.obj (.text:SWITCH3_init)
                  00083699    00000010     board.obj (.text:SWITCH4_init)
                  000836a9    00000010     board.obj (.text:SWITCH5_init)
                  000836b9    00000010     board.obj (.text:SWITCH6_init)
                  000836c9    00000010     board.obj (.text:SWITCH7_init)
                  000836d9    00000010     board.obj (.text:SWITCH8_init)
                  000836e9    00000010     board.obj (.text:SWITCH9_init)
                  000836f9    0000000f     board.obj (.text:Board_init)
                  00083708    0000000f     board.obj (.text:Interrupt_register)
                  00083717    0000000d     board.obj (.text:INTERRUPT_init)
                  00083724    0000000d     driverlib.lib : interrupt.obj (.text:Interrupt_disableGlobal)
                  00083731    0000000d                   : interrupt.obj (.text:Interrupt_enableGlobal)
                  0008373e    0000000d     device.obj (.text:SysCtl_setLowSpeedClock)
                  0008374b    0000000c     rts2800_fpu32_eabi.lib : args_main.c.obj (.text)
                  00083757    0000000b     driverlib.lib : sysctl.obj (.text:SysCtl_isMCDClockFailureDetected)
                  00083762    0000000a                   : sysctl.obj (.text:ASysCtl_getExtROscStatus)
                  0008376c    0000000a                   : interrupt.obj (.text:Interrupt_illegalOperationHandler)
                  00083776    0000000a                   : interrupt.obj (.text:Interrupt_nmiHandler)
                  00083780    00000009     rts2800_fpu32_eabi.lib : _lock.c.obj (.text)
                  00083789    00000008     device.obj (.text:SysCtl_disableWatchdog)
                  00083791    00000008     rts2800_fpu32_eabi.lib : copy_decompress_none.c.obj (.text:decompress:none)
                  00083799    00000008     f280013x_codestartbranch.obj (.text)
                  000837a1    00000007     device.obj (.text:ASysCtl_lockVREG)
                  000837a8    00000007     board.obj (.text:CMPSSLITE_init)
                  000837af    00000007     driverlib.lib : sysctl.obj (.text:SysCtl_resetMCD)
                  000837b6    00000007     device.obj (.text:__error__)
                  000837bd    00000006     Load_Bank_Master.obj (.text:Interrupt_clearACKGroup)
                  000837c3    00000003     board.obj (.text:CPUTIMER_init)
                  000837c6    00000003     board.obj (.text:SCI_init)
                  000837c9    00000002     rts2800_fpu32_eabi.lib : pre_init.c.obj (.text)
                  000837cb    00000001     c2000ware_libraries.obj (.text:C2000Ware_libraries_init)
                  000837cc    00000001     rts2800_fpu32_eabi.lib : startup.c.obj (.text)

.const     0    00086000    0000055b     
                  00086000    0000015e     Load_Bank_Master.obj (.const:.string)
                  0008615e    0000014a     board.obj (.const:.string)
                  000862a8    00000080     driverlib.lib : flash.obj (.const:.string)
                  00086328    0000007f                   : gpio.obj (.const:.string)
                  000863a7    00000001     --HOLE-- [fill = 0]
                  000863a8    0000007f                   : sysctl.obj (.const:.string)
                  00086427    00000001     --HOLE-- [fill = 0]
                  00086428    0000007c                   : sci.obj (.const:.string)
                  000864a4    00000043                   : cputimer.obj (.const:.string)
                  000864e7    00000001     --HOLE-- [fill = 0]
                  000864e8    00000040                   : cmpss.obj (.const:.string)
                  00086528    00000020     Load_Bank_Master.obj (.const:.string:$P$T0$1)
                  00086548    00000013     device.obj (.const:.string)

MODULE SUMMARY

       Module                         code   ro data   rw data
       ------                         ----   -------   -------
    .\
       Load_Bank_Master.obj           1067   382       34     
    +--+------------------------------+------+---------+---------+
       Total:                         1067   382       34     
                                                              
    .\device\
       device.obj                     296    19        0      
       f280013x_codestartbranch.obj   10     0         0      
    +--+------------------------------+------+---------+---------+
       Total:                         306    19        0      
                                                              
    .\syscfg\
       board.obj                      1713   330       0      
       c2000ware_libraries.obj        1      0         0      
    +--+------------------------------+------+---------+---------+
       Total:                         1714   330       0      
                                                              
    C:/ti/C2000Ware_5_00_00_00/driverlib/f280013x/driverlib/ccs/Debug/driverlib.lib
       sysctl.obj                     1360   127       0      
       flash.obj                      436    128       0      
       gpio.obj                       436    127       0      
       sci.obj                        364    124       0      
       cmpss.obj                      216    64        0      
       interrupt.obj                  214    0         0      
       cputimer.obj                   42     67        0      
    +--+------------------------------+------+---------+---------+
       Total:                         3068   637       0      
                                                              
    C:\ti\ccs1250\ccs\tools\compiler\ti-cgt-c2000_22.6.1.LTS\lib\rts2800_fpu32_eabi.lib
       fs_div28.asm.obj               136    0         0      
       copy_decompress_lzss.c.obj     48     0         0      
       exit.c.obj                     41     0         6      
       autoinit.c.obj                 43     0         0      
       memcpy.c.obj                   29     0         0      
       boot28.asm.obj                 23     0         0      
       _lock.c.obj                    9      0         4      
       args_main.c.obj                12     0         0      
       copy_decompress_none.c.obj     8      0         0      
       pre_init.c.obj                 2      0         0      
       startup.c.obj                  1      0         0      
    +--+------------------------------+------+---------+---------+
       Total:                         352    0         10     
                                                              
       Stack:                         0      0         768    
       Linker Generated:              0      47        0      
    +--+------------------------------+------+---------+---------+
       Grand Total:                   6507   1415      812    


LINKER GENERATED COPY TABLES

__TI_cinit_table @ 00080104 records: 1, size/record: 4, table size: 4
	.data: load addr=000800d8, load size=00000027 bytes, run addr=000080ce, run size=0000002c bytes, compression=lzss


LINKER GENERATED HANDLER TABLE

__TI_handler_table @ 00080100 records: 2, size/record: 2, table size: 4
	index: 0, handler: __TI_decompress_lzss
	index: 1, handler: __TI_decompress_none


GLOBAL DATA SYMBOLS: SORTED BY DATA PAGE

address     data page           name
--------    ----------------    ----
00000400      10 (00000400)     __stack

000080ce     203 (000080c0)     switch_num_mapping
000080e0     203 (000080c0)     comparator_num_mapping
000080e6     203 (000080c0)     phases
000080ec     203 (000080c0)     __TI_enable_exit_profile_output
000080ee     203 (000080c0)     __TI_cleanup_ptr
000080f0     203 (000080c0)     __TI_dtors_ptr
000080f2     203 (000080c0)     zcs
000080f3     203 (000080c0)     timer_fired
000080f4     203 (000080c0)     state
000080f6     203 (000080c0)     _lock
000080f8     203 (000080c0)     _unlock


GLOBAL SYMBOLS: SORTED ALPHABETICALLY BY Name 

page  address   name                             
----  -------   ----                             
0     000836f9  Board_init                       
0     00082d1b  C$$EXIT                          
0     000837cb  C2000Ware_libraries_init         
0     000837a8  CMPSSLITE_init                   
0     00082875  CMPSS_configFilterHigh           
0     000828be  CMPSS_configFilterLow            
0     00082c9a  CMPSS_configLatchOnPWMSYNC       
0     000837c3  CPUTIMER_init                    
0     000834b1  CPUTimer_setEmulationMode        
0     0008265b  CURRENT_SENSE1_init              
0     000826b7  CURRENT_SENSE2_init              
0     00082713  CURRENT_SENSE3_init              
0     00082588  Device_enableAllPeripherals      
0     0008276f  Device_init                      
0     00083599  Device_initGPIO                  
0     00008000  Flash_initModule                 
0     00082ddc  GPIO_init                        
0     000822f1  GPIO_setAnalogMode               
0     00082bda  GPIO_setDirectionMode            
0     00082823  GPIO_setPadConfig                
0     00082acc  GPIO_setPinConfig                
0     00082b03  GPIO_setQualificationMode        
0     00083717  INTERRUPT_init                   
0     00082ba8  INT_TIMER_10S_ISR                
0     000832d7  Interrupt_defaultHandler         
0     00082b3a  Interrupt_enable                 
0     0008376c  Interrupt_illegalOperationHandler
0     00082a52  Interrupt_initModule             
0     00082f6b  Interrupt_initVectorTable        
0     00083776  Interrupt_nmiHandler             
0     00082228  PinMux_init                      
0     000800d6  RamfuncsLoadEnd                  
abs   000000ce  RamfuncsLoadSize                 
0     00080008  RamfuncsLoadStart                
0     000080ce  RamfuncsRunEnd                   
abs   000000ce  RamfuncsRunSize                  
0     00008000  RamfuncsRunStart                 
0     00082907  SCI_clearInterruptStatus         
0     000837c6  SCI_init                         
0     00082a14  SCI_setConfig                    
0     000829d3  SCI_writeCharArray               
0     000835d9  SWITCH10_init                    
0     000835e9  SWITCH11_init                    
0     000835f9  SWITCH12_init                    
0     00083609  SWITCH13_init                    
0     00083619  SWITCH14_init                    
0     00083629  SWITCH15_init                    
0     00083639  SWITCH16_init                    
0     00083649  SWITCH17_init                    
0     00083659  SWITCH18_init                    
0     00083669  SWITCH1_init                     
0     00083679  SWITCH2_init                     
0     00083689  SWITCH3_init                     
0     00083699  SWITCH4_init                     
0     000836a9  SWITCH5_init                     
0     000836b9  SWITCH6_init                     
0     000836c9  SWITCH7_init                     
0     000836d9  SWITCH8_init                     
0     000836e9  SWITCH9_init                     
0     000080ca  SysCtl_delay                     
0     000825f6  SysCtl_getClock                  
0     000830bb  SysCtl_getLowSpeedClock          
0     0008213e  SysCtl_isPLLValid                
0     00082991  SysCtl_selectOscSource           
0     00082a8f  SysCtl_selectXTAL                
0     00082f0f  SysCtl_selectXTALSingleEnded     
0     00082000  SysCtl_setClock                  
0     00082e48  TIMER_10S_init                   
0     00082b71  UART_init                        
0     00080104  __TI_CINIT_Base                  
0     00080108  __TI_CINIT_Limit                 
0     00080108  __TI_CINIT_Warm                  
0     00080100  __TI_Handler_Table_Base          
0     00080104  __TI_Handler_Table_Limit         
0     00000700  __TI_STACK_END                   
abs   00000300  __TI_STACK_SIZE                  
0     00082cf0  __TI_auto_init_nobinit_nopinit   
0     000080ee  __TI_cleanup_ptr                 
0     00082c0b  __TI_decompress_lzss             
0     00083791  __TI_decompress_none             
0     000080f0  __TI_dtors_ptr                   
0     000080ec  __TI_enable_exit_profile_output  
abs   ffffffff  __TI_pprof_out_hndl              
abs   ffffffff  __TI_prof_data_size              
abs   ffffffff  __TI_prof_data_start             
0     000823a0  __c28xabi_divf                   
n/a   UNDEFED   __c_args__                       
0     000837b6  __error__                        
0     00000400  __stack                          
0     0008374b  _args_main                       
0     00083294  _c_int00                         
0     000080f6  _lock                            
0     00083788  _nop                             
0     00083784  _register_lock                   
0     00083780  _register_unlock                 
0     000837cc  _system_post_cinit               
0     000837c9  _system_pre_init                 
0     000080f8  _unlock                          
0     00082d1b  abort                            
0     00082e6b  buf_to_mask                      
0     00083557  clear_buf                        
0     00080000  code_start                       
0     000080e0  comparator_num_mapping           
0     00082d1d  exit                             
0     000834fd  get_comparator_value             
0     000824a0  main                             
0     0008317e  mask_to_buf                      
0     00082ffe  memcpy                           
0     000080e6  phases                           
0     00082e8e  process_phase_msg                
0     000827ca  process_phase_query_msg          
0     00082fe1  process_sw_msg                   
0     00082c6b  process_sw_query_msg             
0     00082c3b  process_zcs_msg                  
0     00083568  process_zcs_query_msg            
0     00083510  read_char                        
0     00083303  read_msg                         
0     00082428  set_all_switches                 
0     00083523  set_switch_state                 
0     000080f4  state                            
0     00083196  strncmp                          
0     000080ce  switch_num_mapping               
0     000080f3  timer_fired                      
0     00082d91  write_msg                        
0     000080f2  zcs                              


GLOBAL SYMBOLS: SORTED BY Symbol Address 

page  address   name                             
----  -------   ----                             
0     00000400  __stack                          
0     00000700  __TI_STACK_END                   
0     00008000  Flash_initModule                 
0     00008000  RamfuncsRunStart                 
0     000080ca  SysCtl_delay                     
0     000080ce  RamfuncsRunEnd                   
0     000080ce  switch_num_mapping               
0     000080e0  comparator_num_mapping           
0     000080e6  phases                           
0     000080ec  __TI_enable_exit_profile_output  
0     000080ee  __TI_cleanup_ptr                 
0     000080f0  __TI_dtors_ptr                   
0     000080f2  zcs                              
0     000080f3  timer_fired                      
0     000080f4  state                            
0     000080f6  _lock                            
0     000080f8  _unlock                          
0     00080000  code_start                       
0     00080008  RamfuncsLoadStart                
0     000800d6  RamfuncsLoadEnd                  
0     00080100  __TI_Handler_Table_Base          
0     00080104  __TI_CINIT_Base                  
0     00080104  __TI_Handler_Table_Limit         
0     00080108  __TI_CINIT_Limit                 
0     00080108  __TI_CINIT_Warm                  
0     00082000  SysCtl_setClock                  
0     0008213e  SysCtl_isPLLValid                
0     00082228  PinMux_init                      
0     000822f1  GPIO_setAnalogMode               
0     000823a0  __c28xabi_divf                   
0     00082428  set_all_switches                 
0     000824a0  main                             
0     00082588  Device_enableAllPeripherals      
0     000825f6  SysCtl_getClock                  
0     0008265b  CURRENT_SENSE1_init              
0     000826b7  CURRENT_SENSE2_init              
0     00082713  CURRENT_SENSE3_init              
0     0008276f  Device_init                      
0     000827ca  process_phase_query_msg          
0     00082823  GPIO_setPadConfig                
0     00082875  CMPSS_configFilterHigh           
0     000828be  CMPSS_configFilterLow            
0     00082907  SCI_clearInterruptStatus         
0     00082991  SysCtl_selectOscSource           
0     000829d3  SCI_writeCharArray               
0     00082a14  SCI_setConfig                    
0     00082a52  Interrupt_initModule             
0     00082a8f  SysCtl_selectXTAL                
0     00082acc  GPIO_setPinConfig                
0     00082b03  GPIO_setQualificationMode        
0     00082b3a  Interrupt_enable                 
0     00082b71  UART_init                        
0     00082ba8  INT_TIMER_10S_ISR                
0     00082bda  GPIO_setDirectionMode            
0     00082c0b  __TI_decompress_lzss             
0     00082c3b  process_zcs_msg                  
0     00082c6b  process_sw_query_msg             
0     00082c9a  CMPSS_configLatchOnPWMSYNC       
0     00082cf0  __TI_auto_init_nobinit_nopinit   
0     00082d1b  C$$EXIT                          
0     00082d1b  abort                            
0     00082d1d  exit                             
0     00082d91  write_msg                        
0     00082ddc  GPIO_init                        
0     00082e48  TIMER_10S_init                   
0     00082e6b  buf_to_mask                      
0     00082e8e  process_phase_msg                
0     00082f0f  SysCtl_selectXTALSingleEnded     
0     00082f6b  Interrupt_initVectorTable        
0     00082fe1  process_sw_msg                   
0     00082ffe  memcpy                           
0     000830bb  SysCtl_getLowSpeedClock          
0     0008317e  mask_to_buf                      
0     00083196  strncmp                          
0     00083294  _c_int00                         
0     000832d7  Interrupt_defaultHandler         
0     00083303  read_msg                         
0     000834b1  CPUTimer_setEmulationMode        
0     000834fd  get_comparator_value             
0     00083510  read_char                        
0     00083523  set_switch_state                 
0     00083557  clear_buf                        
0     00083568  process_zcs_query_msg            
0     00083599  Device_initGPIO                  
0     000835d9  SWITCH10_init                    
0     000835e9  SWITCH11_init                    
0     000835f9  SWITCH12_init                    
0     00083609  SWITCH13_init                    
0     00083619  SWITCH14_init                    
0     00083629  SWITCH15_init                    
0     00083639  SWITCH16_init                    
0     00083649  SWITCH17_init                    
0     00083659  SWITCH18_init                    
0     00083669  SWITCH1_init                     
0     00083679  SWITCH2_init                     
0     00083689  SWITCH3_init                     
0     00083699  SWITCH4_init                     
0     000836a9  SWITCH5_init                     
0     000836b9  SWITCH6_init                     
0     000836c9  SWITCH7_init                     
0     000836d9  SWITCH8_init                     
0     000836e9  SWITCH9_init                     
0     000836f9  Board_init                       
0     00083717  INTERRUPT_init                   
0     0008374b  _args_main                       
0     0008376c  Interrupt_illegalOperationHandler
0     00083776  Interrupt_nmiHandler             
0     00083780  _register_unlock                 
0     00083784  _register_lock                   
0     00083788  _nop                             
0     00083791  __TI_decompress_none             
0     000837a8  CMPSSLITE_init                   
0     000837b6  __error__                        
0     000837c3  CPUTIMER_init                    
0     000837c6  SCI_init                         
0     000837c9  _system_pre_init                 
0     000837cb  C2000Ware_libraries_init         
0     000837cc  _system_post_cinit               
abs   000000ce  RamfuncsLoadSize                 
abs   000000ce  RamfuncsRunSize                  
abs   00000300  __TI_STACK_SIZE                  
abs   ffffffff  __TI_pprof_out_hndl              
abs   ffffffff  __TI_prof_data_size              
abs   ffffffff  __TI_prof_data_start             
n/a   UNDEFED   __c_args__                       

[125 symbols]
