******************************************************************************
             TMS320C2000 Linker PC v22.6.1                     
******************************************************************************
>> Linked Sun Dec 24 18:51:04 2023

OUTPUT FILE NAME:   <Load_Bank_Master.out>
ENTRY POINT SYMBOL: "code_start"  address: 00080000


MEMORY CONFIGURATION

         name            origin    length      used     unused   attr    fill
----------------------  --------  ---------  --------  --------  ----  --------
  BOOT_RSVD             00000002   00000126  00000000  00000126  RWIX
  RAMM0                 00000128   000002d8  00000000  000002d8  RWIX
  RAMM1                 00000400   000003f8  00000300  000000f8  RWIX
  RAMLS0                00008000   00002000  000000fa  00001f06  RWIX
  RAMLS1                0000a000   00001ff8  00000000  00001ff8  RWIX
  BEGIN                 00080000   00000002  00000002  00000000  RWIX
  FLASH_BANK0_SEC_0_31  00080002   00007fee  00001de7  00006207  RWIX
  RESET                 003fffc0   00000002  00000000  00000002  RWIX


SECTION ALLOCATION MAP

 output                                  attributes/
section   page    origin      length       input sections
--------  ----  ----------  ----------   ----------------
codestart 
*          0    00080000    00000002     
                  00080000    00000002     f280013x_codestartbranch.obj (codestart)

.text      0    000800d8    0000178e     
                  000800d8    0000013e     driverlib.lib : sysctl.obj (.text:SysCtl_setClock)
                  00080216    000000ea                   : sysctl.obj (.text:SysCtl_isPLLValid)
                  00080300    000000cc     board.obj (.text:PinMux_init)
                  000803cc    000000af     driverlib.lib : gpio.obj (.text:GPIO_setAnalogMode)
                  0008047b    00000088     rts2800_fpu32_eabi.lib : fs_div28.asm.obj (.text)
                  00080503    00000078     Load_Bank_Master.obj (.text:set_all_switches)
                  0008057b    00000073     driverlib.lib : sysctl.obj (.text:DCC_setCounterSeeds)
                  000805ee    00000070     Load_Bank_Master.obj (.text:main)
                  0008065e    0000006e     device.obj (.text:Device_enableAllPeripherals)
                  000806cc    00000065     driverlib.lib : sysctl.obj (.text:SysCtl_getClock)
                  00080731    0000005c     board.obj (.text:CURRENT_SENSE1_init)
                  0008078d    0000005c     board.obj (.text:CURRENT_SENSE2_init)
                  000807e9    0000005c     board.obj (.text:CURRENT_SENSE3_init)
                  00080845    0000005b     device.obj (.text:Device_init)
                  000808a0    00000059     Load_Bank_Master.obj (.text:process_phase_query_msg)
                  000808f9    00000052     driverlib.lib : gpio.obj (.text:GPIO_setPadConfig)
                  0008094b    00000049                   : cmpss.obj (.text:CMPSS_configFilterHigh)
                  00080994    00000049                   : cmpss.obj (.text:CMPSS_configFilterLow)
                  000809dd    00000045                   : sci.obj (.text:SCI_clearInterruptStatus)
                  00080a22    00000045                   : sysctl.obj (.text:SysCtl_pollX1Counter)
                  00080a67    00000042                   : sysctl.obj (.text:SysCtl_selectOscSource)
                  00080aa9    00000041                   : sci.obj (.text:SCI_writeCharArray)
                  00080aea    0000003e                   : sci.obj (.text:SCI_setConfig)
                  00080b28    0000003d                   : sysctl.obj (.text:SysCtl_selectXTAL)
                  00080b65    00000037                   : gpio.obj (.text:GPIO_setPinConfig)
                  00080b9c    00000037                   : gpio.obj (.text:GPIO_setQualificationMode)
                  00080bd3    00000037                   : interrupt.obj (.text:Interrupt_enable)
                  00080c0a    00000037     board.obj (.text:UART_init)
                  00080c41    00000032     Load_Bank_Master.obj (.text:INT_TIMER_10S_ISR)
                  00080c73    00000031     driverlib.lib : gpio.obj (.text:GPIO_setDirectionMode)
                  00080ca4    00000030     rts2800_fpu32_eabi.lib : copy_decompress_lzss.c.obj (.text:decompress:lzss)
                  00080cd4    00000030     Load_Bank_Master.obj (.text:process_zcs_msg)
                  00080d04    0000002f     Load_Bank_Master.obj (.text:process_sw_query_msg)
                  00080d33    0000002b     driverlib.lib : cmpss.obj (.text:CMPSS_configLatchOnPWMSYNC)
                  00080d5e    0000002b     board.obj (.text:CMPSS_setHysteresis)
                  00080d89    0000002b     rts2800_fpu32_eabi.lib : autoinit.c.obj (.text:__TI_auto_init_nobinit_nopinit)
                  00080db4    00000029                            : exit.c.obj (.text)
                  00080ddd    00000027     Load_Bank_Master.obj (.text:GPIO_writePin)
                  00080e04    00000026     board.obj (.text:ASysCtl_selectCMPHNMuxValue)
                  00080e2a    00000026     Load_Bank_Master.obj (.text:write_msg)
                  00080e50    00000025     board.obj (.text:CMPSS_configBlanking)
                  00080e75    00000025     board.obj (.text:GPIO_init)
                  00080e9a    00000024     driverlib.lib : sysctl.obj (.text:DCC_enableSingleShotMode)
                  00080ebe    00000023     Load_Bank_Master.obj (.text:GPIO_readPin)
                  00080ee1    00000023     board.obj (.text:TIMER_10S_init)
                  00080f04    00000023     Load_Bank_Master.obj (.text:buf_to_mask)
                  00080f27    00000021     Load_Bank_Master.obj (.text:process_phase_msg)
                  00080f48    00000020     board.obj (.text:ASysCtl_selectCMPHPMux)
                  00080f68    00000020     board.obj (.text:ASysCtl_selectCMPLPMux)
                  00080f88    00000020     driverlib.lib : sci.obj (.text:SCI_isFIFOEnabled)
                  00080fa8    00000020                   : sysctl.obj (.text:SysCtl_selectXTALSingleEnded)
                  00080fc8    0000001e                   : sysctl.obj (.text:DCC_setCounter0ClkSource)
                  00080fe6    0000001e                   : sysctl.obj (.text:DCC_setCounter1ClkSource)
                  00081004    0000001e                   : interrupt.obj (.text:Interrupt_initVectorTable)
                  00081022    0000001e     Load_Bank_Master.obj (.text:SCI_readCharBlockingFIFO)
                  00081040    0000001d     board.obj (.text:CMPSS_setDACValueLow)
                  0008105d    0000001d     board.obj (.text:SCI_enableFIFO)
                  0008107a    0000001d     Load_Bank_Master.obj (.text:process_sw_msg)
                  00081097    0000001d     rts2800_fpu32_eabi.lib : memcpy.c.obj (.text)
                  000810b4    0000001b     Load_Bank_Master.obj (.text:CMPSS_isBaseValid)
                  000810cf    0000001b     board.obj (.text:CMPSS_isBaseValid)
                  000810ea    0000001b     driverlib.lib : cmpss.obj (.text:CMPSS_isBaseValid)
                  00081105    0000001b     board.obj (.text:CMPSS_setDACValueHigh)
                  00081120    0000001a     Load_Bank_Master.obj (.text:CPUTimer_startTimer)
                  0008113a    0000001a     driverlib.lib : sci.obj (.text:SCI_isSpaceAvailableNonFIFO)
                  00081154    0000001a                   : sysctl.obj (.text:SysCtl_getLowSpeedClock)
                  0008116e    00000019     board.obj (.text:CMPSS_configLowComparator)
                  00081187    00000018     driverlib.lib : sci.obj (.text:SCI_disableModule)
                  0008119f    00000018     board.obj (.text:SCI_performSoftwareReset)
                  000811b7    00000018     driverlib.lib : sci.obj (.text:SCI_performSoftwareReset)
                  000811cf    00000018     board.obj (.text:SCI_resetChannels)
                  000811e7    00000018     board.obj (.text:SCI_resetRxFIFO)
                  000811ff    00000018     board.obj (.text:SCI_resetTxFIFO)
                  00081217    00000018     Load_Bank_Master.obj (.text:mask_to_buf)
                  0008122f    00000018     Load_Bank_Master.obj (.text:strncmp)
                  00081247    00000017     board.obj (.text:CMPSS_isLiteBaseValid)
                  0008125e    00000017     Load_Bank_Master.obj (.text:CPUTimer_isBaseValid)
                  00081275    00000017     board.obj (.text:CPUTimer_isBaseValid)
                  0008128c    00000017     driverlib.lib : cputimer.obj (.text:CPUTimer_isBaseValid)
                  000812a3    00000017     board.obj (.text:CPUTimer_setPreScaler)
                  000812ba    00000017     Load_Bank_Master.obj (.text:SCI_isBaseValid)
                  000812d1    00000017     board.obj (.text:SCI_isBaseValid)
                  000812e8    00000017     driverlib.lib : sci.obj (.text:SCI_isBaseValid)
                  000812ff    00000017     device.obj (.text:SysCtl_enablePeripheral)
                  00081316    00000017     driverlib.lib : sysctl.obj (.text:SysCtl_enablePeripheral)
                  0008132d    00000017     rts2800_fpu32_eabi.lib : boot28.asm.obj (.text)
                  00081344    00000016     board.obj (.text:CMPSS_configHighComparator)
                  0008135a    00000016     driverlib.lib : sysctl.obj (.text:DCC_disableDoneSignal)
                  00081370    00000016                   : interrupt.obj (.text:Interrupt_defaultHandler)
                  00081386    00000016                   : sysctl.obj (.text:SysCtl_setIntOSC2_Mode)
                  0008139c    00000016     Load_Bank_Master.obj (.text:read_msg)
                  000813b2    00000015     board.obj (.text:CMPSSLITE_configDAC)
                  000813c7    00000015     board.obj (.text:CMPSS_disableBlanking)
                  000813dc    00000015     board.obj (.text:CMPSS_disableLatchResetOnPWMSYNCHigh)
                  000813f1    00000015     board.obj (.text:CMPSS_disableLatchResetOnPWMSYNCLow)
                  00081406    00000015     board.obj (.text:CPUTimer_enableInterrupt)
                  0008141b    00000015     driverlib.lib : sysctl.obj (.text:DCC_clearDoneFlag)
                  00081430    00000015                   : sysctl.obj (.text:DCC_clearErrorFlag)
                  00081445    00000015                   : sysctl.obj (.text:DCC_disableErrorSignal)
                  0008145a    00000015     device.obj (.text:GPIO_unlockPortConfig)
                  0008146f    00000014     Load_Bank_Master.obj (.text:CPUTimer_reloadTimerCounter)
                  00081483    00000014     board.obj (.text:CPUTimer_reloadTimerCounter)
                  00081497    00000014     board.obj (.text:CPUTimer_stopTimer)
                  000814ab    00000014     driverlib.lib : sysctl.obj (.text:DCC_disableModule)
                  000814bf    00000014                   : sysctl.obj (.text:DCC_enableModule)
                  000814d3    00000014     Load_Bank_Master.obj (.text:GPIO_isPinValid)
                  000814e7    00000014     driverlib.lib : gpio.obj (.text:GPIO_isPinValid)
                  000814fb    00000014     Load_Bank_Master.obj (.text:SCI_getRxFIFOStatus)
                  0008150f    00000014     driverlib.lib : sci.obj (.text:SCI_getTxFIFOStatus)
                  00081523    00000014                   : sysctl.obj (.text:SysCtl_setPLLSysClk)
                  00081537    00000013     board.obj (.text:CMPSS_enableModule)
                  0008154a    00000013     driverlib.lib : cputimer.obj (.text:CPUTimer_setEmulationMode)
                  0008155d    00000013     board.obj (.text:SCI_clearOverflowStatus)
                  00081570    00000013     board.obj (.text:SCI_enableModule)
                  00081583    00000013     driverlib.lib : sci.obj (.text:SCI_enableModule)
                  00081596    00000013     Load_Bank_Master.obj (.text:get_comparator_value)
                  000815a9    00000013     Load_Bank_Master.obj (.text:read_char)
                  000815bc    00000012     Load_Bank_Master.obj (.text:set_switch_state)
                  000815ce    00000011     board.obj (.text:CPUTimer_setPeriod)
                  000815df    00000011     board.obj (.text:SCI_disableLoopback)
                  000815f0    00000011     Load_Bank_Master.obj (.text:clear_buf)
                  00081601    00000011     Load_Bank_Master.obj (.text:process_zcs_query_msg)
                  00081612    00000010     Load_Bank_Master.obj (.text:CMPSS_getStatus)
                  00081622    00000010     driverlib.lib : sysctl.obj (.text:DCC_isBaseValid)
                  00081632    00000010     device.obj (.text:Device_initGPIO)
                  00081642    00000010     driverlib.lib : flash.obj (.text:Flash_isCtrlBaseValid)
                  00081652    00000010                   : flash.obj (.text:Flash_isECCBaseValid)
                  00081662    00000010     Load_Bank_Master.obj (.text:SCI_getRxStatus)
                  00081672    00000010     board.obj (.text:SWITCH10_init)
                  00081682    00000010     board.obj (.text:SWITCH11_init)
                  00081692    00000010     board.obj (.text:SWITCH12_init)
                  000816a2    00000010     board.obj (.text:SWITCH13_init)
                  000816b2    00000010     board.obj (.text:SWITCH14_init)
                  000816c2    00000010     board.obj (.text:SWITCH15_init)
                  000816d2    00000010     board.obj (.text:SWITCH16_init)
                  000816e2    00000010     board.obj (.text:SWITCH17_init)
                  000816f2    00000010     board.obj (.text:SWITCH18_init)
                  00081702    00000010     board.obj (.text:SWITCH1_init)
                  00081712    00000010     board.obj (.text:SWITCH2_init)
                  00081722    00000010     board.obj (.text:SWITCH3_init)
                  00081732    00000010     board.obj (.text:SWITCH4_init)
                  00081742    00000010     board.obj (.text:SWITCH5_init)
                  00081752    00000010     board.obj (.text:SWITCH6_init)
                  00081762    00000010     board.obj (.text:SWITCH7_init)
                  00081772    00000010     board.obj (.text:SWITCH8_init)
                  00081782    00000010     board.obj (.text:SWITCH9_init)
                  00081792    0000000f     board.obj (.text:Board_init)
                  000817a1    0000000f     board.obj (.text:Interrupt_register)
                  000817b0    0000000d     board.obj (.text:INTERRUPT_init)
                  000817bd    0000000d     driverlib.lib : interrupt.obj (.text:Interrupt_disableGlobal)
                  000817ca    0000000d                   : interrupt.obj (.text:Interrupt_enableGlobal)
                  000817d7    0000000d     device.obj (.text:SysCtl_setLowSpeedClock)
                  000817e4    0000000c     rts2800_fpu32_eabi.lib : args_main.c.obj (.text)
                  000817f0    0000000b     driverlib.lib : sysctl.obj (.text:SysCtl_isMCDClockFailureDetected)
                  000817fb    0000000a                   : sysctl.obj (.text:ASysCtl_getExtROscStatus)
                  00081805    0000000a                   : interrupt.obj (.text:Interrupt_illegalOperationHandler)
                  0008180f    0000000a                   : interrupt.obj (.text:Interrupt_nmiHandler)
                  00081819    00000009     rts2800_fpu32_eabi.lib : _lock.c.obj (.text)
                  00081822    00000008     device.obj (.text:SysCtl_disableWatchdog)
                  0008182a    00000008     rts2800_fpu32_eabi.lib : copy_decompress_none.c.obj (.text:decompress:none)
                  00081832    00000008     f280013x_codestartbranch.obj (.text)
                  0008183a    00000007     device.obj (.text:ASysCtl_lockVREG)
                  00081841    00000007     board.obj (.text:CMPSSLITE_init)
                  00081848    00000007     driverlib.lib : sysctl.obj (.text:SysCtl_resetMCD)
                  0008184f    00000007     device.obj (.text:__error__)
                  00081856    00000006     Load_Bank_Master.obj (.text:Interrupt_clearACKGroup)
                  0008185c    00000003     board.obj (.text:CPUTIMER_init)
                  0008185f    00000003     board.obj (.text:SCI_init)
                  00081862    00000002     rts2800_fpu32_eabi.lib : pre_init.c.obj (.text)
                  00081864    00000001     c2000ware_libraries.obj (.text:C2000Ware_libraries_init)
                  00081865    00000001     rts2800_fpu32_eabi.lib : startup.c.obj (.text)

.cinit     0    00081dc8    00000030     
                  00081dc8    00000027     (.cinit..data.load) [load image, compression = lzss]
                  00081def    00000001     --HOLE-- [fill = 0]
                  00081df0    00000004     (__TI_handler_table)
                  00081df4    00000004     (__TI_cinit_table)

.reset     0    003fffc0    00000000     DSECT

.stack     0    00000400    00000300     UNINITIALIZED
                  00000400    00000300     --HOLE--

.init_array 
*          0    00080008    00000000     UNINITIALIZED

.data      0    000080ce    0000002c     UNINITIALIZED
                  000080ce    00000012     Load_Bank_Master.obj (.data:switch_num_mapping)
                  000080e0    00000006     Load_Bank_Master.obj (.data:comparator_num_mapping)
                  000080e6    00000006     Load_Bank_Master.obj (.data:phases)
                  000080ec    00000006     rts2800_fpu32_eabi.lib : exit.c.obj (.data)
                  000080f2    00000004     Load_Bank_Master.obj (.data)
                  000080f6    00000002     rts2800_fpu32_eabi.lib : _lock.c.obj (.data:_lock)
                  000080f8    00000002                            : _lock.c.obj (.data:_unlock)

.TI.ramfunc 
*          0    00080008    000000ce     RUN ADDR = 00008000
                  00080008    00000036     driverlib.lib : flash.obj (.TI.ramfunc:Flash_initModule)
                  0008003e    00000022                   : flash.obj (.TI.ramfunc:Flash_setWaitstates)
                  00080060    00000018                   : flash.obj (.TI.ramfunc:Flash_disableCache)
                  00080078    00000017                   : flash.obj (.TI.ramfunc:Flash_disablePrefetch)
                  0008008f    00000017                   : flash.obj (.TI.ramfunc:Flash_enableCache)
                  000800a6    00000016                   : flash.obj (.TI.ramfunc:Flash_enableECC)
                  000800bc    00000016                   : flash.obj (.TI.ramfunc:Flash_enablePrefetch)
                  000800d2    00000004                   : sysctl.obj (.TI.ramfunc)

.const     0    00081868    0000055b     
                  00081868    0000015e     Load_Bank_Master.obj (.const:.string)
                  000819c6    0000014a     board.obj (.const:.string)
                  00081b10    00000080     driverlib.lib : flash.obj (.const:.string)
                  00081b90    0000007f                   : gpio.obj (.const:.string)
                  00081c0f    00000001     --HOLE-- [fill = 0]
                  00081c10    0000007f                   : sysctl.obj (.const:.string)
                  00081c8f    00000001     --HOLE-- [fill = 0]
                  00081c90    0000007c                   : sci.obj (.const:.string)
                  00081d0c    00000043                   : cputimer.obj (.const:.string)
                  00081d4f    00000001     --HOLE-- [fill = 0]
                  00081d50    00000040                   : cmpss.obj (.const:.string)
                  00081d90    00000020     Load_Bank_Master.obj (.const:.string:$P$T0$1)
                  00081db0    00000013     device.obj (.const:.string)

MODULE SUMMARY

       Module                         code   ro data   rw data
       ------                         ----   -------   -------
    .\
       Load_Bank_Master.obj           1062   382       34     
    +--+------------------------------+------+---------+---------+
       Total:                         1062   382       34     
                                                              
    .\device\
       device.obj                     296    19        0      
       f280013x_codestartbranch.obj   10     0         0      
    +--+------------------------------+------+---------+---------+
       Total:                         306    19        0      
                                                              
    .\syscfg\
       board.obj                      1716   330       0      
       c2000ware_libraries.obj        1      0         0      
    +--+------------------------------+------+---------+---------+
       Total:                         1717   330       0      
                                                              
    C:/ti/C2000Ware_5_00_00_00/driverlib/f280013x/driverlib/ccs/Debug/driverlib.lib
       sysctl.obj                     1360   127       0      
       flash.obj                      436    128       0      
       gpio.obj                       436    127       0      
       sci.obj                        364    124       0      
       cmpss.obj                      216    64        0      
       interrupt.obj                  153    0         0      
       cputimer.obj                   42     67        0      
    +--+------------------------------+------+---------+---------+
       Total:                         3007   637       0      
                                                              
    C:\ti\ccs1250\ccs\tools\compiler\ti-cgt-c2000_22.6.1.LTS\lib\rts2800_fpu32_eabi.lib
       fs_div28.asm.obj               136    0         0      
       copy_decompress_lzss.c.obj     48     0         0      
       exit.c.obj                     41     0         6      
       autoinit.c.obj                 43     0         0      
       memcpy.c.obj                   29     0         0      
       boot28.asm.obj                 23     0         0      
       _lock.c.obj                    9      0         4      
       args_main.c.obj                12     0         0      
       copy_decompress_none.c.obj     8      0         0      
       pre_init.c.obj                 2      0         0      
       startup.c.obj                  1      0         0      
    +--+------------------------------+------+---------+---------+
       Total:                         352    0         10     
                                                              
       Stack:                         0      0         768    
       Linker Generated:              0      47        0      
    +--+------------------------------+------+---------+---------+
       Grand Total:                   6444   1415      812    


LINKER GENERATED COPY TABLES

__TI_cinit_table @ 00081df4 records: 1, size/record: 4, table size: 4
	.data: load addr=00081dc8, load size=00000027 bytes, run addr=000080ce, run size=0000002c bytes, compression=lzss


LINKER GENERATED HANDLER TABLE

__TI_handler_table @ 00081df0 records: 2, size/record: 2, table size: 4
	index: 0, handler: __TI_decompress_lzss
	index: 1, handler: __TI_decompress_none


GLOBAL DATA SYMBOLS: SORTED BY DATA PAGE

address     data page           name
--------    ----------------    ----
00000400      10 (00000400)     __stack

000080ce     203 (000080c0)     switch_num_mapping
000080e0     203 (000080c0)     comparator_num_mapping
000080e6     203 (000080c0)     phases
000080ec     203 (000080c0)     __TI_enable_exit_profile_output
000080ee     203 (000080c0)     __TI_cleanup_ptr
000080f0     203 (000080c0)     __TI_dtors_ptr
000080f2     203 (000080c0)     zcs
000080f3     203 (000080c0)     timer_fired
000080f4     203 (000080c0)     state
000080f6     203 (000080c0)     _lock
000080f8     203 (000080c0)     _unlock


GLOBAL SYMBOLS: SORTED ALPHABETICALLY BY Name 

page  address   name                             
----  -------   ----                             
0     00081792  Board_init                       
0     00080db4  C$$EXIT                          
0     00081864  C2000Ware_libraries_init         
0     00081841  CMPSSLITE_init                   
0     0008094b  CMPSS_configFilterHigh           
0     00080994  CMPSS_configFilterLow            
0     00080d33  CMPSS_configLatchOnPWMSYNC       
0     0008185c  CPUTIMER_init                    
0     0008154a  CPUTimer_setEmulationMode        
0     00080731  CURRENT_SENSE1_init              
0     0008078d  CURRENT_SENSE2_init              
0     000807e9  CURRENT_SENSE3_init              
0     0008065e  Device_enableAllPeripherals      
0     00080845  Device_init                      
0     00081632  Device_initGPIO                  
0     00008000  Flash_initModule                 
0     00080e75  GPIO_init                        
0     000803cc  GPIO_setAnalogMode               
0     00080c73  GPIO_setDirectionMode            
0     000808f9  GPIO_setPadConfig                
0     00080b65  GPIO_setPinConfig                
0     00080b9c  GPIO_setQualificationMode        
0     000817b0  INTERRUPT_init                   
0     00080c41  INT_TIMER_10S_ISR                
0     00081370  Interrupt_defaultHandler         
0     00080bd3  Interrupt_enable                 
0     00081805  Interrupt_illegalOperationHandler
0     00081004  Interrupt_initVectorTable        
0     0008180f  Interrupt_nmiHandler             
0     00080300  PinMux_init                      
0     000800d6  RamfuncsLoadEnd                  
abs   000000ce  RamfuncsLoadSize                 
0     00080008  RamfuncsLoadStart                
0     000080ce  RamfuncsRunEnd                   
abs   000000ce  RamfuncsRunSize                  
0     00008000  RamfuncsRunStart                 
0     000809dd  SCI_clearInterruptStatus         
0     0008185f  SCI_init                         
0     00080aea  SCI_setConfig                    
0     00080aa9  SCI_writeCharArray               
0     00081672  SWITCH10_init                    
0     00081682  SWITCH11_init                    
0     00081692  SWITCH12_init                    
0     000816a2  SWITCH13_init                    
0     000816b2  SWITCH14_init                    
0     000816c2  SWITCH15_init                    
0     000816d2  SWITCH16_init                    
0     000816e2  SWITCH17_init                    
0     000816f2  SWITCH18_init                    
0     00081702  SWITCH1_init                     
0     00081712  SWITCH2_init                     
0     00081722  SWITCH3_init                     
0     00081732  SWITCH4_init                     
0     00081742  SWITCH5_init                     
0     00081752  SWITCH6_init                     
0     00081762  SWITCH7_init                     
0     00081772  SWITCH8_init                     
0     00081782  SWITCH9_init                     
0     000080ca  SysCtl_delay                     
0     000806cc  SysCtl_getClock                  
0     00081154  SysCtl_getLowSpeedClock          
0     00080216  SysCtl_isPLLValid                
0     00080a67  SysCtl_selectOscSource           
0     00080b28  SysCtl_selectXTAL                
0     00080fa8  SysCtl_selectXTALSingleEnded     
0     000800d8  SysCtl_setClock                  
0     00080ee1  TIMER_10S_init                   
0     00080c0a  UART_init                        
0     00081df4  __TI_CINIT_Base                  
0     00081df8  __TI_CINIT_Limit                 
0     00081df8  __TI_CINIT_Warm                  
0     00081df0  __TI_Handler_Table_Base          
0     00081df4  __TI_Handler_Table_Limit         
0     00000700  __TI_STACK_END                   
abs   00000300  __TI_STACK_SIZE                  
0     00080d89  __TI_auto_init_nobinit_nopinit   
0     000080ee  __TI_cleanup_ptr                 
0     00080ca4  __TI_decompress_lzss             
0     0008182a  __TI_decompress_none             
0     000080f0  __TI_dtors_ptr                   
0     000080ec  __TI_enable_exit_profile_output  
abs   ffffffff  __TI_pprof_out_hndl              
abs   ffffffff  __TI_prof_data_size              
abs   ffffffff  __TI_prof_data_start             
0     0008047b  __c28xabi_divf                   
n/a   UNDEFED   __c_args__                       
0     0008184f  __error__                        
0     00000400  __stack                          
0     000817e4  _args_main                       
0     0008132d  _c_int00                         
0     000080f6  _lock                            
0     00081821  _nop                             
0     0008181d  _register_lock                   
0     00081819  _register_unlock                 
0     00081865  _system_post_cinit               
0     00081862  _system_pre_init                 
0     000080f8  _unlock                          
0     00080db4  abort                            
0     00080f04  buf_to_mask                      
0     000815f0  clear_buf                        
0     00080000  code_start                       
0     000080e0  comparator_num_mapping           
0     00080db6  exit                             
0     00081596  get_comparator_value             
0     000805ee  main                             
0     00081217  mask_to_buf                      
0     00081097  memcpy                           
0     000080e6  phases                           
0     00080f27  process_phase_msg                
0     000808a0  process_phase_query_msg          
0     0008107a  process_sw_msg                   
0     00080d04  process_sw_query_msg             
0     00080cd4  process_zcs_msg                  
0     00081601  process_zcs_query_msg            
0     000815a9  read_char                        
0     0008139c  read_msg                         
0     00080503  set_all_switches                 
0     000815bc  set_switch_state                 
0     000080f4  state                            
0     0008122f  strncmp                          
0     000080ce  switch_num_mapping               
0     000080f3  timer_fired                      
0     00080e2a  write_msg                        
0     000080f2  zcs                              


GLOBAL SYMBOLS: SORTED BY Symbol Address 

page  address   name                             
----  -------   ----                             
0     00000400  __stack                          
0     00000700  __TI_STACK_END                   
0     00008000  Flash_initModule                 
0     00008000  RamfuncsRunStart                 
0     000080ca  SysCtl_delay                     
0     000080ce  RamfuncsRunEnd                   
0     000080ce  switch_num_mapping               
0     000080e0  comparator_num_mapping           
0     000080e6  phases                           
0     000080ec  __TI_enable_exit_profile_output  
0     000080ee  __TI_cleanup_ptr                 
0     000080f0  __TI_dtors_ptr                   
0     000080f2  zcs                              
0     000080f3  timer_fired                      
0     000080f4  state                            
0     000080f6  _lock                            
0     000080f8  _unlock                          
0     00080000  code_start                       
0     00080008  RamfuncsLoadStart                
0     000800d6  RamfuncsLoadEnd                  
0     000800d8  SysCtl_setClock                  
0     00080216  SysCtl_isPLLValid                
0     00080300  PinMux_init                      
0     000803cc  GPIO_setAnalogMode               
0     0008047b  __c28xabi_divf                   
0     00080503  set_all_switches                 
0     000805ee  main                             
0     0008065e  Device_enableAllPeripherals      
0     000806cc  SysCtl_getClock                  
0     00080731  CURRENT_SENSE1_init              
0     0008078d  CURRENT_SENSE2_init              
0     000807e9  CURRENT_SENSE3_init              
0     00080845  Device_init                      
0     000808a0  process_phase_query_msg          
0     000808f9  GPIO_setPadConfig                
0     0008094b  CMPSS_configFilterHigh           
0     00080994  CMPSS_configFilterLow            
0     000809dd  SCI_clearInterruptStatus         
0     00080a67  SysCtl_selectOscSource           
0     00080aa9  SCI_writeCharArray               
0     00080aea  SCI_setConfig                    
0     00080b28  SysCtl_selectXTAL                
0     00080b65  GPIO_setPinConfig                
0     00080b9c  GPIO_setQualificationMode        
0     00080bd3  Interrupt_enable                 
0     00080c0a  UART_init                        
0     00080c41  INT_TIMER_10S_ISR                
0     00080c73  GPIO_setDirectionMode            
0     00080ca4  __TI_decompress_lzss             
0     00080cd4  process_zcs_msg                  
0     00080d04  process_sw_query_msg             
0     00080d33  CMPSS_configLatchOnPWMSYNC       
0     00080d89  __TI_auto_init_nobinit_nopinit   
0     00080db4  C$$EXIT                          
0     00080db4  abort                            
0     00080db6  exit                             
0     00080e2a  write_msg                        
0     00080e75  GPIO_init                        
0     00080ee1  TIMER_10S_init                   
0     00080f04  buf_to_mask                      
0     00080f27  process_phase_msg                
0     00080fa8  SysCtl_selectXTALSingleEnded     
0     00081004  Interrupt_initVectorTable        
0     0008107a  process_sw_msg                   
0     00081097  memcpy                           
0     00081154  SysCtl_getLowSpeedClock          
0     00081217  mask_to_buf                      
0     0008122f  strncmp                          
0     0008132d  _c_int00                         
0     00081370  Interrupt_defaultHandler         
0     0008139c  read_msg                         
0     0008154a  CPUTimer_setEmulationMode        
0     00081596  get_comparator_value             
0     000815a9  read_char                        
0     000815bc  set_switch_state                 
0     000815f0  clear_buf                        
0     00081601  process_zcs_query_msg            
0     00081632  Device_initGPIO                  
0     00081672  SWITCH10_init                    
0     00081682  SWITCH11_init                    
0     00081692  SWITCH12_init                    
0     000816a2  SWITCH13_init                    
0     000816b2  SWITCH14_init                    
0     000816c2  SWITCH15_init                    
0     000816d2  SWITCH16_init                    
0     000816e2  SWITCH17_init                    
0     000816f2  SWITCH18_init                    
0     00081702  SWITCH1_init                     
0     00081712  SWITCH2_init                     
0     00081722  SWITCH3_init                     
0     00081732  SWITCH4_init                     
0     00081742  SWITCH5_init                     
0     00081752  SWITCH6_init                     
0     00081762  SWITCH7_init                     
0     00081772  SWITCH8_init                     
0     00081782  SWITCH9_init                     
0     00081792  Board_init                       
0     000817b0  INTERRUPT_init                   
0     000817e4  _args_main                       
0     00081805  Interrupt_illegalOperationHandler
0     0008180f  Interrupt_nmiHandler             
0     00081819  _register_unlock                 
0     0008181d  _register_lock                   
0     00081821  _nop                             
0     0008182a  __TI_decompress_none             
0     00081841  CMPSSLITE_init                   
0     0008184f  __error__                        
0     0008185c  CPUTIMER_init                    
0     0008185f  SCI_init                         
0     00081862  _system_pre_init                 
0     00081864  C2000Ware_libraries_init         
0     00081865  _system_post_cinit               
0     00081df0  __TI_Handler_Table_Base          
0     00081df4  __TI_CINIT_Base                  
0     00081df4  __TI_Handler_Table_Limit         
0     00081df8  __TI_CINIT_Limit                 
0     00081df8  __TI_CINIT_Warm                  
abs   000000ce  RamfuncsLoadSize                 
abs   000000ce  RamfuncsRunSize                  
abs   00000300  __TI_STACK_SIZE                  
abs   ffffffff  __TI_pprof_out_hndl              
abs   ffffffff  __TI_prof_data_size              
abs   ffffffff  __TI_prof_data_start             
n/a   UNDEFED   __c_args__                       

[124 symbols]
