******************************************************************************
             TMS320C2000 Linker PC v22.6.1                     
******************************************************************************
>> Linked Mon Nov 20 17:22:08 2023

OUTPUT FILE NAME:   <Load_Bank_Master.out>
ENTRY POINT SYMBOL: "code_start"  address: 00080000


MEMORY CONFIGURATION

         name            origin    length      used     unused   attr    fill
----------------------  --------  ---------  --------  --------  ----  --------
  BOOT_RSVD             00000002   00000126  00000000  00000126  RWIX
  RAMM0                 00000128   000002d8  00000000  000002d8  RWIX
  RAMM1                 00000400   000003f8  00000200  000001f8  RWIX
  RAMLS0                00008000   00002000  000000fa  00001f06  RWIX
  RAMLS1                0000a000   00001ff8  00000000  00001ff8  RWIX
  BEGIN                 00080000   00000002  00000002  00000000  RWIX
  FLASH_BANK0_SEC_0_7   00080002   00001ffe  000000fe  00001f00  RWIX
  FLASH_BANK0_SEC_8_15  00082000   00002000  000017cf  00000831  RWIX
  FLASH_BANK0_SEC_16_23 00084000   00002000  00000000  00002000  RWIX
  FLASH_BANK0_SEC_24_31 00086000   00002000  00000000  00002000  RWIX
  FLASH_BANK0_SEC_32_39 00088000   00002000  0000055b  00001aa5  RWIX
  FLASH_BANK0_SEC_40_47 0008a000   00002000  00000000  00002000  RWIX
  FLASH_BANK0_SEC_48_55 0008c000   00002000  00000000  00002000  RWIX
  FLASH_BANK0_SEC_56_63 0008e000   00002000  00000000  00002000  RWIX
  FLASH_BANK0_SEC_64_71 00090000   00002000  00000000  00002000  RWIX
  FLASH_BANK0_SEC_72_79 00092000   00002000  00000000  00002000  RWIX
  FLASH_BANK0_SEC_80_87 00094000   00002000  00000000  00002000  RWIX
  FLASH_BANK0_SEC_88_95 00096000   00002000  00000000  00002000  RWIX
  FLASH_BANK0_SEC_96_10 00098000   00002000  00000000  00002000  RWIX
  FLASH_BANK0_SEC_104_1 0009a000   00002000  00000000  00002000  RWIX
  FLASH_BANK0_SEC_112_1 0009c000   00002000  00000000  00002000  RWIX
  FLASH_BANK0_SEC_120_1 0009e000   00001ff0  00000000  00001ff0  RWIX
  RESET                 003fffc0   00000002  00000000  00000002  RWIX


SECTION ALLOCATION MAP

 output                                  attributes/
section   page    origin      length       input sections
--------  ----  ----------  ----------   ----------------
codestart 
*          0    00080000    00000002     
                  00080000    00000002     f280013x_codestartbranch.obj (codestart)

.cinit     0    000800d8    00000030     
                  000800d8    00000027     (.cinit..data.load) [load image, compression = lzss]
                  000800ff    00000001     --HOLE-- [fill = 0]
                  00080100    00000004     (__TI_handler_table)
                  00080104    00000004     (__TI_cinit_table)

.reset     0    003fffc0    00000000     DSECT

.stack     0    00000400    00000200     UNINITIALIZED
                  00000400    00000200     --HOLE--

.init_array 
*          0    00080008    00000000     UNINITIALIZED

.data      0    000080ce    0000002c     UNINITIALIZED
                  000080ce    00000012     Load_Bank_Master.obj (.data:switch_num_mapping)
                  000080e0    00000006     Load_Bank_Master.obj (.data:comparator_num_mapping)
                  000080e6    00000006     Load_Bank_Master.obj (.data:phases)
                  000080ec    00000006     rts2800_fpu32_eabi.lib : exit.c.obj (.data)
                  000080f2    00000004     Load_Bank_Master.obj (.data)
                  000080f6    00000002     rts2800_fpu32_eabi.lib : _lock.c.obj (.data:_lock)
                  000080f8    00000002                            : _lock.c.obj (.data:_unlock)

.TI.ramfunc 
*          0    00080008    000000ce     RUN ADDR = 00008000
                  00080008    00000036     driverlib.lib : flash.obj (.TI.ramfunc:Flash_initModule)
                  0008003e    00000022                   : flash.obj (.TI.ramfunc:Flash_setWaitstates)
                  00080060    00000018                   : flash.obj (.TI.ramfunc:Flash_disableCache)
                  00080078    00000017                   : flash.obj (.TI.ramfunc:Flash_disablePrefetch)
                  0008008f    00000017                   : flash.obj (.TI.ramfunc:Flash_enableCache)
                  000800a6    00000016                   : flash.obj (.TI.ramfunc:Flash_enableECC)
                  000800bc    00000016                   : flash.obj (.TI.ramfunc:Flash_enablePrefetch)
                  000800d2    00000004                   : sysctl.obj (.TI.ramfunc)

.text      0    00082000    000017cf     
                  00082000    0000013e     driverlib.lib : sysctl.obj (.text:SysCtl_setClock)
                  0008213e    000000ea                   : sysctl.obj (.text:SysCtl_isPLLValid)
                  00082228    000000c9     board.obj (.text:PinMux_init)
                  000822f1    000000af     driverlib.lib : gpio.obj (.text:GPIO_setAnalogMode)
                  000823a0    00000088     rts2800_fpu32_eabi.lib : fs_div28.asm.obj (.text)
                  00082428    00000078     Load_Bank_Master.obj (.text:set_all_switches)
                  000824a0    00000077     Load_Bank_Master.obj (.text:main)
                  00082517    00000073     driverlib.lib : sysctl.obj (.text:DCC_setCounterSeeds)
                  0008258a    0000006e     device.obj (.text:Device_enableAllPeripherals)
                  000825f8    00000065     driverlib.lib : sysctl.obj (.text:SysCtl_getClock)
                  0008265d    0000005c     board.obj (.text:CURRENT_SENSE1_init)
                  000826b9    0000005c     board.obj (.text:CURRENT_SENSE2_init)
                  00082715    0000005c     board.obj (.text:CURRENT_SENSE3_init)
                  00082771    0000005b     device.obj (.text:Device_init)
                  000827cc    00000059     Load_Bank_Master.obj (.text:process_phase_query_msg)
                  00082825    00000052     driverlib.lib : gpio.obj (.text:GPIO_setPadConfig)
                  00082877    00000049                   : cmpss.obj (.text:CMPSS_configFilterHigh)
                  000828c0    00000049                   : cmpss.obj (.text:CMPSS_configFilterLow)
                  00082909    00000045                   : sci.obj (.text:SCI_clearInterruptStatus)
                  0008294e    00000045                   : sysctl.obj (.text:SysCtl_pollX1Counter)
                  00082993    00000042                   : sysctl.obj (.text:SysCtl_selectOscSource)
                  000829d5    00000041                   : sci.obj (.text:SCI_writeCharArray)
                  00082a16    0000003e                   : sci.obj (.text:SCI_setConfig)
                  00082a54    0000003d                   : interrupt.obj (.text:Interrupt_initModule)
                  00082a91    0000003d                   : sysctl.obj (.text:SysCtl_selectXTAL)
                  00082ace    00000037                   : gpio.obj (.text:GPIO_setPinConfig)
                  00082b05    00000037                   : gpio.obj (.text:GPIO_setQualificationMode)
                  00082b3c    00000037                   : interrupt.obj (.text:Interrupt_enable)
                  00082b73    00000037     board.obj (.text:UART_init)
                  00082baa    00000032     Load_Bank_Master.obj (.text:INT_TIMER_10S_ISR)
                  00082bdc    00000031     driverlib.lib : gpio.obj (.text:GPIO_setDirectionMode)
                  00082c0d    00000030     rts2800_fpu32_eabi.lib : copy_decompress_lzss.c.obj (.text:decompress:lzss)
                  00082c3d    00000030     Load_Bank_Master.obj (.text:process_zcs_msg)
                  00082c6d    0000002f     Load_Bank_Master.obj (.text:process_sw_query_msg)
                  00082c9c    0000002b     driverlib.lib : cmpss.obj (.text:CMPSS_configLatchOnPWMSYNC)
                  00082cc7    0000002b     board.obj (.text:CMPSS_setHysteresis)
                  00082cf2    0000002b     rts2800_fpu32_eabi.lib : autoinit.c.obj (.text:__TI_auto_init_nobinit_nopinit)
                  00082d1d    00000029                            : exit.c.obj (.text)
                  00082d46    00000027     Load_Bank_Master.obj (.text:GPIO_writePin)
                  00082d6d    00000026     board.obj (.text:ASysCtl_selectCMPHNMuxValue)
                  00082d93    00000026     Load_Bank_Master.obj (.text:write_msg)
                  00082db9    00000025     board.obj (.text:CMPSS_configBlanking)
                  00082dde    00000025     board.obj (.text:GPIO_init)
                  00082e03    00000024     driverlib.lib : sysctl.obj (.text:DCC_enableSingleShotMode)
                  00082e27    00000023     Load_Bank_Master.obj (.text:GPIO_readPin)
                  00082e4a    00000023     board.obj (.text:TIMER_10S_init)
                  00082e6d    00000023     Load_Bank_Master.obj (.text:buf_to_mask)
                  00082e90    00000021     Load_Bank_Master.obj (.text:process_phase_msg)
                  00082eb1    00000020     board.obj (.text:ASysCtl_selectCMPHPMux)
                  00082ed1    00000020     board.obj (.text:ASysCtl_selectCMPLPMux)
                  00082ef1    00000020     driverlib.lib : sci.obj (.text:SCI_isFIFOEnabled)
                  00082f11    00000020                   : sysctl.obj (.text:SysCtl_selectXTALSingleEnded)
                  00082f31    0000001e                   : sysctl.obj (.text:DCC_setCounter0ClkSource)
                  00082f4f    0000001e                   : sysctl.obj (.text:DCC_setCounter1ClkSource)
                  00082f6d    0000001e                   : interrupt.obj (.text:Interrupt_initVectorTable)
                  00082f8b    0000001e     Load_Bank_Master.obj (.text:SCI_readCharBlockingFIFO)
                  00082fa9    0000001d     board.obj (.text:CMPSS_setDACValueLow)
                  00082fc6    0000001d     board.obj (.text:SCI_enableFIFO)
                  00082fe3    0000001d     Load_Bank_Master.obj (.text:process_sw_msg)
                  00083000    0000001d     rts2800_fpu32_eabi.lib : memcpy.c.obj (.text)
                  0008301d    0000001b     Load_Bank_Master.obj (.text:CMPSS_isBaseValid)
                  00083038    0000001b     board.obj (.text:CMPSS_isBaseValid)
                  00083053    0000001b     driverlib.lib : cmpss.obj (.text:CMPSS_isBaseValid)
                  0008306e    0000001b     board.obj (.text:CMPSS_setDACValueHigh)
                  00083089    0000001a     Load_Bank_Master.obj (.text:CPUTimer_startTimer)
                  000830a3    0000001a     driverlib.lib : sci.obj (.text:SCI_isSpaceAvailableNonFIFO)
                  000830bd    0000001a                   : sysctl.obj (.text:SysCtl_getLowSpeedClock)
                  000830d7    00000019     board.obj (.text:CMPSS_configLowComparator)
                  000830f0    00000018     driverlib.lib : sci.obj (.text:SCI_disableModule)
                  00083108    00000018     board.obj (.text:SCI_performSoftwareReset)
                  00083120    00000018     driverlib.lib : sci.obj (.text:SCI_performSoftwareReset)
                  00083138    00000018     board.obj (.text:SCI_resetChannels)
                  00083150    00000018     board.obj (.text:SCI_resetRxFIFO)
                  00083168    00000018     board.obj (.text:SCI_resetTxFIFO)
                  00083180    00000018     Load_Bank_Master.obj (.text:mask_to_buf)
                  00083198    00000018     Load_Bank_Master.obj (.text:strncmp)
                  000831b0    00000017     board.obj (.text:CMPSS_isLiteBaseValid)
                  000831c7    00000017     Load_Bank_Master.obj (.text:CPUTimer_isBaseValid)
                  000831de    00000017     board.obj (.text:CPUTimer_isBaseValid)
                  000831f5    00000017     driverlib.lib : cputimer.obj (.text:CPUTimer_isBaseValid)
                  0008320c    00000017     board.obj (.text:CPUTimer_setPreScaler)
                  00083223    00000017     Load_Bank_Master.obj (.text:SCI_isBaseValid)
                  0008323a    00000017     board.obj (.text:SCI_isBaseValid)
                  00083251    00000017     driverlib.lib : sci.obj (.text:SCI_isBaseValid)
                  00083268    00000017     device.obj (.text:SysCtl_enablePeripheral)
                  0008327f    00000017     driverlib.lib : sysctl.obj (.text:SysCtl_enablePeripheral)
                  00083296    00000017     rts2800_fpu32_eabi.lib : boot28.asm.obj (.text)
                  000832ad    00000016     board.obj (.text:CMPSS_configHighComparator)
                  000832c3    00000016     driverlib.lib : sysctl.obj (.text:DCC_disableDoneSignal)
                  000832d9    00000016                   : interrupt.obj (.text:Interrupt_defaultHandler)
                  000832ef    00000016                   : sysctl.obj (.text:SysCtl_setIntOSC2_Mode)
                  00083305    00000016     Load_Bank_Master.obj (.text:read_msg)
                  0008331b    00000015     board.obj (.text:CMPSSLITE_configDAC)
                  00083330    00000015     board.obj (.text:CMPSS_disableBlanking)
                  00083345    00000015     board.obj (.text:CMPSS_disableLatchResetOnPWMSYNCHigh)
                  0008335a    00000015     board.obj (.text:CMPSS_disableLatchResetOnPWMSYNCLow)
                  0008336f    00000015     board.obj (.text:CPUTimer_enableInterrupt)
                  00083384    00000015     driverlib.lib : sysctl.obj (.text:DCC_clearDoneFlag)
                  00083399    00000015                   : sysctl.obj (.text:DCC_clearErrorFlag)
                  000833ae    00000015                   : sysctl.obj (.text:DCC_disableErrorSignal)
                  000833c3    00000015     device.obj (.text:GPIO_unlockPortConfig)
                  000833d8    00000014     Load_Bank_Master.obj (.text:CPUTimer_reloadTimerCounter)
                  000833ec    00000014     board.obj (.text:CPUTimer_reloadTimerCounter)
                  00083400    00000014     board.obj (.text:CPUTimer_stopTimer)
                  00083414    00000014     driverlib.lib : sysctl.obj (.text:DCC_disableModule)
                  00083428    00000014                   : sysctl.obj (.text:DCC_enableModule)
                  0008343c    00000014     Load_Bank_Master.obj (.text:GPIO_isPinValid)
                  00083450    00000014     driverlib.lib : gpio.obj (.text:GPIO_isPinValid)
                  00083464    00000014     Load_Bank_Master.obj (.text:SCI_getRxFIFOStatus)
                  00083478    00000014     driverlib.lib : sci.obj (.text:SCI_getTxFIFOStatus)
                  0008348c    00000014                   : sysctl.obj (.text:SysCtl_setPLLSysClk)
                  000834a0    00000013     board.obj (.text:CMPSS_enableModule)
                  000834b3    00000013     driverlib.lib : cputimer.obj (.text:CPUTimer_setEmulationMode)
                  000834c6    00000013     board.obj (.text:SCI_clearOverflowStatus)
                  000834d9    00000013     board.obj (.text:SCI_enableModule)
                  000834ec    00000013     driverlib.lib : sci.obj (.text:SCI_enableModule)
                  000834ff    00000013     Load_Bank_Master.obj (.text:get_comparator_value)
                  00083512    00000013     Load_Bank_Master.obj (.text:read_char)
                  00083525    00000012     Load_Bank_Master.obj (.text:set_switch_state)
                  00083537    00000011     board.obj (.text:CPUTimer_setPeriod)
                  00083548    00000011     board.obj (.text:SCI_disableLoopback)
                  00083559    00000011     Load_Bank_Master.obj (.text:clear_buf)
                  0008356a    00000011     Load_Bank_Master.obj (.text:process_zcs_query_msg)
                  0008357b    00000010     Load_Bank_Master.obj (.text:CMPSS_getStatus)
                  0008358b    00000010     driverlib.lib : sysctl.obj (.text:DCC_isBaseValid)
                  0008359b    00000010     device.obj (.text:Device_initGPIO)
                  000835ab    00000010     driverlib.lib : flash.obj (.text:Flash_isCtrlBaseValid)
                  000835bb    00000010                   : flash.obj (.text:Flash_isECCBaseValid)
                  000835cb    00000010     Load_Bank_Master.obj (.text:SCI_getRxStatus)
                  000835db    00000010     board.obj (.text:SWITCH10_init)
                  000835eb    00000010     board.obj (.text:SWITCH11_init)
                  000835fb    00000010     board.obj (.text:SWITCH12_init)
                  0008360b    00000010     board.obj (.text:SWITCH13_init)
                  0008361b    00000010     board.obj (.text:SWITCH14_init)
                  0008362b    00000010     board.obj (.text:SWITCH15_init)
                  0008363b    00000010     board.obj (.text:SWITCH16_init)
                  0008364b    00000010     board.obj (.text:SWITCH17_init)
                  0008365b    00000010     board.obj (.text:SWITCH18_init)
                  0008366b    00000010     board.obj (.text:SWITCH1_init)
                  0008367b    00000010     board.obj (.text:SWITCH2_init)
                  0008368b    00000010     board.obj (.text:SWITCH3_init)
                  0008369b    00000010     board.obj (.text:SWITCH4_init)
                  000836ab    00000010     board.obj (.text:SWITCH5_init)
                  000836bb    00000010     board.obj (.text:SWITCH6_init)
                  000836cb    00000010     board.obj (.text:SWITCH7_init)
                  000836db    00000010     board.obj (.text:SWITCH8_init)
                  000836eb    00000010     board.obj (.text:SWITCH9_init)
                  000836fb    0000000f     board.obj (.text:Board_init)
                  0008370a    0000000f     board.obj (.text:Interrupt_register)
                  00083719    0000000d     board.obj (.text:INTERRUPT_init)
                  00083726    0000000d     driverlib.lib : interrupt.obj (.text:Interrupt_disableGlobal)
                  00083733    0000000d                   : interrupt.obj (.text:Interrupt_enableGlobal)
                  00083740    0000000d     device.obj (.text:SysCtl_setLowSpeedClock)
                  0008374d    0000000c     rts2800_fpu32_eabi.lib : args_main.c.obj (.text)
                  00083759    0000000b     driverlib.lib : sysctl.obj (.text:SysCtl_isMCDClockFailureDetected)
                  00083764    0000000a                   : sysctl.obj (.text:ASysCtl_getExtROscStatus)
                  0008376e    0000000a                   : interrupt.obj (.text:Interrupt_illegalOperationHandler)
                  00083778    0000000a                   : interrupt.obj (.text:Interrupt_nmiHandler)
                  00083782    00000009     rts2800_fpu32_eabi.lib : _lock.c.obj (.text)
                  0008378b    00000008     device.obj (.text:SysCtl_disableWatchdog)
                  00083793    00000008     rts2800_fpu32_eabi.lib : copy_decompress_none.c.obj (.text:decompress:none)
                  0008379b    00000008     f280013x_codestartbranch.obj (.text)
                  000837a3    00000007     device.obj (.text:ASysCtl_lockVREG)
                  000837aa    00000007     board.obj (.text:CMPSSLITE_init)
                  000837b1    00000007     driverlib.lib : sysctl.obj (.text:SysCtl_resetMCD)
                  000837b8    00000007     device.obj (.text:__error__)
                  000837bf    00000006     Load_Bank_Master.obj (.text:Interrupt_clearACKGroup)
                  000837c5    00000003     board.obj (.text:CPUTIMER_init)
                  000837c8    00000003     board.obj (.text:SCI_init)
                  000837cb    00000002     rts2800_fpu32_eabi.lib : pre_init.c.obj (.text)
                  000837cd    00000001     c2000ware_libraries.obj (.text:C2000Ware_libraries_init)
                  000837ce    00000001     rts2800_fpu32_eabi.lib : startup.c.obj (.text)

.const     0    00088000    0000055b     
                  00088000    0000015e     Load_Bank_Master.obj (.const:.string)
                  0008815e    0000014a     board.obj (.const:.string)
                  000882a8    00000080     driverlib.lib : flash.obj (.const:.string)
                  00088328    0000007f                   : gpio.obj (.const:.string)
                  000883a7    00000001     --HOLE-- [fill = 0]
                  000883a8    0000007f                   : sysctl.obj (.const:.string)
                  00088427    00000001     --HOLE-- [fill = 0]
                  00088428    0000007c                   : sci.obj (.const:.string)
                  000884a4    00000043                   : cputimer.obj (.const:.string)
                  000884e7    00000001     --HOLE-- [fill = 0]
                  000884e8    00000040                   : cmpss.obj (.const:.string)
                  00088528    00000020     Load_Bank_Master.obj (.const:.string:$P$T0$1)
                  00088548    00000013     device.obj (.const:.string)

MODULE SUMMARY

       Module                         code   ro data   rw data
       ------                         ----   -------   -------
    .\
       Load_Bank_Master.obj           1069   382       34     
    +--+------------------------------+------+---------+---------+
       Total:                         1069   382       34     
                                                              
    .\device\
       device.obj                     296    19        0      
       f280013x_codestartbranch.obj   10     0         0      
    +--+------------------------------+------+---------+---------+
       Total:                         306    19        0      
                                                              
    .\syscfg\
       board.obj                      1713   330       0      
       c2000ware_libraries.obj        1      0         0      
    +--+------------------------------+------+---------+---------+
       Total:                         1714   330       0      
                                                              
    C:/ti/C2000Ware_5_00_00_00/driverlib/f280013x/driverlib/ccs/Debug/driverlib.lib
       sysctl.obj                     1360   127       0      
       flash.obj                      436    128       0      
       gpio.obj                       436    127       0      
       sci.obj                        364    124       0      
       cmpss.obj                      216    64        0      
       interrupt.obj                  214    0         0      
       cputimer.obj                   42     67        0      
    +--+------------------------------+------+---------+---------+
       Total:                         3068   637       0      
                                                              
    C:\ti\ccs1250\ccs\tools\compiler\ti-cgt-c2000_22.6.1.LTS\lib\rts2800_fpu32_eabi.lib
       fs_div28.asm.obj               136    0         0      
       copy_decompress_lzss.c.obj     48     0         0      
       exit.c.obj                     41     0         6      
       autoinit.c.obj                 43     0         0      
       memcpy.c.obj                   29     0         0      
       boot28.asm.obj                 23     0         0      
       _lock.c.obj                    9      0         4      
       args_main.c.obj                12     0         0      
       copy_decompress_none.c.obj     8      0         0      
       pre_init.c.obj                 2      0         0      
       startup.c.obj                  1      0         0      
    +--+------------------------------+------+---------+---------+
       Total:                         352    0         10     
                                                              
       Stack:                         0      0         512    
       Linker Generated:              0      47        0      
    +--+------------------------------+------+---------+---------+
       Grand Total:                   6509   1415      556    


LINKER GENERATED COPY TABLES

__TI_cinit_table @ 00080104 records: 1, size/record: 4, table size: 4
	.data: load addr=000800d8, load size=00000027 bytes, run addr=000080ce, run size=0000002c bytes, compression=lzss


LINKER GENERATED HANDLER TABLE

__TI_handler_table @ 00080100 records: 2, size/record: 2, table size: 4
	index: 0, handler: __TI_decompress_lzss
	index: 1, handler: __TI_decompress_none


GLOBAL DATA SYMBOLS: SORTED BY DATA PAGE

address     data page           name
--------    ----------------    ----
00000400      10 (00000400)     __stack

000080ce     203 (000080c0)     switch_num_mapping
000080e0     203 (000080c0)     comparator_num_mapping
000080e6     203 (000080c0)     phases
000080ec     203 (000080c0)     __TI_enable_exit_profile_output
000080ee     203 (000080c0)     __TI_cleanup_ptr
000080f0     203 (000080c0)     __TI_dtors_ptr
000080f2     203 (000080c0)     zcs
000080f3     203 (000080c0)     timer_fired
000080f4     203 (000080c0)     state
000080f6     203 (000080c0)     _lock
000080f8     203 (000080c0)     _unlock


GLOBAL SYMBOLS: SORTED ALPHABETICALLY BY Name 

page  address   name                             
----  -------   ----                             
0     000836fb  Board_init                       
0     00082d1d  C$$EXIT                          
0     000837cd  C2000Ware_libraries_init         
0     000837aa  CMPSSLITE_init                   
0     00082877  CMPSS_configFilterHigh           
0     000828c0  CMPSS_configFilterLow            
0     00082c9c  CMPSS_configLatchOnPWMSYNC       
0     000837c5  CPUTIMER_init                    
0     000834b3  CPUTimer_setEmulationMode        
0     0008265d  CURRENT_SENSE1_init              
0     000826b9  CURRENT_SENSE2_init              
0     00082715  CURRENT_SENSE3_init              
0     0008258a  Device_enableAllPeripherals      
0     00082771  Device_init                      
0     0008359b  Device_initGPIO                  
0     00008000  Flash_initModule                 
0     00082dde  GPIO_init                        
0     000822f1  GPIO_setAnalogMode               
0     00082bdc  GPIO_setDirectionMode            
0     00082825  GPIO_setPadConfig                
0     00082ace  GPIO_setPinConfig                
0     00082b05  GPIO_setQualificationMode        
0     00083719  INTERRUPT_init                   
0     00082baa  INT_TIMER_10S_ISR                
0     000832d9  Interrupt_defaultHandler         
0     00082b3c  Interrupt_enable                 
0     0008376e  Interrupt_illegalOperationHandler
0     00082a54  Interrupt_initModule             
0     00082f6d  Interrupt_initVectorTable        
0     00083778  Interrupt_nmiHandler             
0     00082228  PinMux_init                      
0     000800d6  RamfuncsLoadEnd                  
abs   000000ce  RamfuncsLoadSize                 
0     00080008  RamfuncsLoadStart                
0     000080ce  RamfuncsRunEnd                   
abs   000000ce  RamfuncsRunSize                  
0     00008000  RamfuncsRunStart                 
0     00082909  SCI_clearInterruptStatus         
0     000837c8  SCI_init                         
0     00082a16  SCI_setConfig                    
0     000829d5  SCI_writeCharArray               
0     000835db  SWITCH10_init                    
0     000835eb  SWITCH11_init                    
0     000835fb  SWITCH12_init                    
0     0008360b  SWITCH13_init                    
0     0008361b  SWITCH14_init                    
0     0008362b  SWITCH15_init                    
0     0008363b  SWITCH16_init                    
0     0008364b  SWITCH17_init                    
0     0008365b  SWITCH18_init                    
0     0008366b  SWITCH1_init                     
0     0008367b  SWITCH2_init                     
0     0008368b  SWITCH3_init                     
0     0008369b  SWITCH4_init                     
0     000836ab  SWITCH5_init                     
0     000836bb  SWITCH6_init                     
0     000836cb  SWITCH7_init                     
0     000836db  SWITCH8_init                     
0     000836eb  SWITCH9_init                     
0     000080ca  SysCtl_delay                     
0     000825f8  SysCtl_getClock                  
0     000830bd  SysCtl_getLowSpeedClock          
0     0008213e  SysCtl_isPLLValid                
0     00082993  SysCtl_selectOscSource           
0     00082a91  SysCtl_selectXTAL                
0     00082f11  SysCtl_selectXTALSingleEnded     
0     00082000  SysCtl_setClock                  
0     00082e4a  TIMER_10S_init                   
0     00082b73  UART_init                        
0     00080104  __TI_CINIT_Base                  
0     00080108  __TI_CINIT_Limit                 
0     00080108  __TI_CINIT_Warm                  
0     00080100  __TI_Handler_Table_Base          
0     00080104  __TI_Handler_Table_Limit         
0     00000600  __TI_STACK_END                   
abs   00000200  __TI_STACK_SIZE                  
0     00082cf2  __TI_auto_init_nobinit_nopinit   
0     000080ee  __TI_cleanup_ptr                 
0     00082c0d  __TI_decompress_lzss             
0     00083793  __TI_decompress_none             
0     000080f0  __TI_dtors_ptr                   
0     000080ec  __TI_enable_exit_profile_output  
abs   ffffffff  __TI_pprof_out_hndl              
abs   ffffffff  __TI_prof_data_size              
abs   ffffffff  __TI_prof_data_start             
0     000823a0  __c28xabi_divf                   
n/a   UNDEFED   __c_args__                       
0     000837b8  __error__                        
0     00000400  __stack                          
0     0008374d  _args_main                       
0     00083296  _c_int00                         
0     000080f6  _lock                            
0     0008378a  _nop                             
0     00083786  _register_lock                   
0     00083782  _register_unlock                 
0     000837ce  _system_post_cinit               
0     000837cb  _system_pre_init                 
0     000080f8  _unlock                          
0     00082d1d  abort                            
0     00082e6d  buf_to_mask                      
0     00083559  clear_buf                        
0     00080000  code_start                       
0     000080e0  comparator_num_mapping           
0     00082d1f  exit                             
0     000834ff  get_comparator_value             
0     000824a0  main                             
0     00083180  mask_to_buf                      
0     00083000  memcpy                           
0     000080e6  phases                           
0     00082e90  process_phase_msg                
0     000827cc  process_phase_query_msg          
0     00082fe3  process_sw_msg                   
0     00082c6d  process_sw_query_msg             
0     00082c3d  process_zcs_msg                  
0     0008356a  process_zcs_query_msg            
0     00083512  read_char                        
0     00083305  read_msg                         
0     00082428  set_all_switches                 
0     00083525  set_switch_state                 
0     000080f4  state                            
0     00083198  strncmp                          
0     000080ce  switch_num_mapping               
0     000080f3  timer_fired                      
0     00082d93  write_msg                        
0     000080f2  zcs                              


GLOBAL SYMBOLS: SORTED BY Symbol Address 

page  address   name                             
----  -------   ----                             
0     00000400  __stack                          
0     00000600  __TI_STACK_END                   
0     00008000  Flash_initModule                 
0     00008000  RamfuncsRunStart                 
0     000080ca  SysCtl_delay                     
0     000080ce  RamfuncsRunEnd                   
0     000080ce  switch_num_mapping               
0     000080e0  comparator_num_mapping           
0     000080e6  phases                           
0     000080ec  __TI_enable_exit_profile_output  
0     000080ee  __TI_cleanup_ptr                 
0     000080f0  __TI_dtors_ptr                   
0     000080f2  zcs                              
0     000080f3  timer_fired                      
0     000080f4  state                            
0     000080f6  _lock                            
0     000080f8  _unlock                          
0     00080000  code_start                       
0     00080008  RamfuncsLoadStart                
0     000800d6  RamfuncsLoadEnd                  
0     00080100  __TI_Handler_Table_Base          
0     00080104  __TI_CINIT_Base                  
0     00080104  __TI_Handler_Table_Limit         
0     00080108  __TI_CINIT_Limit                 
0     00080108  __TI_CINIT_Warm                  
0     00082000  SysCtl_setClock                  
0     0008213e  SysCtl_isPLLValid                
0     00082228  PinMux_init                      
0     000822f1  GPIO_setAnalogMode               
0     000823a0  __c28xabi_divf                   
0     00082428  set_all_switches                 
0     000824a0  main                             
0     0008258a  Device_enableAllPeripherals      
0     000825f8  SysCtl_getClock                  
0     0008265d  CURRENT_SENSE1_init              
0     000826b9  CURRENT_SENSE2_init              
0     00082715  CURRENT_SENSE3_init              
0     00082771  Device_init                      
0     000827cc  process_phase_query_msg          
0     00082825  GPIO_setPadConfig                
0     00082877  CMPSS_configFilterHigh           
0     000828c0  CMPSS_configFilterLow            
0     00082909  SCI_clearInterruptStatus         
0     00082993  SysCtl_selectOscSource           
0     000829d5  SCI_writeCharArray               
0     00082a16  SCI_setConfig                    
0     00082a54  Interrupt_initModule             
0     00082a91  SysCtl_selectXTAL                
0     00082ace  GPIO_setPinConfig                
0     00082b05  GPIO_setQualificationMode        
0     00082b3c  Interrupt_enable                 
0     00082b73  UART_init                        
0     00082baa  INT_TIMER_10S_ISR                
0     00082bdc  GPIO_setDirectionMode            
0     00082c0d  __TI_decompress_lzss             
0     00082c3d  process_zcs_msg                  
0     00082c6d  process_sw_query_msg             
0     00082c9c  CMPSS_configLatchOnPWMSYNC       
0     00082cf2  __TI_auto_init_nobinit_nopinit   
0     00082d1d  C$$EXIT                          
0     00082d1d  abort                            
0     00082d1f  exit                             
0     00082d93  write_msg                        
0     00082dde  GPIO_init                        
0     00082e4a  TIMER_10S_init                   
0     00082e6d  buf_to_mask                      
0     00082e90  process_phase_msg                
0     00082f11  SysCtl_selectXTALSingleEnded     
0     00082f6d  Interrupt_initVectorTable        
0     00082fe3  process_sw_msg                   
0     00083000  memcpy                           
0     000830bd  SysCtl_getLowSpeedClock          
0     00083180  mask_to_buf                      
0     00083198  strncmp                          
0     00083296  _c_int00                         
0     000832d9  Interrupt_defaultHandler         
0     00083305  read_msg                         
0     000834b3  CPUTimer_setEmulationMode        
0     000834ff  get_comparator_value             
0     00083512  read_char                        
0     00083525  set_switch_state                 
0     00083559  clear_buf                        
0     0008356a  process_zcs_query_msg            
0     0008359b  Device_initGPIO                  
0     000835db  SWITCH10_init                    
0     000835eb  SWITCH11_init                    
0     000835fb  SWITCH12_init                    
0     0008360b  SWITCH13_init                    
0     0008361b  SWITCH14_init                    
0     0008362b  SWITCH15_init                    
0     0008363b  SWITCH16_init                    
0     0008364b  SWITCH17_init                    
0     0008365b  SWITCH18_init                    
0     0008366b  SWITCH1_init                     
0     0008367b  SWITCH2_init                     
0     0008368b  SWITCH3_init                     
0     0008369b  SWITCH4_init                     
0     000836ab  SWITCH5_init                     
0     000836bb  SWITCH6_init                     
0     000836cb  SWITCH7_init                     
0     000836db  SWITCH8_init                     
0     000836eb  SWITCH9_init                     
0     000836fb  Board_init                       
0     00083719  INTERRUPT_init                   
0     0008374d  _args_main                       
0     0008376e  Interrupt_illegalOperationHandler
0     00083778  Interrupt_nmiHandler             
0     00083782  _register_unlock                 
0     00083786  _register_lock                   
0     0008378a  _nop                             
0     00083793  __TI_decompress_none             
0     000837aa  CMPSSLITE_init                   
0     000837b8  __error__                        
0     000837c5  CPUTIMER_init                    
0     000837c8  SCI_init                         
0     000837cb  _system_pre_init                 
0     000837cd  C2000Ware_libraries_init         
0     000837ce  _system_post_cinit               
abs   000000ce  RamfuncsLoadSize                 
abs   000000ce  RamfuncsRunSize                  
abs   00000200  __TI_STACK_SIZE                  
abs   ffffffff  __TI_pprof_out_hndl              
abs   ffffffff  __TI_prof_data_size              
abs   ffffffff  __TI_prof_data_start             
n/a   UNDEFED   __c_args__                       

[125 symbols]
