******************************************************************************
             TMS320C2000 Linker PC v22.6.1                     
******************************************************************************
>> Linked Mon Nov 27 18:54:49 2023

OUTPUT FILE NAME:   <Load_Bank_Master.out>
ENTRY POINT SYMBOL: "code_start"  address: 00080000


MEMORY CONFIGURATION

         name            origin    length      used     unused   attr    fill
----------------------  --------  ---------  --------  --------  ----  --------
  BOOT_RSVD             00000002   00000126  00000000  00000126  RWIX
  RAMM0                 00000128   000002d8  00000000  000002d8  RWIX
  RAMM1                 00000400   000003f8  00000300  000000f8  RWIX
  RAMLS0                00008000   00002000  00000383  00001c7d  RWIX
  RAMLS1                0000a000   00001ff8  00000000  00001ff8  RWIX
  BEGIN                 00080000   00000002  00000002  00000000  RWIX
  FLASH_BANK0_SEC_0_31  00080002   00007fee  00001e26  000061c8  RWIX
  RESET                 003fffc0   00000002  00000000  00000002  RWIX


SECTION ALLOCATION MAP

 output                                  attributes/
section   page    origin      length       input sections
--------  ----  ----------  ----------   ----------------
codestart 
*          0    00080000    00000002     
                  00080000    00000002     f280013x_codestartbranch.obj (codestart)

.text      0    00080360    00001544     
                  00080360    0000013e     driverlib.lib : sysctl.obj (.text:SysCtl_setClock)
                  0008049e    000000ea                   : sysctl.obj (.text:SysCtl_isPLLValid)
                  00080588    000000c9     board.obj (.text:PinMux_init)
                  00080651    000000af     driverlib.lib : gpio.obj (.text:GPIO_setAnalogMode)
                  00080700    00000088     rts2800_fpu32_eabi.lib : fs_div28.asm.obj (.text)
                  00080788    00000075     Load_Bank_Master.obj (.text:main)
                  000807fd    00000073     driverlib.lib : sysctl.obj (.text:DCC_setCounterSeeds)
                  00080870    0000006e     device.obj (.text:Device_enableAllPeripherals)
                  000808de    00000065     driverlib.lib : sysctl.obj (.text:SysCtl_getClock)
                  00080943    0000005c     board.obj (.text:CURRENT_SENSE1_init)
                  0008099f    0000005c     board.obj (.text:CURRENT_SENSE2_init)
                  000809fb    0000005c     board.obj (.text:CURRENT_SENSE3_init)
                  00080a57    0000005b     device.obj (.text:Device_init)
                  00080ab2    00000052     driverlib.lib : gpio.obj (.text:GPIO_setPadConfig)
                  00080b04    00000049                   : cmpss.obj (.text:CMPSS_configFilterHigh)
                  00080b4d    00000049                   : cmpss.obj (.text:CMPSS_configFilterLow)
                  00080b96    00000045                   : sci.obj (.text:SCI_clearInterruptStatus)
                  00080bdb    00000045                   : sysctl.obj (.text:SysCtl_pollX1Counter)
                  00080c20    00000042                   : sysctl.obj (.text:SysCtl_selectOscSource)
                  00080c62    00000041                   : sci.obj (.text:SCI_writeCharArray)
                  00080ca3    0000003e                   : sci.obj (.text:SCI_setConfig)
                  00080ce1    0000003d                   : interrupt.obj (.text:Interrupt_initModule)
                  00080d1e    0000003d                   : sysctl.obj (.text:SysCtl_selectXTAL)
                  00080d5b    00000037                   : gpio.obj (.text:GPIO_setPinConfig)
                  00080d92    00000037                   : gpio.obj (.text:GPIO_setQualificationMode)
                  00080dc9    00000037                   : interrupt.obj (.text:Interrupt_enable)
                  00080e00    00000037     board.obj (.text:UART_init)
                  00080e37    00000031     driverlib.lib : gpio.obj (.text:GPIO_setDirectionMode)
                  00080e68    00000030     rts2800_fpu32_eabi.lib : copy_decompress_lzss.c.obj (.text:decompress:lzss)
                  00080e98    0000002b     driverlib.lib : cmpss.obj (.text:CMPSS_configLatchOnPWMSYNC)
                  00080ec3    0000002b     board.obj (.text:CMPSS_setHysteresis)
                  00080eee    0000002b     rts2800_fpu32_eabi.lib : autoinit.c.obj (.text:__TI_auto_init_nobinit_nopinit)
                  00080f19    00000029                            : exit.c.obj (.text)
                  00080f42    00000027     Load_Bank_Master.obj (.text:GPIO_writePin)
                  00080f69    00000026     board.obj (.text:ASysCtl_selectCMPHNMuxValue)
                  00080f8f    00000025     board.obj (.text:CMPSS_configBlanking)
                  00080fb4    00000025     board.obj (.text:GPIO_init)
                  00080fd9    00000024     driverlib.lib : sysctl.obj (.text:DCC_enableSingleShotMode)
                  00080ffd    00000023     Load_Bank_Master.obj (.text:GPIO_readPin)
                  00081020    00000023     board.obj (.text:TIMER_10S_init)
                  00081043    00000020     board.obj (.text:ASysCtl_selectCMPHPMux)
                  00081063    00000020     board.obj (.text:ASysCtl_selectCMPLPMux)
                  00081083    00000020     driverlib.lib : sci.obj (.text:SCI_isFIFOEnabled)
                  000810a3    00000020                   : sysctl.obj (.text:SysCtl_selectXTALSingleEnded)
                  000810c3    0000001e                   : sysctl.obj (.text:DCC_setCounter0ClkSource)
                  000810e1    0000001e                   : sysctl.obj (.text:DCC_setCounter1ClkSource)
                  000810ff    0000001e                   : interrupt.obj (.text:Interrupt_initVectorTable)
                  0008111d    0000001e     Load_Bank_Master.obj (.text:SCI_readCharBlockingFIFO)
                  0008113b    0000001d     board.obj (.text:CMPSS_setDACValueLow)
                  00081158    0000001d     board.obj (.text:SCI_enableFIFO)
                  00081175    0000001d     rts2800_fpu32_eabi.lib : memcpy.c.obj (.text)
                  00081192    0000001b     Load_Bank_Master.obj (.text:CMPSS_isBaseValid)
                  000811ad    0000001b     board.obj (.text:CMPSS_isBaseValid)
                  000811c8    0000001b     driverlib.lib : cmpss.obj (.text:CMPSS_isBaseValid)
                  000811e3    0000001b     board.obj (.text:CMPSS_setDACValueHigh)
                  000811fe    0000001a     Load_Bank_Master.obj (.text:CPUTimer_startTimer)
                  00081218    0000001a     driverlib.lib : sci.obj (.text:SCI_isSpaceAvailableNonFIFO)
                  00081232    0000001a                   : sysctl.obj (.text:SysCtl_getLowSpeedClock)
                  0008124c    00000019     board.obj (.text:CMPSS_configLowComparator)
                  00081265    00000018     driverlib.lib : sci.obj (.text:SCI_disableModule)
                  0008127d    00000018     board.obj (.text:SCI_performSoftwareReset)
                  00081295    00000018     driverlib.lib : sci.obj (.text:SCI_performSoftwareReset)
                  000812ad    00000018     board.obj (.text:SCI_resetChannels)
                  000812c5    00000018     board.obj (.text:SCI_resetRxFIFO)
                  000812dd    00000018     board.obj (.text:SCI_resetTxFIFO)
                  000812f5    00000017     board.obj (.text:CMPSS_isLiteBaseValid)
                  0008130c    00000017     Load_Bank_Master.obj (.text:CPUTimer_isBaseValid)
                  00081323    00000017     board.obj (.text:CPUTimer_isBaseValid)
                  0008133a    00000017     driverlib.lib : cputimer.obj (.text:CPUTimer_isBaseValid)
                  00081351    00000017     board.obj (.text:CPUTimer_setPreScaler)
                  00081368    00000017     Load_Bank_Master.obj (.text:SCI_isBaseValid)
                  0008137f    00000017     board.obj (.text:SCI_isBaseValid)
                  00081396    00000017     driverlib.lib : sci.obj (.text:SCI_isBaseValid)
                  000813ad    00000017     device.obj (.text:SysCtl_enablePeripheral)
                  000813c4    00000017     driverlib.lib : sysctl.obj (.text:SysCtl_enablePeripheral)
                  000813db    00000017     rts2800_fpu32_eabi.lib : boot28.asm.obj (.text)
                  000813f2    00000016     board.obj (.text:CMPSS_configHighComparator)
                  00081408    00000016     driverlib.lib : sysctl.obj (.text:DCC_disableDoneSignal)
                  0008141e    00000016                   : interrupt.obj (.text:Interrupt_defaultHandler)
                  00081434    00000016                   : sysctl.obj (.text:SysCtl_setIntOSC2_Mode)
                  0008144a    00000015     board.obj (.text:CMPSSLITE_configDAC)
                  0008145f    00000015     board.obj (.text:CMPSS_disableBlanking)
                  00081474    00000015     board.obj (.text:CMPSS_disableLatchResetOnPWMSYNCHigh)
                  00081489    00000015     board.obj (.text:CMPSS_disableLatchResetOnPWMSYNCLow)
                  0008149e    00000015     board.obj (.text:CPUTimer_enableInterrupt)
                  000814b3    00000015     driverlib.lib : sysctl.obj (.text:DCC_clearDoneFlag)
                  000814c8    00000015                   : sysctl.obj (.text:DCC_clearErrorFlag)
                  000814dd    00000015                   : sysctl.obj (.text:DCC_disableErrorSignal)
                  000814f2    00000015     device.obj (.text:GPIO_unlockPortConfig)
                  00081507    00000014     Load_Bank_Master.obj (.text:CPUTimer_reloadTimerCounter)
                  0008151b    00000014     board.obj (.text:CPUTimer_reloadTimerCounter)
                  0008152f    00000014     board.obj (.text:CPUTimer_stopTimer)
                  00081543    00000014     driverlib.lib : sysctl.obj (.text:DCC_disableModule)
                  00081557    00000014                   : sysctl.obj (.text:DCC_enableModule)
                  0008156b    00000014     Load_Bank_Master.obj (.text:GPIO_isPinValid)
                  0008157f    00000014     driverlib.lib : gpio.obj (.text:GPIO_isPinValid)
                  00081593    00000014     Load_Bank_Master.obj (.text:SCI_getRxFIFOStatus)
                  000815a7    00000014     driverlib.lib : sci.obj (.text:SCI_getTxFIFOStatus)
                  000815bb    00000014                   : sysctl.obj (.text:SysCtl_setPLLSysClk)
                  000815cf    00000013     board.obj (.text:CMPSS_enableModule)
                  000815e2    00000013     driverlib.lib : cputimer.obj (.text:CPUTimer_setEmulationMode)
                  000815f5    00000013     board.obj (.text:SCI_clearOverflowStatus)
                  00081608    00000013     board.obj (.text:SCI_enableModule)
                  0008161b    00000013     driverlib.lib : sci.obj (.text:SCI_enableModule)
                  0008162e    00000011     board.obj (.text:CPUTimer_setPeriod)
                  0008163f    00000011     board.obj (.text:SCI_disableLoopback)
                  00081650    00000010     Load_Bank_Master.obj (.text:CMPSS_getStatus)
                  00081660    00000010     driverlib.lib : sysctl.obj (.text:DCC_isBaseValid)
                  00081670    00000010     device.obj (.text:Device_initGPIO)
                  00081680    00000010     driverlib.lib : flash.obj (.text:Flash_isCtrlBaseValid)
                  00081690    00000010                   : flash.obj (.text:Flash_isECCBaseValid)
                  000816a0    00000010     Load_Bank_Master.obj (.text:SCI_getRxStatus)
                  000816b0    00000010     board.obj (.text:SWITCH10_init)
                  000816c0    00000010     board.obj (.text:SWITCH11_init)
                  000816d0    00000010     board.obj (.text:SWITCH12_init)
                  000816e0    00000010     board.obj (.text:SWITCH13_init)
                  000816f0    00000010     board.obj (.text:SWITCH14_init)
                  00081700    00000010     board.obj (.text:SWITCH15_init)
                  00081710    00000010     board.obj (.text:SWITCH16_init)
                  00081720    00000010     board.obj (.text:SWITCH17_init)
                  00081730    00000010     board.obj (.text:SWITCH18_init)
                  00081740    00000010     board.obj (.text:SWITCH1_init)
                  00081750    00000010     board.obj (.text:SWITCH2_init)
                  00081760    00000010     board.obj (.text:SWITCH3_init)
                  00081770    00000010     board.obj (.text:SWITCH4_init)
                  00081780    00000010     board.obj (.text:SWITCH5_init)
                  00081790    00000010     board.obj (.text:SWITCH6_init)
                  000817a0    00000010     board.obj (.text:SWITCH7_init)
                  000817b0    00000010     board.obj (.text:SWITCH8_init)
                  000817c0    00000010     board.obj (.text:SWITCH9_init)
                  000817d0    0000000f     board.obj (.text:Board_init)
                  000817df    0000000f     board.obj (.text:Interrupt_register)
                  000817ee    0000000d     board.obj (.text:INTERRUPT_init)
                  000817fb    0000000d     driverlib.lib : interrupt.obj (.text:Interrupt_disableGlobal)
                  00081808    0000000d                   : interrupt.obj (.text:Interrupt_enableGlobal)
                  00081815    0000000d     device.obj (.text:SysCtl_setLowSpeedClock)
                  00081822    0000000c     rts2800_fpu32_eabi.lib : args_main.c.obj (.text)
                  0008182e    0000000b     driverlib.lib : sysctl.obj (.text:SysCtl_isMCDClockFailureDetected)
                  00081839    0000000a                   : sysctl.obj (.text:ASysCtl_getExtROscStatus)
                  00081843    0000000a                   : interrupt.obj (.text:Interrupt_illegalOperationHandler)
                  0008184d    0000000a                   : interrupt.obj (.text:Interrupt_nmiHandler)
                  00081857    00000009     rts2800_fpu32_eabi.lib : _lock.c.obj (.text)
                  00081860    00000008     device.obj (.text:SysCtl_disableWatchdog)
                  00081868    00000008     rts2800_fpu32_eabi.lib : copy_decompress_none.c.obj (.text:decompress:none)
                  00081870    00000008     f280013x_codestartbranch.obj (.text)
                  00081878    00000007     device.obj (.text:ASysCtl_lockVREG)
                  0008187f    00000007     board.obj (.text:CMPSSLITE_init)
                  00081886    00000007     driverlib.lib : sysctl.obj (.text:SysCtl_resetMCD)
                  0008188d    00000007     device.obj (.text:__error__)
                  00081894    00000006     Load_Bank_Master.obj (.text:Interrupt_clearACKGroup)
                  0008189a    00000003     board.obj (.text:CPUTIMER_init)
                  0008189d    00000003     board.obj (.text:SCI_init)
                  000818a0    00000002     rts2800_fpu32_eabi.lib : pre_init.c.obj (.text)
                  000818a2    00000001     c2000ware_libraries.obj (.text:C2000Ware_libraries_init)
                  000818a3    00000001     rts2800_fpu32_eabi.lib : startup.c.obj (.text)

.cinit     0    00081e08    00000030     
                  00081e08    00000027     (.cinit..data.load) [load image, compression = lzss]
                  00081e2f    00000001     --HOLE-- [fill = 0]
                  00081e30    00000004     (__TI_handler_table)
                  00081e34    00000004     (__TI_cinit_table)

.reset     0    003fffc0    00000000     DSECT

.stack     0    00000400    00000300     UNINITIALIZED
                  00000400    00000300     --HOLE--

.init_array 
*          0    00080008    00000000     UNINITIALIZED

.data      0    00008358    0000002c     UNINITIALIZED
                  00008358    00000012     Load_Bank_Master.obj (.data:switch_num_mapping)
                  0000836a    00000006     Load_Bank_Master.obj (.data:comparator_num_mapping)
                  00008370    00000006     Load_Bank_Master.obj (.data:phases)
                  00008376    00000006     rts2800_fpu32_eabi.lib : exit.c.obj (.data)
                  0000837c    00000004     Load_Bank_Master.obj (.data)
                  00008380    00000002     rts2800_fpu32_eabi.lib : _lock.c.obj (.data:_lock)
                  00008382    00000002                            : _lock.c.obj (.data:_unlock)

.TI.ramfunc 
*          0    00080008    00000357     RUN ADDR = 00008000
                  00080008    00000078     Load_Bank_Master.obj (.TI.ramfunc:set_all_switches)
                  00080080    00000059     Load_Bank_Master.obj (.TI.ramfunc:process_phase_query_msg)
                  000800d9    00000036     driverlib.lib : flash.obj (.TI.ramfunc:Flash_initModule)
                  0008010f    00000032     Load_Bank_Master.obj (.TI.ramfunc:INT_TIMER_10S_ISR)
                  00080141    00000030     Load_Bank_Master.obj (.TI.ramfunc:process_zcs_msg)
                  00080171    0000002f     Load_Bank_Master.obj (.TI.ramfunc:process_sw_query_msg)
                  000801a0    00000026     Load_Bank_Master.obj (.TI.ramfunc:write_msg)
                  000801c6    00000023     Load_Bank_Master.obj (.TI.ramfunc:buf_to_mask)
                  000801e9    00000022     driverlib.lib : flash.obj (.TI.ramfunc:Flash_setWaitstates)
                  0008020b    00000021     Load_Bank_Master.obj (.TI.ramfunc:process_phase_msg)
                  0008022c    0000001d     Load_Bank_Master.obj (.TI.ramfunc:process_sw_msg)
                  00080249    00000018     driverlib.lib : flash.obj (.TI.ramfunc:Flash_disableCache)
                  00080261    00000018     Load_Bank_Master.obj (.TI.ramfunc:mask_to_buf)
                  00080279    00000018     Load_Bank_Master.obj (.TI.ramfunc:strncmp)
                  00080291    00000017     driverlib.lib : flash.obj (.TI.ramfunc:Flash_disablePrefetch)
                  000802a8    00000017                   : flash.obj (.TI.ramfunc:Flash_enableCache)
                  000802bf    00000016                   : flash.obj (.TI.ramfunc:Flash_enableECC)
                  000802d5    00000016                   : flash.obj (.TI.ramfunc:Flash_enablePrefetch)
                  000802eb    00000016     Load_Bank_Master.obj (.TI.ramfunc:read_msg)
                  00080301    00000013     Load_Bank_Master.obj (.TI.ramfunc:get_comparator_value)
                  00080314    00000013     Load_Bank_Master.obj (.TI.ramfunc:read_char)
                  00080327    00000012     Load_Bank_Master.obj (.TI.ramfunc:set_switch_state)
                  00080339    00000011     Load_Bank_Master.obj (.TI.ramfunc:clear_buf)
                  0008034a    00000011     Load_Bank_Master.obj (.TI.ramfunc:process_zcs_query_msg)
                  0008035b    00000004     driverlib.lib : sysctl.obj (.TI.ramfunc)

.const     0    000818a8    0000055b     
                  000818a8    0000015e     Load_Bank_Master.obj (.const:.string)
                  00081a06    0000014a     board.obj (.const:.string)
                  00081b50    00000080     driverlib.lib : flash.obj (.const:.string)
                  00081bd0    0000007f                   : gpio.obj (.const:.string)
                  00081c4f    00000001     --HOLE-- [fill = 0]
                  00081c50    0000007f                   : sysctl.obj (.const:.string)
                  00081ccf    00000001     --HOLE-- [fill = 0]
                  00081cd0    0000007c                   : sci.obj (.const:.string)
                  00081d4c    00000043                   : cputimer.obj (.const:.string)
                  00081d8f    00000001     --HOLE-- [fill = 0]
                  00081d90    00000040                   : cmpss.obj (.const:.string)
                  00081dd0    00000020     Load_Bank_Master.obj (.const:.string:$P$T0$1)
                  00081df0    00000013     device.obj (.const:.string)

MODULE SUMMARY

       Module                         code   ro data   rw data
       ------                         ----   -------   -------
    .\
       Load_Bank_Master.obj           1716   382       34     
    +--+------------------------------+------+---------+---------+
       Total:                         1716   382       34     
                                                              
    .\device\
       device.obj                     296    19        0      
       f280013x_codestartbranch.obj   10     0         0      
    +--+------------------------------+------+---------+---------+
       Total:                         306    19        0      
                                                              
    .\syscfg\
       board.obj                      1713   330       0      
       c2000ware_libraries.obj        1      0         0      
    +--+------------------------------+------+---------+---------+
       Total:                         1714   330       0      
                                                              
    C:/ti/C2000Ware_5_00_00_00/driverlib/f280013x/driverlib/ccs/Debug/driverlib.lib
       sysctl.obj                     1360   127       0      
       flash.obj                      436    128       0      
       gpio.obj                       436    127       0      
       sci.obj                        364    124       0      
       cmpss.obj                      216    64        0      
       interrupt.obj                  214    0         0      
       cputimer.obj                   42     67        0      
    +--+------------------------------+------+---------+---------+
       Total:                         3068   637       0      
                                                              
    C:\ti\ccs1250\ccs\tools\compiler\ti-cgt-c2000_22.6.1.LTS\lib\rts2800_fpu32_eabi.lib
       fs_div28.asm.obj               136    0         0      
       copy_decompress_lzss.c.obj     48     0         0      
       exit.c.obj                     41     0         6      
       autoinit.c.obj                 43     0         0      
       memcpy.c.obj                   29     0         0      
       boot28.asm.obj                 23     0         0      
       _lock.c.obj                    9      0         4      
       args_main.c.obj                12     0         0      
       copy_decompress_none.c.obj     8      0         0      
       pre_init.c.obj                 2      0         0      
       startup.c.obj                  1      0         0      
    +--+------------------------------+------+---------+---------+
       Total:                         352    0         10     
                                                              
       Stack:                         0      0         768    
       Linker Generated:              0      47        0      
    +--+------------------------------+------+---------+---------+
       Grand Total:                   7156   1415      812    


LINKER GENERATED COPY TABLES

__TI_cinit_table @ 00081e34 records: 1, size/record: 4, table size: 4
	.data: load addr=00081e08, load size=00000027 bytes, run addr=00008358, run size=0000002c bytes, compression=lzss


LINKER GENERATED HANDLER TABLE

__TI_handler_table @ 00081e30 records: 2, size/record: 2, table size: 4
	index: 0, handler: __TI_decompress_lzss
	index: 1, handler: __TI_decompress_none


GLOBAL DATA SYMBOLS: SORTED BY DATA PAGE

address     data page           name
--------    ----------------    ----
00000400      10 (00000400)     __stack

00008358     20d (00008340)     switch_num_mapping
0000836a     20d (00008340)     comparator_num_mapping
00008370     20d (00008340)     phases
00008376     20d (00008340)     __TI_enable_exit_profile_output
00008378     20d (00008340)     __TI_cleanup_ptr
0000837a     20d (00008340)     __TI_dtors_ptr
0000837c     20d (00008340)     zcs
0000837d     20d (00008340)     timer_fired
0000837e     20d (00008340)     state

00008380     20e (00008380)     _lock
00008382     20e (00008380)     _unlock


GLOBAL SYMBOLS: SORTED ALPHABETICALLY BY Name 

page  address   name                             
----  -------   ----                             
0     000817d0  Board_init                       
0     00080f19  C$$EXIT                          
0     000818a2  C2000Ware_libraries_init         
0     0008187f  CMPSSLITE_init                   
0     00080b04  CMPSS_configFilterHigh           
0     00080b4d  CMPSS_configFilterLow            
0     00080e98  CMPSS_configLatchOnPWMSYNC       
0     0008189a  CPUTIMER_init                    
0     000815e2  CPUTimer_setEmulationMode        
0     00080943  CURRENT_SENSE1_init              
0     0008099f  CURRENT_SENSE2_init              
0     000809fb  CURRENT_SENSE3_init              
0     00080870  Device_enableAllPeripherals      
0     00080a57  Device_init                      
0     00081670  Device_initGPIO                  
0     000080d1  Flash_initModule                 
0     00080fb4  GPIO_init                        
0     00080651  GPIO_setAnalogMode               
0     00080e37  GPIO_setDirectionMode            
0     00080ab2  GPIO_setPadConfig                
0     00080d5b  GPIO_setPinConfig                
0     00080d92  GPIO_setQualificationMode        
0     000817ee  INTERRUPT_init                   
0     00008107  INT_TIMER_10S_ISR                
0     0008141e  Interrupt_defaultHandler         
0     00080dc9  Interrupt_enable                 
0     00081843  Interrupt_illegalOperationHandler
0     00080ce1  Interrupt_initModule             
0     000810ff  Interrupt_initVectorTable        
0     0008184d  Interrupt_nmiHandler             
0     00080588  PinMux_init                      
0     0008035f  RamfuncsLoadEnd                  
abs   00000357  RamfuncsLoadSize                 
0     00080008  RamfuncsLoadStart                
0     00008357  RamfuncsRunEnd                   
abs   00000357  RamfuncsRunSize                  
0     00008000  RamfuncsRunStart                 
0     00080b96  SCI_clearInterruptStatus         
0     0008189d  SCI_init                         
0     00080ca3  SCI_setConfig                    
0     00080c62  SCI_writeCharArray               
0     000816b0  SWITCH10_init                    
0     000816c0  SWITCH11_init                    
0     000816d0  SWITCH12_init                    
0     000816e0  SWITCH13_init                    
0     000816f0  SWITCH14_init                    
0     00081700  SWITCH15_init                    
0     00081710  SWITCH16_init                    
0     00081720  SWITCH17_init                    
0     00081730  SWITCH18_init                    
0     00081740  SWITCH1_init                     
0     00081750  SWITCH2_init                     
0     00081760  SWITCH3_init                     
0     00081770  SWITCH4_init                     
0     00081780  SWITCH5_init                     
0     00081790  SWITCH6_init                     
0     000817a0  SWITCH7_init                     
0     000817b0  SWITCH8_init                     
0     000817c0  SWITCH9_init                     
0     00008353  SysCtl_delay                     
0     000808de  SysCtl_getClock                  
0     00081232  SysCtl_getLowSpeedClock          
0     0008049e  SysCtl_isPLLValid                
0     00080c20  SysCtl_selectOscSource           
0     00080d1e  SysCtl_selectXTAL                
0     000810a3  SysCtl_selectXTALSingleEnded     
0     00080360  SysCtl_setClock                  
0     00081020  TIMER_10S_init                   
0     00080e00  UART_init                        
0     00081e34  __TI_CINIT_Base                  
0     00081e38  __TI_CINIT_Limit                 
0     00081e38  __TI_CINIT_Warm                  
0     00081e30  __TI_Handler_Table_Base          
0     00081e34  __TI_Handler_Table_Limit         
0     00000700  __TI_STACK_END                   
abs   00000300  __TI_STACK_SIZE                  
0     00080eee  __TI_auto_init_nobinit_nopinit   
0     00008378  __TI_cleanup_ptr                 
0     00080e68  __TI_decompress_lzss             
0     00081868  __TI_decompress_none             
0     0000837a  __TI_dtors_ptr                   
0     00008376  __TI_enable_exit_profile_output  
abs   ffffffff  __TI_pprof_out_hndl              
abs   ffffffff  __TI_prof_data_size              
abs   ffffffff  __TI_prof_data_start             
0     00080700  __c28xabi_divf                   
n/a   UNDEFED   __c_args__                       
0     0008188d  __error__                        
0     00000400  __stack                          
0     00081822  _args_main                       
0     000813db  _c_int00                         
0     00008380  _lock                            
0     0008185f  _nop                             
0     0008185b  _register_lock                   
0     00081857  _register_unlock                 
0     000818a3  _system_post_cinit               
0     000818a0  _system_pre_init                 
0     00008382  _unlock                          
0     00080f19  abort                            
0     000081be  buf_to_mask                      
0     00008331  clear_buf                        
0     00080000  code_start                       
0     0000836a  comparator_num_mapping           
0     00080f1b  exit                             
0     000082f9  get_comparator_value             
0     00080788  main                             
0     00008259  mask_to_buf                      
0     00081175  memcpy                           
0     00008370  phases                           
0     00008203  process_phase_msg                
0     00008078  process_phase_query_msg          
0     00008224  process_sw_msg                   
0     00008169  process_sw_query_msg             
0     00008139  process_zcs_msg                  
0     00008342  process_zcs_query_msg            
0     0000830c  read_char                        
0     000082e3  read_msg                         
0     00008000  set_all_switches                 
0     0000831f  set_switch_state                 
0     0000837e  state                            
0     00008271  strncmp                          
0     00008358  switch_num_mapping               
0     0000837d  timer_fired                      
0     00008198  write_msg                        
0     0000837c  zcs                              


GLOBAL SYMBOLS: SORTED BY Symbol Address 

page  address   name                             
----  -------   ----                             
0     00000400  __stack                          
0     00000700  __TI_STACK_END                   
0     00008000  RamfuncsRunStart                 
0     00008000  set_all_switches                 
0     00008078  process_phase_query_msg          
0     000080d1  Flash_initModule                 
0     00008107  INT_TIMER_10S_ISR                
0     00008139  process_zcs_msg                  
0     00008169  process_sw_query_msg             
0     00008198  write_msg                        
0     000081be  buf_to_mask                      
0     00008203  process_phase_msg                
0     00008224  process_sw_msg                   
0     00008259  mask_to_buf                      
0     00008271  strncmp                          
0     000082e3  read_msg                         
0     000082f9  get_comparator_value             
0     0000830c  read_char                        
0     0000831f  set_switch_state                 
0     00008331  clear_buf                        
0     00008342  process_zcs_query_msg            
0     00008353  SysCtl_delay                     
0     00008357  RamfuncsRunEnd                   
0     00008358  switch_num_mapping               
0     0000836a  comparator_num_mapping           
0     00008370  phases                           
0     00008376  __TI_enable_exit_profile_output  
0     00008378  __TI_cleanup_ptr                 
0     0000837a  __TI_dtors_ptr                   
0     0000837c  zcs                              
0     0000837d  timer_fired                      
0     0000837e  state                            
0     00008380  _lock                            
0     00008382  _unlock                          
0     00080000  code_start                       
0     00080008  RamfuncsLoadStart                
0     0008035f  RamfuncsLoadEnd                  
0     00080360  SysCtl_setClock                  
0     0008049e  SysCtl_isPLLValid                
0     00080588  PinMux_init                      
0     00080651  GPIO_setAnalogMode               
0     00080700  __c28xabi_divf                   
0     00080788  main                             
0     00080870  Device_enableAllPeripherals      
0     000808de  SysCtl_getClock                  
0     00080943  CURRENT_SENSE1_init              
0     0008099f  CURRENT_SENSE2_init              
0     000809fb  CURRENT_SENSE3_init              
0     00080a57  Device_init                      
0     00080ab2  GPIO_setPadConfig                
0     00080b04  CMPSS_configFilterHigh           
0     00080b4d  CMPSS_configFilterLow            
0     00080b96  SCI_clearInterruptStatus         
0     00080c20  SysCtl_selectOscSource           
0     00080c62  SCI_writeCharArray               
0     00080ca3  SCI_setConfig                    
0     00080ce1  Interrupt_initModule             
0     00080d1e  SysCtl_selectXTAL                
0     00080d5b  GPIO_setPinConfig                
0     00080d92  GPIO_setQualificationMode        
0     00080dc9  Interrupt_enable                 
0     00080e00  UART_init                        
0     00080e37  GPIO_setDirectionMode            
0     00080e68  __TI_decompress_lzss             
0     00080e98  CMPSS_configLatchOnPWMSYNC       
0     00080eee  __TI_auto_init_nobinit_nopinit   
0     00080f19  C$$EXIT                          
0     00080f19  abort                            
0     00080f1b  exit                             
0     00080fb4  GPIO_init                        
0     00081020  TIMER_10S_init                   
0     000810a3  SysCtl_selectXTALSingleEnded     
0     000810ff  Interrupt_initVectorTable        
0     00081175  memcpy                           
0     00081232  SysCtl_getLowSpeedClock          
0     000813db  _c_int00                         
0     0008141e  Interrupt_defaultHandler         
0     000815e2  CPUTimer_setEmulationMode        
0     00081670  Device_initGPIO                  
0     000816b0  SWITCH10_init                    
0     000816c0  SWITCH11_init                    
0     000816d0  SWITCH12_init                    
0     000816e0  SWITCH13_init                    
0     000816f0  SWITCH14_init                    
0     00081700  SWITCH15_init                    
0     00081710  SWITCH16_init                    
0     00081720  SWITCH17_init                    
0     00081730  SWITCH18_init                    
0     00081740  SWITCH1_init                     
0     00081750  SWITCH2_init                     
0     00081760  SWITCH3_init                     
0     00081770  SWITCH4_init                     
0     00081780  SWITCH5_init                     
0     00081790  SWITCH6_init                     
0     000817a0  SWITCH7_init                     
0     000817b0  SWITCH8_init                     
0     000817c0  SWITCH9_init                     
0     000817d0  Board_init                       
0     000817ee  INTERRUPT_init                   
0     00081822  _args_main                       
0     00081843  Interrupt_illegalOperationHandler
0     0008184d  Interrupt_nmiHandler             
0     00081857  _register_unlock                 
0     0008185b  _register_lock                   
0     0008185f  _nop                             
0     00081868  __TI_decompress_none             
0     0008187f  CMPSSLITE_init                   
0     0008188d  __error__                        
0     0008189a  CPUTIMER_init                    
0     0008189d  SCI_init                         
0     000818a0  _system_pre_init                 
0     000818a2  C2000Ware_libraries_init         
0     000818a3  _system_post_cinit               
0     00081e30  __TI_Handler_Table_Base          
0     00081e34  __TI_CINIT_Base                  
0     00081e34  __TI_Handler_Table_Limit         
0     00081e38  __TI_CINIT_Limit                 
0     00081e38  __TI_CINIT_Warm                  
abs   00000300  __TI_STACK_SIZE                  
abs   00000357  RamfuncsLoadSize                 
abs   00000357  RamfuncsRunSize                  
abs   ffffffff  __TI_pprof_out_hndl              
abs   ffffffff  __TI_prof_data_size              
abs   ffffffff  __TI_prof_data_start             
n/a   UNDEFED   __c_args__                       

[125 symbols]
