<?xml version="1.0" encoding="ISO-8859-1" ?>
<link_info>
   <banner>TMS320C2000 Linker PC v22.6.1.LTS</banner>
   <copyright>Copyright (c) 1996-2018 Texas Instruments Incorporated</copyright>
   <link_time>0x6588ee18</link_time>
   <link_errors>0x0</link_errors>
   <output_file>Load_Bank_Master.out</output_file>
   <entry_point>
      <name>code_start</name>
      <address>0x80000</address>
   </entry_point>
   <input_file_list>
      <input_file id="fl-2">
         <path>.\</path>
         <kind>object</kind>
         <file>Load_Bank_Master.obj</file>
         <name>Load_Bank_Master.obj</name>
      </input_file>
      <input_file id="fl-3">
         <path>.\syscfg\</path>
         <kind>object</kind>
         <file>board.obj</file>
         <name>board.obj</name>
      </input_file>
      <input_file id="fl-4">
         <path>.\syscfg\</path>
         <kind>object</kind>
         <file>c2000ware_libraries.obj</file>
         <name>c2000ware_libraries.obj</name>
      </input_file>
      <input_file id="fl-5">
         <path>.\device\</path>
         <kind>object</kind>
         <file>device.obj</file>
         <name>device.obj</name>
      </input_file>
      <input_file id="fl-6">
         <path>.\device\</path>
         <kind>object</kind>
         <file>f280013x_codestartbranch.obj</file>
         <name>f280013x_codestartbranch.obj</name>
      </input_file>
      <input_file id="fl-c">
         <kind>object</kind>
         <file>&lt;internal&gt;</file>
         <name>&lt;internal&gt;</name>
      </input_file>
      <input_file id="fl-d">
         <path>C:\ti\C2000Ware_5_00_00_00\driverlib\f280013x\driverlib\ccs\Debug\</path>
         <kind>archive</kind>
         <file>driverlib.lib</file>
         <name>cmpss.obj</name>
      </input_file>
      <input_file id="fl-e">
         <path>C:\ti\C2000Ware_5_00_00_00\driverlib\f280013x\driverlib\ccs\Debug\</path>
         <kind>archive</kind>
         <file>driverlib.lib</file>
         <name>cputimer.obj</name>
      </input_file>
      <input_file id="fl-f">
         <path>C:\ti\C2000Ware_5_00_00_00\driverlib\f280013x\driverlib\ccs\Debug\</path>
         <kind>archive</kind>
         <file>driverlib.lib</file>
         <name>flash.obj</name>
      </input_file>
      <input_file id="fl-10">
         <path>C:\ti\C2000Ware_5_00_00_00\driverlib\f280013x\driverlib\ccs\Debug\</path>
         <kind>archive</kind>
         <file>driverlib.lib</file>
         <name>gpio.obj</name>
      </input_file>
      <input_file id="fl-11">
         <path>C:\ti\C2000Ware_5_00_00_00\driverlib\f280013x\driverlib\ccs\Debug\</path>
         <kind>archive</kind>
         <file>driverlib.lib</file>
         <name>interrupt.obj</name>
      </input_file>
      <input_file id="fl-12">
         <path>C:\ti\C2000Ware_5_00_00_00\driverlib\f280013x\driverlib\ccs\Debug\</path>
         <kind>archive</kind>
         <file>driverlib.lib</file>
         <name>sci.obj</name>
      </input_file>
      <input_file id="fl-13">
         <path>C:\ti\C2000Ware_5_00_00_00\driverlib\f280013x\driverlib\ccs\Debug\</path>
         <kind>archive</kind>
         <file>driverlib.lib</file>
         <name>sysctl.obj</name>
      </input_file>
      <input_file id="fl-1f">
         <path>C:\ti\ccs1250\ccs\tools\compiler\ti-cgt-c2000_22.6.1.LTS\lib\</path>
         <kind>archive</kind>
         <file>rts2800_fpu32_eabi.lib</file>
         <name>boot28.asm.obj</name>
      </input_file>
      <input_file id="fl-20">
         <path>C:\ti\ccs1250\ccs\tools\compiler\ti-cgt-c2000_22.6.1.LTS\lib\</path>
         <kind>archive</kind>
         <file>rts2800_fpu32_eabi.lib</file>
         <name>fs_div28.asm.obj</name>
      </input_file>
      <input_file id="fl-21">
         <path>C:\ti\ccs1250\ccs\tools\compiler\ti-cgt-c2000_22.6.1.LTS\lib\</path>
         <kind>archive</kind>
         <file>rts2800_fpu32_eabi.lib</file>
         <name>memcpy.c.obj</name>
      </input_file>
      <input_file id="fl-22">
         <path>C:\ti\ccs1250\ccs\tools\compiler\ti-cgt-c2000_22.6.1.LTS\lib\</path>
         <kind>archive</kind>
         <file>rts2800_fpu32_eabi.lib</file>
         <name>pre_init.c.obj</name>
      </input_file>
      <input_file id="fl-23">
         <path>C:\ti\ccs1250\ccs\tools\compiler\ti-cgt-c2000_22.6.1.LTS\lib\</path>
         <kind>archive</kind>
         <file>rts2800_fpu32_eabi.lib</file>
         <name>autoinit.c.obj</name>
      </input_file>
      <input_file id="fl-24">
         <path>C:\ti\ccs1250\ccs\tools\compiler\ti-cgt-c2000_22.6.1.LTS\lib\</path>
         <kind>archive</kind>
         <file>rts2800_fpu32_eabi.lib</file>
         <name>copy_zero_init.c.obj</name>
      </input_file>
      <input_file id="fl-25">
         <path>C:\ti\ccs1250\ccs\tools\compiler\ti-cgt-c2000_22.6.1.LTS\lib\</path>
         <kind>archive</kind>
         <file>rts2800_fpu32_eabi.lib</file>
         <name>copy_decompress_none.c.obj</name>
      </input_file>
      <input_file id="fl-26">
         <path>C:\ti\ccs1250\ccs\tools\compiler\ti-cgt-c2000_22.6.1.LTS\lib\</path>
         <kind>archive</kind>
         <file>rts2800_fpu32_eabi.lib</file>
         <name>copy_decompress_lzss.c.obj</name>
      </input_file>
      <input_file id="fl-27">
         <path>C:\ti\ccs1250\ccs\tools\compiler\ti-cgt-c2000_22.6.1.LTS\lib\</path>
         <kind>archive</kind>
         <file>rts2800_fpu32_eabi.lib</file>
         <name>exit.c.obj</name>
      </input_file>
      <input_file id="fl-28">
         <path>C:\ti\ccs1250\ccs\tools\compiler\ti-cgt-c2000_22.6.1.LTS\lib\</path>
         <kind>archive</kind>
         <file>rts2800_fpu32_eabi.lib</file>
         <name>_lock.c.obj</name>
      </input_file>
      <input_file id="fl-29">
         <path>C:\ti\ccs1250\ccs\tools\compiler\ti-cgt-c2000_22.6.1.LTS\lib\</path>
         <kind>archive</kind>
         <file>rts2800_fpu32_eabi.lib</file>
         <name>args_main.c.obj</name>
      </input_file>
      <input_file id="fl-2a">
         <path>C:\ti\ccs1250\ccs\tools\compiler\ti-cgt-c2000_22.6.1.LTS\lib\</path>
         <kind>archive</kind>
         <file>rts2800_fpu32_eabi.lib</file>
         <name>memset.c.obj</name>
      </input_file>
      <input_file id="fl-2b">
         <path>C:\ti\ccs1250\ccs\tools\compiler\ti-cgt-c2000_22.6.1.LTS\lib\</path>
         <kind>archive</kind>
         <file>rts2800_fpu32_eabi.lib</file>
         <name>cpy_tbl.c.obj</name>
      </input_file>
      <input_file id="fl-2c">
         <path>C:\ti\ccs1250\ccs\tools\compiler\ti-cgt-c2000_22.6.1.LTS\lib\</path>
         <kind>archive</kind>
         <file>rts2800_fpu32_eabi.lib</file>
         <name>startup.c.obj</name>
      </input_file>
   </input_file_list>
   <object_component_list>
      <object_component id="oc-20">
         <name>codestart</name>
         <load_address>0x80000</load_address>
         <run_address>0x80000</run_address>
         <size>0x2</size>
         <input_file_ref idref="fl-6"/>
      </object_component>
      <object_component id="oc-1b0">
         <name>.text:SysCtl_setClock</name>
         <load_address>0x800d8</load_address>
         <run_address>0x800d8</run_address>
         <size>0x13e</size>
         <input_file_ref idref="fl-13"/>
      </object_component>
      <object_component id="oc-2b5">
         <name>.text:SysCtl_isPLLValid</name>
         <load_address>0x80216</load_address>
         <run_address>0x80216</run_address>
         <size>0xea</size>
         <input_file_ref idref="fl-13"/>
      </object_component>
      <object_component id="oc-1ea">
         <name>.text:PinMux_init</name>
         <load_address>0x80300</load_address>
         <run_address>0x80300</run_address>
         <size>0xcc</size>
         <input_file_ref idref="fl-3"/>
      </object_component>
      <object_component id="oc-1db">
         <name>.text:GPIO_setAnalogMode</name>
         <load_address>0x803cc</load_address>
         <run_address>0x803cc</run_address>
         <size>0xaf</size>
         <input_file_ref idref="fl-10"/>
      </object_component>
      <object_component id="oc-3ce">
         <name>.text</name>
         <load_address>0x8047b</load_address>
         <run_address>0x8047b</run_address>
         <size>0x88</size>
         <input_file_ref idref="fl-20"/>
      </object_component>
      <object_component id="oc-14e">
         <name>.text:set_all_switches</name>
         <load_address>0x80503</load_address>
         <run_address>0x80503</run_address>
         <size>0x78</size>
         <input_file_ref idref="fl-2"/>
      </object_component>
      <object_component id="oc-403">
         <name>.text:DCC_setCounterSeeds</name>
         <load_address>0x8057b</load_address>
         <run_address>0x8057b</run_address>
         <size>0x73</size>
         <input_file_ref idref="fl-13"/>
      </object_component>
      <object_component id="oc-10e">
         <name>.text:main</name>
         <load_address>0x805ee</load_address>
         <run_address>0x805ee</run_address>
         <size>0x70</size>
         <input_file_ref idref="fl-2"/>
      </object_component>
      <object_component id="oc-1cf">
         <name>.text:Device_enableAllPeripherals</name>
         <load_address>0x8065e</load_address>
         <run_address>0x8065e</run_address>
         <size>0x6e</size>
         <input_file_ref idref="fl-5"/>
      </object_component>
      <object_component id="oc-1bc">
         <name>.text:SysCtl_getClock</name>
         <load_address>0x806cc</load_address>
         <run_address>0x806cc</run_address>
         <size>0x65</size>
         <input_file_ref idref="fl-13"/>
      </object_component>
      <object_component id="oc-2e3">
         <name>.text:CURRENT_SENSE1_init</name>
         <load_address>0x80731</load_address>
         <run_address>0x80731</run_address>
         <size>0x5c</size>
         <input_file_ref idref="fl-3"/>
      </object_component>
      <object_component id="oc-2e9">
         <name>.text:CURRENT_SENSE2_init</name>
         <load_address>0x8078d</load_address>
         <run_address>0x8078d</run_address>
         <size>0x5c</size>
         <input_file_ref idref="fl-3"/>
      </object_component>
      <object_component id="oc-2ef">
         <name>.text:CURRENT_SENSE3_init</name>
         <load_address>0x807e9</load_address>
         <run_address>0x807e9</run_address>
         <size>0x5c</size>
         <input_file_ref idref="fl-3"/>
      </object_component>
      <object_component id="oc-136">
         <name>.text:Device_init</name>
         <load_address>0x80845</load_address>
         <run_address>0x80845</run_address>
         <size>0x5b</size>
         <input_file_ref idref="fl-5"/>
      </object_component>
      <object_component id="oc-17f">
         <name>.text:process_phase_query_msg</name>
         <load_address>0x808a0</load_address>
         <run_address>0x808a0</run_address>
         <size>0x59</size>
         <input_file_ref idref="fl-2"/>
      </object_component>
      <object_component id="oc-2d6">
         <name>.text:GPIO_setPadConfig</name>
         <load_address>0x808f9</load_address>
         <run_address>0x808f9</run_address>
         <size>0x52</size>
         <input_file_ref idref="fl-10"/>
      </object_component>
      <object_component id="oc-456">
         <name>.text:CMPSS_configFilterHigh</name>
         <load_address>0x8094b</load_address>
         <run_address>0x8094b</run_address>
         <size>0x49</size>
         <input_file_ref idref="fl-d"/>
      </object_component>
      <object_component id="oc-45c">
         <name>.text:CMPSS_configFilterLow</name>
         <load_address>0x80994</load_address>
         <run_address>0x80994</run_address>
         <size>0x49</size>
         <input_file_ref idref="fl-d"/>
      </object_component>
      <object_component id="oc-4cc">
         <name>.text:SCI_clearInterruptStatus</name>
         <load_address>0x809dd</load_address>
         <run_address>0x809dd</run_address>
         <size>0x45</size>
         <input_file_ref idref="fl-12"/>
      </object_component>
      <object_component id="oc-53e">
         <name>.text:SysCtl_pollX1Counter</name>
         <load_address>0x80a22</load_address>
         <run_address>0x80a22</run_address>
         <size>0x45</size>
         <input_file_ref idref="fl-13"/>
      </object_component>
      <object_component id="oc-29c">
         <name>.text:SysCtl_selectOscSource</name>
         <load_address>0x80a67</load_address>
         <run_address>0x80a67</run_address>
         <size>0x42</size>
         <input_file_ref idref="fl-13"/>
      </object_component>
      <object_component id="oc-39c">
         <name>.text:SCI_writeCharArray</name>
         <load_address>0x80aa9</load_address>
         <run_address>0x80aa9</run_address>
         <size>0x41</size>
         <input_file_ref idref="fl-12"/>
      </object_component>
      <object_component id="oc-4ea">
         <name>.text:SCI_setConfig</name>
         <load_address>0x80aea</load_address>
         <run_address>0x80aea</run_address>
         <size>0x3e</size>
         <input_file_ref idref="fl-12"/>
      </object_component>
      <object_component id="oc-3be">
         <name>.text:SysCtl_selectXTAL</name>
         <load_address>0x80b28</load_address>
         <run_address>0x80b28</run_address>
         <size>0x3d</size>
         <input_file_ref idref="fl-13"/>
      </object_component>
      <object_component id="oc-2d0">
         <name>.text:GPIO_setPinConfig</name>
         <load_address>0x80b65</load_address>
         <run_address>0x80b65</run_address>
         <size>0x37</size>
         <input_file_ref idref="fl-10"/>
      </object_component>
      <object_component id="oc-2dc">
         <name>.text:GPIO_setQualificationMode</name>
         <load_address>0x80b9c</load_address>
         <run_address>0x80b9c</run_address>
         <size>0x37</size>
         <input_file_ref idref="fl-10"/>
      </object_component>
      <object_component id="oc-7d">
         <name>.text:Interrupt_enable</name>
         <load_address>0x80bd3</load_address>
         <run_address>0x80bd3</run_address>
         <size>0x37</size>
         <input_file_ref idref="fl-11"/>
      </object_component>
      <object_component id="oc-36a">
         <name>.text:UART_init</name>
         <load_address>0x80c0a</load_address>
         <run_address>0x80c0a</run_address>
         <size>0x37</size>
         <input_file_ref idref="fl-3"/>
      </object_component>
      <object_component id="oc-2b">
         <name>.text:INT_TIMER_10S_ISR</name>
         <load_address>0x80c41</load_address>
         <run_address>0x80c41</run_address>
         <size>0x32</size>
         <input_file_ref idref="fl-2"/>
      </object_component>
      <object_component id="oc-4b4">
         <name>.text:GPIO_setDirectionMode</name>
         <load_address>0x80c73</load_address>
         <run_address>0x80c73</run_address>
         <size>0x31</size>
         <input_file_ref idref="fl-10"/>
      </object_component>
      <object_component id="oc-13">
         <name>.text:decompress:lzss</name>
         <load_address>0x80ca4</load_address>
         <run_address>0x80ca4</run_address>
         <size>0x30</size>
         <input_file_ref idref="fl-26"/>
      </object_component>
      <object_component id="oc-16d">
         <name>.text:process_zcs_msg</name>
         <load_address>0x80cd4</load_address>
         <run_address>0x80cd4</run_address>
         <size>0x30</size>
         <input_file_ref idref="fl-2"/>
      </object_component>
      <object_component id="oc-173">
         <name>.text:process_sw_query_msg</name>
         <load_address>0x80d04</load_address>
         <run_address>0x80d04</run_address>
         <size>0x2f</size>
         <input_file_ref idref="fl-2"/>
      </object_component>
      <object_component id="oc-480">
         <name>.text:CMPSS_configLatchOnPWMSYNC</name>
         <load_address>0x80d33</load_address>
         <run_address>0x80d33</run_address>
         <size>0x2b</size>
         <input_file_ref idref="fl-d"/>
      </object_component>
      <object_component id="oc-462">
         <name>.text:CMPSS_setHysteresis</name>
         <load_address>0x80d5e</load_address>
         <run_address>0x80d5e</run_address>
         <size>0x2b</size>
         <input_file_ref idref="fl-3"/>
      </object_component>
      <object_component id="oc-de">
         <name>.text:__TI_auto_init_nobinit_nopinit</name>
         <load_address>0x80d89</load_address>
         <run_address>0x80d89</run_address>
         <size>0x2b</size>
         <input_file_ref idref="fl-23"/>
      </object_component>
      <object_component id="oc-d0">
         <name>.text</name>
         <load_address>0x80db4</load_address>
         <run_address>0x80db4</run_address>
         <size>0x29</size>
         <input_file_ref idref="fl-27"/>
      </object_component>
      <object_component id="oc-374">
         <name>.text:GPIO_writePin</name>
         <load_address>0x80ddd</load_address>
         <run_address>0x80ddd</run_address>
         <size>0x27</size>
         <input_file_ref idref="fl-2"/>
      </object_component>
      <object_component id="oc-42c">
         <name>.text:ASysCtl_selectCMPHNMuxValue</name>
         <load_address>0x80e04</load_address>
         <run_address>0x80e04</run_address>
         <size>0x26</size>
         <input_file_ref idref="fl-3"/>
      </object_component>
      <object_component id="oc-230">
         <name>.text:write_msg</name>
         <load_address>0x80e2a</load_address>
         <run_address>0x80e2a</run_address>
         <size>0x26</size>
         <input_file_ref idref="fl-2"/>
      </object_component>
      <object_component id="oc-474">
         <name>.text:CMPSS_configBlanking</name>
         <load_address>0x80e50</load_address>
         <run_address>0x80e50</run_address>
         <size>0x25</size>
         <input_file_ref idref="fl-3"/>
      </object_component>
      <object_component id="oc-1fc">
         <name>.text:GPIO_init</name>
         <load_address>0x80e75</load_address>
         <run_address>0x80e75</run_address>
         <size>0x25</size>
         <input_file_ref idref="fl-3"/>
      </object_component>
      <object_component id="oc-409">
         <name>.text:DCC_enableSingleShotMode</name>
         <load_address>0x80e9a</load_address>
         <run_address>0x80e9a</run_address>
         <size>0x24</size>
         <input_file_ref idref="fl-13"/>
      </object_component>
      <object_component id="oc-23b">
         <name>.text:GPIO_readPin</name>
         <load_address>0x80ebe</load_address>
         <run_address>0x80ebe</run_address>
         <size>0x23</size>
         <input_file_ref idref="fl-2"/>
      </object_component>
      <object_component id="oc-2f6">
         <name>.text:TIMER_10S_init</name>
         <load_address>0x80ee1</load_address>
         <run_address>0x80ee1</run_address>
         <size>0x23</size>
         <input_file_ref idref="fl-3"/>
      </object_component>
      <object_component id="oc-248">
         <name>.text:buf_to_mask</name>
         <load_address>0x80f04</load_address>
         <run_address>0x80f04</run_address>
         <size>0x23</size>
         <input_file_ref idref="fl-2"/>
      </object_component>
      <object_component id="oc-185">
         <name>.text:process_phase_msg</name>
         <load_address>0x80f27</load_address>
         <run_address>0x80f27</run_address>
         <size>0x21</size>
         <input_file_ref idref="fl-2"/>
      </object_component>
      <object_component id="oc-426">
         <name>.text:ASysCtl_selectCMPHPMux</name>
         <load_address>0x80f48</load_address>
         <run_address>0x80f48</run_address>
         <size>0x20</size>
         <input_file_ref idref="fl-3"/>
      </object_component>
      <object_component id="oc-432">
         <name>.text:ASysCtl_selectCMPLPMux</name>
         <load_address>0x80f68</load_address>
         <run_address>0x80f68</run_address>
         <size>0x20</size>
         <input_file_ref idref="fl-3"/>
      </object_component>
      <object_component id="oc-529">
         <name>.text:SCI_isFIFOEnabled</name>
         <load_address>0x80f88</load_address>
         <run_address>0x80f88</run_address>
         <size>0x20</size>
         <input_file_ref idref="fl-12"/>
      </object_component>
      <object_component id="oc-3c4">
         <name>.text:SysCtl_selectXTALSingleEnded</name>
         <load_address>0x80fa8</load_address>
         <run_address>0x80fa8</run_address>
         <size>0x20</size>
         <input_file_ref idref="fl-13"/>
      </object_component>
      <object_component id="oc-3f7">
         <name>.text:DCC_setCounter0ClkSource</name>
         <load_address>0x80fc8</load_address>
         <run_address>0x80fc8</run_address>
         <size>0x1e</size>
         <input_file_ref idref="fl-13"/>
      </object_component>
      <object_component id="oc-3fd">
         <name>.text:DCC_setCounter1ClkSource</name>
         <load_address>0x80fe6</load_address>
         <run_address>0x80fe6</run_address>
         <size>0x1e</size>
         <input_file_ref idref="fl-13"/>
      </object_component>
      <object_component id="oc-3d">
         <name>.text:Interrupt_initVectorTable</name>
         <load_address>0x81004</load_address>
         <run_address>0x81004</run_address>
         <size>0x1e</size>
         <input_file_ref idref="fl-11"/>
      </object_component>
      <object_component id="oc-38f">
         <name>.text:SCI_readCharBlockingFIFO</name>
         <load_address>0x81022</load_address>
         <run_address>0x81022</run_address>
         <size>0x1e</size>
         <input_file_ref idref="fl-2"/>
      </object_component>
      <object_component id="oc-450">
         <name>.text:CMPSS_setDACValueLow</name>
         <load_address>0x81040</load_address>
         <run_address>0x81040</run_address>
         <size>0x1d</size>
         <input_file_ref idref="fl-3"/>
      </object_component>
      <object_component id="oc-4fc">
         <name>.text:SCI_enableFIFO</name>
         <load_address>0x8105d</load_address>
         <run_address>0x8105d</run_address>
         <size>0x1d</size>
         <input_file_ref idref="fl-3"/>
      </object_component>
      <object_component id="oc-179">
         <name>.text:process_sw_msg</name>
         <load_address>0x8107a</load_address>
         <run_address>0x8107a</run_address>
         <size>0x1d</size>
         <input_file_ref idref="fl-2"/>
      </object_component>
      <object_component id="oc-52">
         <name>.text</name>
         <load_address>0x81097</load_address>
         <run_address>0x81097</run_address>
         <size>0x1d</size>
         <input_file_ref idref="fl-21"/>
      </object_component>
      <object_component id="oc-50c">
         <name>.text:CMPSS_isBaseValid</name>
         <load_address>0x810b4</load_address>
         <run_address>0x810b4</run_address>
         <size>0x1b</size>
         <input_file_ref idref="fl-2"/>
      </object_component>
      <object_component id="oc-563">
         <name>.text:CMPSS_isBaseValid</name>
         <load_address>0x810cf</load_address>
         <run_address>0x810cf</run_address>
         <size>0x1b</size>
         <input_file_ref idref="fl-3"/>
      </object_component>
      <object_component id="oc-574">
         <name>.text:CMPSS_isBaseValid</name>
         <load_address>0x810ea</load_address>
         <run_address>0x810ea</run_address>
         <size>0x1b</size>
         <input_file_ref idref="fl-d"/>
      </object_component>
      <object_component id="oc-44a">
         <name>.text:CMPSS_setDACValueHigh</name>
         <load_address>0x81105</load_address>
         <run_address>0x81105</run_address>
         <size>0x1b</size>
         <input_file_ref idref="fl-3"/>
      </object_component>
      <object_component id="oc-220">
         <name>.text:CPUTimer_startTimer</name>
         <load_address>0x81120</load_address>
         <run_address>0x81120</run_address>
         <size>0x1a</size>
         <input_file_ref idref="fl-2"/>
      </object_component>
      <object_component id="oc-535">
         <name>.text:SCI_isSpaceAvailableNonFIFO</name>
         <load_address>0x8113a</load_address>
         <run_address>0x8113a</run_address>
         <size>0x1a</size>
         <input_file_ref idref="fl-12"/>
      </object_component>
      <object_component id="oc-1c9">
         <name>.text:SysCtl_getLowSpeedClock</name>
         <load_address>0x81154</load_address>
         <run_address>0x81154</run_address>
         <size>0x1a</size>
         <input_file_ref idref="fl-13"/>
      </object_component>
      <object_component id="oc-43e">
         <name>.text:CMPSS_configLowComparator</name>
         <load_address>0x8116e</load_address>
         <run_address>0x8116e</run_address>
         <size>0x19</size>
         <input_file_ref idref="fl-3"/>
      </object_component>
      <object_component id="oc-5ab">
         <name>.text:SCI_disableModule</name>
         <load_address>0x81187</load_address>
         <run_address>0x81187</run_address>
         <size>0x18</size>
         <input_file_ref idref="fl-12"/>
      </object_component>
      <object_component id="oc-4f6">
         <name>.text:SCI_performSoftwareReset</name>
         <load_address>0x8119f</load_address>
         <run_address>0x8119f</run_address>
         <size>0x18</size>
         <input_file_ref idref="fl-3"/>
      </object_component>
      <object_component id="oc-59a">
         <name>.text:SCI_performSoftwareReset</name>
         <load_address>0x811b7</load_address>
         <run_address>0x811b7</run_address>
         <size>0x18</size>
         <input_file_ref idref="fl-12"/>
      </object_component>
      <object_component id="oc-4e4">
         <name>.text:SCI_resetChannels</name>
         <load_address>0x811cf</load_address>
         <run_address>0x811cf</run_address>
         <size>0x18</size>
         <input_file_ref idref="fl-3"/>
      </object_component>
      <object_component id="oc-4de">
         <name>.text:SCI_resetRxFIFO</name>
         <load_address>0x811e7</load_address>
         <run_address>0x811e7</run_address>
         <size>0x18</size>
         <input_file_ref idref="fl-3"/>
      </object_component>
      <object_component id="oc-4d8">
         <name>.text:SCI_resetTxFIFO</name>
         <load_address>0x811ff</load_address>
         <run_address>0x811ff</run_address>
         <size>0x18</size>
         <input_file_ref idref="fl-3"/>
      </object_component>
      <object_component id="oc-241">
         <name>.text:mask_to_buf</name>
         <load_address>0x81217</load_address>
         <run_address>0x81217</run_address>
         <size>0x18</size>
         <input_file_ref idref="fl-2"/>
      </object_component>
      <object_component id="oc-161">
         <name>.text:strncmp</name>
         <load_address>0x8122f</load_address>
         <run_address>0x8122f</run_address>
         <size>0x18</size>
         <input_file_ref idref="fl-2"/>
      </object_component>
      <object_component id="oc-56b">
         <name>.text:CMPSS_isLiteBaseValid</name>
         <load_address>0x81247</load_address>
         <run_address>0x81247</run_address>
         <size>0x17</size>
         <input_file_ref idref="fl-3"/>
      </object_component>
      <object_component id="oc-387">
         <name>.text:CPUTimer_isBaseValid</name>
         <load_address>0x8125e</load_address>
         <run_address>0x8125e</run_address>
         <size>0x17</size>
         <input_file_ref idref="fl-2"/>
      </object_component>
      <object_component id="oc-58e">
         <name>.text:CPUTimer_isBaseValid</name>
         <load_address>0x81275</load_address>
         <run_address>0x81275</run_address>
         <size>0x17</size>
         <input_file_ref idref="fl-3"/>
      </object_component>
      <object_component id="oc-585">
         <name>.text:CPUTimer_isBaseValid</name>
         <load_address>0x8128c</load_address>
         <run_address>0x8128c</run_address>
         <size>0x17</size>
         <input_file_ref idref="fl-e"/>
      </object_component>
      <object_component id="oc-495">
         <name>.text:CPUTimer_setPreScaler</name>
         <load_address>0x812a3</load_address>
         <run_address>0x812a3</run_address>
         <size>0x17</size>
         <input_file_ref idref="fl-3"/>
      </object_component>
      <object_component id="oc-514">
         <name>.text:SCI_isBaseValid</name>
         <load_address>0x812ba</load_address>
         <run_address>0x812ba</run_address>
         <size>0x17</size>
         <input_file_ref idref="fl-2"/>
      </object_component>
      <object_component id="oc-5a1">
         <name>.text:SCI_isBaseValid</name>
         <load_address>0x812d1</load_address>
         <run_address>0x812d1</run_address>
         <size>0x17</size>
         <input_file_ref idref="fl-3"/>
      </object_component>
      <object_component id="oc-522">
         <name>.text:SCI_isBaseValid</name>
         <load_address>0x812e8</load_address>
         <run_address>0x812e8</run_address>
         <size>0x17</size>
         <input_file_ref idref="fl-12"/>
      </object_component>
      <object_component id="oc-2c1">
         <name>.text:SysCtl_enablePeripheral</name>
         <load_address>0x812ff</load_address>
         <run_address>0x812ff</run_address>
         <size>0x17</size>
         <input_file_ref idref="fl-5"/>
      </object_component>
      <object_component id="oc-3d3">
         <name>.text:SysCtl_enablePeripheral</name>
         <load_address>0x81316</load_address>
         <run_address>0x81316</run_address>
         <size>0x17</size>
         <input_file_ref idref="fl-13"/>
      </object_component>
      <object_component id="oc-9b">
         <name>.text</name>
         <load_address>0x8132d</load_address>
         <run_address>0x8132d</run_address>
         <size>0x17</size>
         <input_file_ref idref="fl-1f"/>
      </object_component>
      <object_component id="oc-438">
         <name>.text:CMPSS_configHighComparator</name>
         <load_address>0x81344</load_address>
         <run_address>0x81344</run_address>
         <size>0x16</size>
         <input_file_ref idref="fl-3"/>
      </object_component>
      <object_component id="oc-3f1">
         <name>.text:DCC_disableDoneSignal</name>
         <load_address>0x8135a</load_address>
         <run_address>0x8135a</run_address>
         <size>0x16</size>
         <input_file_ref idref="fl-13"/>
      </object_component>
      <object_component id="oc-37">
         <name>.text:Interrupt_defaultHandler</name>
         <load_address>0x81370</load_address>
         <run_address>0x81370</run_address>
         <size>0x16</size>
         <input_file_ref idref="fl-11"/>
      </object_component>
      <object_component id="oc-2a3">
         <name>.text:SysCtl_setIntOSC2_Mode</name>
         <load_address>0x81386</load_address>
         <run_address>0x81386</run_address>
         <size>0x16</size>
         <input_file_ref idref="fl-13"/>
      </object_component>
      <object_component id="oc-15a">
         <name>.text:read_msg</name>
         <load_address>0x8139c</load_address>
         <run_address>0x8139c</run_address>
         <size>0x16</size>
         <input_file_ref idref="fl-2"/>
      </object_component>
      <object_component id="oc-444">
         <name>.text:CMPSSLITE_configDAC</name>
         <load_address>0x813b2</load_address>
         <run_address>0x813b2</run_address>
         <size>0x15</size>
         <input_file_ref idref="fl-3"/>
      </object_component>
      <object_component id="oc-47a">
         <name>.text:CMPSS_disableBlanking</name>
         <load_address>0x813c7</load_address>
         <run_address>0x813c7</run_address>
         <size>0x15</size>
         <input_file_ref idref="fl-3"/>
      </object_component>
      <object_component id="oc-468">
         <name>.text:CMPSS_disableLatchResetOnPWMSYNCHigh</name>
         <load_address>0x813dc</load_address>
         <run_address>0x813dc</run_address>
         <size>0x15</size>
         <input_file_ref idref="fl-3"/>
      </object_component>
      <object_component id="oc-46e">
         <name>.text:CMPSS_disableLatchResetOnPWMSYNCLow</name>
         <load_address>0x813f1</load_address>
         <run_address>0x813f1</run_address>
         <size>0x15</size>
         <input_file_ref idref="fl-3"/>
      </object_component>
      <object_component id="oc-4a1">
         <name>.text:CPUTimer_enableInterrupt</name>
         <load_address>0x81406</load_address>
         <run_address>0x81406</run_address>
         <size>0x15</size>
         <input_file_ref idref="fl-3"/>
      </object_component>
      <object_component id="oc-3df">
         <name>.text:DCC_clearDoneFlag</name>
         <load_address>0x8141b</load_address>
         <run_address>0x8141b</run_address>
         <size>0x15</size>
         <input_file_ref idref="fl-13"/>
      </object_component>
      <object_component id="oc-3d9">
         <name>.text:DCC_clearErrorFlag</name>
         <load_address>0x81430</load_address>
         <run_address>0x81430</run_address>
         <size>0x15</size>
         <input_file_ref idref="fl-13"/>
      </object_component>
      <object_component id="oc-3eb">
         <name>.text:DCC_disableErrorSignal</name>
         <load_address>0x81445</load_address>
         <run_address>0x81445</run_address>
         <size>0x15</size>
         <input_file_ref idref="fl-13"/>
      </object_component>
      <object_component id="oc-1e3">
         <name>.text:GPIO_unlockPortConfig</name>
         <load_address>0x8145a</load_address>
         <run_address>0x8145a</run_address>
         <size>0x15</size>
         <input_file_ref idref="fl-5"/>
      </object_component>
      <object_component id="oc-21a">
         <name>.text:CPUTimer_reloadTimerCounter</name>
         <load_address>0x8146f</load_address>
         <run_address>0x8146f</run_address>
         <size>0x14</size>
         <input_file_ref idref="fl-2"/>
      </object_component>
      <object_component id="oc-4ad">
         <name>.text:CPUTimer_reloadTimerCounter</name>
         <load_address>0x81483</load_address>
         <run_address>0x81483</run_address>
         <size>0x14</size>
         <input_file_ref idref="fl-3"/>
      </object_component>
      <object_component id="oc-4a7">
         <name>.text:CPUTimer_stopTimer</name>
         <load_address>0x81497</load_address>
         <run_address>0x81497</run_address>
         <size>0x14</size>
         <input_file_ref idref="fl-3"/>
      </object_component>
      <object_component id="oc-3e5">
         <name>.text:DCC_disableModule</name>
         <load_address>0x814ab</load_address>
         <run_address>0x814ab</run_address>
         <size>0x14</size>
         <input_file_ref idref="fl-13"/>
      </object_component>
      <object_component id="oc-40f">
         <name>.text:DCC_enableModule</name>
         <load_address>0x814bf</load_address>
         <run_address>0x814bf</run_address>
         <size>0x14</size>
         <input_file_ref idref="fl-13"/>
      </object_component>
      <object_component id="oc-3a5">
         <name>.text:GPIO_isPinValid</name>
         <load_address>0x814d3</load_address>
         <run_address>0x814d3</run_address>
         <size>0x14</size>
         <input_file_ref idref="fl-2"/>
      </object_component>
      <object_component id="oc-41e">
         <name>.text:GPIO_isPinValid</name>
         <load_address>0x814e7</load_address>
         <run_address>0x814e7</run_address>
         <size>0x14</size>
         <input_file_ref idref="fl-10"/>
      </object_component>
      <object_component id="oc-51a">
         <name>.text:SCI_getRxFIFOStatus</name>
         <load_address>0x814fb</load_address>
         <run_address>0x814fb</run_address>
         <size>0x14</size>
         <input_file_ref idref="fl-2"/>
      </object_component>
      <object_component id="oc-52f">
         <name>.text:SCI_getTxFIFOStatus</name>
         <load_address>0x8150f</load_address>
         <run_address>0x8150f</run_address>
         <size>0x14</size>
         <input_file_ref idref="fl-12"/>
      </object_component>
      <object_component id="oc-2af">
         <name>.text:SysCtl_setPLLSysClk</name>
         <load_address>0x81523</load_address>
         <run_address>0x81523</run_address>
         <size>0x14</size>
         <input_file_ref idref="fl-13"/>
      </object_component>
      <object_component id="oc-486">
         <name>.text:CMPSS_enableModule</name>
         <load_address>0x81537</load_address>
         <run_address>0x81537</run_address>
         <size>0x13</size>
         <input_file_ref idref="fl-3"/>
      </object_component>
      <object_component id="oc-48f">
         <name>.text:CPUTimer_setEmulationMode</name>
         <load_address>0x8154a</load_address>
         <run_address>0x8154a</run_address>
         <size>0x13</size>
         <input_file_ref idref="fl-e"/>
      </object_component>
      <object_component id="oc-4d2">
         <name>.text:SCI_clearOverflowStatus</name>
         <load_address>0x8155d</load_address>
         <run_address>0x8155d</run_address>
         <size>0x13</size>
         <input_file_ref idref="fl-3"/>
      </object_component>
      <object_component id="oc-502">
         <name>.text:SCI_enableModule</name>
         <load_address>0x81570</load_address>
         <run_address>0x81570</run_address>
         <size>0x13</size>
         <input_file_ref idref="fl-3"/>
      </object_component>
      <object_component id="oc-5b1">
         <name>.text:SCI_enableModule</name>
         <load_address>0x81583</load_address>
         <run_address>0x81583</run_address>
         <size>0x13</size>
         <input_file_ref idref="fl-12"/>
      </object_component>
      <object_component id="oc-214">
         <name>.text:get_comparator_value</name>
         <load_address>0x81596</load_address>
         <run_address>0x81596</run_address>
         <size>0x13</size>
         <input_file_ref idref="fl-2"/>
      </object_component>
      <object_component id="oc-228">
         <name>.text:read_char</name>
         <load_address>0x815a9</load_address>
         <run_address>0x815a9</run_address>
         <size>0x13</size>
         <input_file_ref idref="fl-2"/>
      </object_component>
      <object_component id="oc-20b">
         <name>.text:set_switch_state</name>
         <load_address>0x815bc</load_address>
         <run_address>0x815bc</run_address>
         <size>0x12</size>
         <input_file_ref idref="fl-2"/>
      </object_component>
      <object_component id="oc-49b">
         <name>.text:CPUTimer_setPeriod</name>
         <load_address>0x815ce</load_address>
         <run_address>0x815ce</run_address>
         <size>0x11</size>
         <input_file_ref idref="fl-3"/>
      </object_component>
      <object_component id="oc-4f0">
         <name>.text:SCI_disableLoopback</name>
         <load_address>0x815df</load_address>
         <run_address>0x815df</run_address>
         <size>0x11</size>
         <input_file_ref idref="fl-3"/>
      </object_component>
      <object_component id="oc-154">
         <name>.text:clear_buf</name>
         <load_address>0x815f0</load_address>
         <run_address>0x815f0</run_address>
         <size>0x11</size>
         <input_file_ref idref="fl-2"/>
      </object_component>
      <object_component id="oc-167">
         <name>.text:process_zcs_query_msg</name>
         <load_address>0x81601</load_address>
         <run_address>0x81601</run_address>
         <size>0x11</size>
         <input_file_ref idref="fl-2"/>
      </object_component>
      <object_component id="oc-380">
         <name>.text:CMPSS_getStatus</name>
         <load_address>0x81612</load_address>
         <run_address>0x81612</run_address>
         <size>0x10</size>
         <input_file_ref idref="fl-2"/>
      </object_component>
      <object_component id="oc-54e">
         <name>.text:DCC_isBaseValid</name>
         <load_address>0x81622</load_address>
         <run_address>0x81622</run_address>
         <size>0x10</size>
         <input_file_ref idref="fl-13"/>
      </object_component>
      <object_component id="oc-13c">
         <name>.text:Device_initGPIO</name>
         <load_address>0x81632</load_address>
         <run_address>0x81632</run_address>
         <size>0x10</size>
         <input_file_ref idref="fl-5"/>
      </object_component>
      <object_component id="oc-262">
         <name>.text:Flash_isCtrlBaseValid</name>
         <load_address>0x81642</load_address>
         <run_address>0x81642</run_address>
         <size>0x10</size>
         <input_file_ref idref="fl-f"/>
      </object_component>
      <object_component id="oc-269">
         <name>.text:Flash_isECCBaseValid</name>
         <load_address>0x81652</load_address>
         <run_address>0x81652</run_address>
         <size>0x10</size>
         <input_file_ref idref="fl-f"/>
      </object_component>
      <object_component id="oc-395">
         <name>.text:SCI_getRxStatus</name>
         <load_address>0x81662</load_address>
         <run_address>0x81662</run_address>
         <size>0x10</size>
         <input_file_ref idref="fl-2"/>
      </object_component>
      <object_component id="oc-333">
         <name>.text:SWITCH10_init</name>
         <load_address>0x81672</load_address>
         <run_address>0x81672</run_address>
         <size>0x10</size>
         <input_file_ref idref="fl-3"/>
      </object_component>
      <object_component id="oc-339">
         <name>.text:SWITCH11_init</name>
         <load_address>0x81682</load_address>
         <run_address>0x81682</run_address>
         <size>0x10</size>
         <input_file_ref idref="fl-3"/>
      </object_component>
      <object_component id="oc-33f">
         <name>.text:SWITCH12_init</name>
         <load_address>0x81692</load_address>
         <run_address>0x81692</run_address>
         <size>0x10</size>
         <input_file_ref idref="fl-3"/>
      </object_component>
      <object_component id="oc-345">
         <name>.text:SWITCH13_init</name>
         <load_address>0x816a2</load_address>
         <run_address>0x816a2</run_address>
         <size>0x10</size>
         <input_file_ref idref="fl-3"/>
      </object_component>
      <object_component id="oc-34b">
         <name>.text:SWITCH14_init</name>
         <load_address>0x816b2</load_address>
         <run_address>0x816b2</run_address>
         <size>0x10</size>
         <input_file_ref idref="fl-3"/>
      </object_component>
      <object_component id="oc-351">
         <name>.text:SWITCH15_init</name>
         <load_address>0x816c2</load_address>
         <run_address>0x816c2</run_address>
         <size>0x10</size>
         <input_file_ref idref="fl-3"/>
      </object_component>
      <object_component id="oc-357">
         <name>.text:SWITCH16_init</name>
         <load_address>0x816d2</load_address>
         <run_address>0x816d2</run_address>
         <size>0x10</size>
         <input_file_ref idref="fl-3"/>
      </object_component>
      <object_component id="oc-35d">
         <name>.text:SWITCH17_init</name>
         <load_address>0x816e2</load_address>
         <run_address>0x816e2</run_address>
         <size>0x10</size>
         <input_file_ref idref="fl-3"/>
      </object_component>
      <object_component id="oc-363">
         <name>.text:SWITCH18_init</name>
         <load_address>0x816f2</load_address>
         <run_address>0x816f2</run_address>
         <size>0x10</size>
         <input_file_ref idref="fl-3"/>
      </object_component>
      <object_component id="oc-2fd">
         <name>.text:SWITCH1_init</name>
         <load_address>0x81702</load_address>
         <run_address>0x81702</run_address>
         <size>0x10</size>
         <input_file_ref idref="fl-3"/>
      </object_component>
      <object_component id="oc-303">
         <name>.text:SWITCH2_init</name>
         <load_address>0x81712</load_address>
         <run_address>0x81712</run_address>
         <size>0x10</size>
         <input_file_ref idref="fl-3"/>
      </object_component>
      <object_component id="oc-309">
         <name>.text:SWITCH3_init</name>
         <load_address>0x81722</load_address>
         <run_address>0x81722</run_address>
         <size>0x10</size>
         <input_file_ref idref="fl-3"/>
      </object_component>
      <object_component id="oc-30f">
         <name>.text:SWITCH4_init</name>
         <load_address>0x81732</load_address>
         <run_address>0x81732</run_address>
         <size>0x10</size>
         <input_file_ref idref="fl-3"/>
      </object_component>
      <object_component id="oc-315">
         <name>.text:SWITCH5_init</name>
         <load_address>0x81742</load_address>
         <run_address>0x81742</run_address>
         <size>0x10</size>
         <input_file_ref idref="fl-3"/>
      </object_component>
      <object_component id="oc-31b">
         <name>.text:SWITCH6_init</name>
         <load_address>0x81752</load_address>
         <run_address>0x81752</run_address>
         <size>0x10</size>
         <input_file_ref idref="fl-3"/>
      </object_component>
      <object_component id="oc-321">
         <name>.text:SWITCH7_init</name>
         <load_address>0x81762</load_address>
         <run_address>0x81762</run_address>
         <size>0x10</size>
         <input_file_ref idref="fl-3"/>
      </object_component>
      <object_component id="oc-327">
         <name>.text:SWITCH8_init</name>
         <load_address>0x81772</load_address>
         <run_address>0x81772</run_address>
         <size>0x10</size>
         <input_file_ref idref="fl-3"/>
      </object_component>
      <object_component id="oc-32d">
         <name>.text:SWITCH9_init</name>
         <load_address>0x81782</load_address>
         <run_address>0x81782</run_address>
         <size>0x10</size>
         <input_file_ref idref="fl-3"/>
      </object_component>
      <object_component id="oc-142">
         <name>.text:Board_init</name>
         <load_address>0x81792</load_address>
         <run_address>0x81792</run_address>
         <size>0xf</size>
         <input_file_ref idref="fl-3"/>
      </object_component>
      <object_component id="oc-77">
         <name>.text:Interrupt_register</name>
         <load_address>0x817a1</load_address>
         <run_address>0x817a1</run_address>
         <size>0xf</size>
         <input_file_ref idref="fl-3"/>
      </object_component>
      <object_component id="oc-31">
         <name>.text:INTERRUPT_init</name>
         <load_address>0x817b0</load_address>
         <run_address>0x817b0</run_address>
         <size>0xd</size>
         <input_file_ref idref="fl-3"/>
      </object_component>
      <object_component id="oc-a8">
         <name>.text:Interrupt_disableGlobal</name>
         <load_address>0x817bd</load_address>
         <run_address>0x817bd</run_address>
         <size>0xd</size>
         <input_file_ref idref="fl-11"/>
      </object_component>
      <object_component id="oc-ae">
         <name>.text:Interrupt_enableGlobal</name>
         <load_address>0x817ca</load_address>
         <run_address>0x817ca</run_address>
         <size>0xd</size>
         <input_file_ref idref="fl-11"/>
      </object_component>
      <object_component id="oc-1b6">
         <name>.text:SysCtl_setLowSpeedClock</name>
         <load_address>0x817d7</load_address>
         <run_address>0x817d7</run_address>
         <size>0xd</size>
         <input_file_ref idref="fl-5"/>
      </object_component>
      <object_component id="oc-ca">
         <name>.text</name>
         <load_address>0x817e4</load_address>
         <run_address>0x817e4</run_address>
         <size>0xc</size>
         <input_file_ref idref="fl-29"/>
      </object_component>
      <object_component id="oc-296">
         <name>.text:SysCtl_isMCDClockFailureDetected</name>
         <load_address>0x817f0</load_address>
         <run_address>0x817f0</run_address>
         <size>0xb</size>
         <input_file_ref idref="fl-13"/>
      </object_component>
      <object_component id="oc-2a9">
         <name>.text:ASysCtl_getExtROscStatus</name>
         <load_address>0x817fb</load_address>
         <run_address>0x817fb</run_address>
         <size>0xa</size>
         <input_file_ref idref="fl-13"/>
      </object_component>
      <object_component id="oc-43">
         <name>.text:Interrupt_illegalOperationHandler</name>
         <load_address>0x81805</load_address>
         <run_address>0x81805</run_address>
         <size>0xa</size>
         <input_file_ref idref="fl-11"/>
      </object_component>
      <object_component id="oc-49">
         <name>.text:Interrupt_nmiHandler</name>
         <load_address>0x8180f</load_address>
         <run_address>0x8180f</run_address>
         <size>0xa</size>
         <input_file_ref idref="fl-11"/>
      </object_component>
      <object_component id="oc-191">
         <name>.text</name>
         <load_address>0x81819</load_address>
         <run_address>0x81819</run_address>
         <size>0x9</size>
         <input_file_ref idref="fl-28"/>
      </object_component>
      <object_component id="oc-1a4">
         <name>.text:SysCtl_disableWatchdog</name>
         <load_address>0x81822</load_address>
         <run_address>0x81822</run_address>
         <size>0x8</size>
         <input_file_ref idref="fl-5"/>
      </object_component>
      <object_component id="oc-19">
         <name>.text:decompress:none</name>
         <load_address>0x8182a</load_address>
         <run_address>0x8182a</run_address>
         <size>0x8</size>
         <input_file_ref idref="fl-25"/>
      </object_component>
      <object_component id="oc-66">
         <name>.text</name>
         <load_address>0x81832</load_address>
         <run_address>0x81832</run_address>
         <size>0x8</size>
         <input_file_ref idref="fl-6"/>
      </object_component>
      <object_component id="oc-1d5">
         <name>.text:ASysCtl_lockVREG</name>
         <load_address>0x8183a</load_address>
         <run_address>0x8183a</run_address>
         <size>0x7</size>
         <input_file_ref idref="fl-5"/>
      </object_component>
      <object_component id="oc-1f0">
         <name>.text:CMPSSLITE_init</name>
         <load_address>0x81841</load_address>
         <run_address>0x81841</run_address>
         <size>0x7</size>
         <input_file_ref idref="fl-3"/>
      </object_component>
      <object_component id="oc-544">
         <name>.text:SysCtl_resetMCD</name>
         <load_address>0x81848</load_address>
         <run_address>0x81848</run_address>
         <size>0x7</size>
         <input_file_ref idref="fl-13"/>
      </object_component>
      <object_component id="oc-1c3">
         <name>.text:__error__</name>
         <load_address>0x8184f</load_address>
         <run_address>0x8184f</run_address>
         <size>0x7</size>
         <input_file_ref idref="fl-5"/>
      </object_component>
      <object_component id="oc-6f">
         <name>.text:Interrupt_clearACKGroup</name>
         <load_address>0x81856</load_address>
         <run_address>0x81856</run_address>
         <size>0x6</size>
         <input_file_ref idref="fl-2"/>
      </object_component>
      <object_component id="oc-1f6">
         <name>.text:CPUTIMER_init</name>
         <load_address>0x8185c</load_address>
         <run_address>0x8185c</run_address>
         <size>0x3</size>
         <input_file_ref idref="fl-3"/>
      </object_component>
      <object_component id="oc-202">
         <name>.text:SCI_init</name>
         <load_address>0x8185f</load_address>
         <run_address>0x8185f</run_address>
         <size>0x3</size>
         <input_file_ref idref="fl-3"/>
      </object_component>
      <object_component id="oc-c3">
         <name>.text</name>
         <load_address>0x81862</load_address>
         <run_address>0x81862</run_address>
         <size>0x2</size>
         <input_file_ref idref="fl-22"/>
      </object_component>
      <object_component id="oc-148">
         <name>.text:C2000Ware_libraries_init</name>
         <load_address>0x81864</load_address>
         <run_address>0x81864</run_address>
         <size>0x1</size>
         <input_file_ref idref="fl-4"/>
      </object_component>
      <object_component id="oc-121">
         <name>.text</name>
         <load_address>0x81865</load_address>
         <run_address>0x81865</run_address>
         <size>0x1</size>
         <input_file_ref idref="fl-2c"/>
      </object_component>
      <object_component id="oc-600">
         <name>.cinit..data.load</name>
         <load_address>0x81dc8</load_address>
         <run_address>0x81dc8</run_address>
         <size>0x27</size>
      </object_component>
      <object_component id="oc-5fe">
         <name>__TI_handler_table</name>
         <load_address>0x81df0</load_address>
         <run_address>0x81df0</run_address>
         <size>0x4</size>
      </object_component>
      <object_component id="oc-5ff">
         <name>__TI_cinit_table</name>
         <load_address>0x81df4</load_address>
         <run_address>0x81df4</run_address>
         <size>0x4</size>
      </object_component>
      <object_component id="oc-4f">
         <name>.stack</name>
         <uninitialized>true</uninitialized>
         <run_address>0x400</run_address>
         <size>0x0</size>
         <input_file_ref idref="fl-1f"/>
      </object_component>
      <object_component id="oc-601">
         <name>.stack</name>
         <uninitialized>true</uninitialized>
         <run_address>0x400</run_address>
         <size>0x0</size>
      </object_component>
      <object_component id="oc-160">
         <name>.const:.string</name>
         <load_address>0x81868</load_address>
         <run_address>0x81868</run_address>
         <size>0x15e</size>
         <input_file_ref idref="fl-2"/>
      </object_component>
      <object_component id="oc-55f">
         <name>.const:.string</name>
         <load_address>0x819c6</load_address>
         <run_address>0x819c6</run_address>
         <size>0x14a</size>
         <input_file_ref idref="fl-3"/>
      </object_component>
      <object_component id="oc-268">
         <name>.const:.string</name>
         <load_address>0x81b10</load_address>
         <run_address>0x81b10</run_address>
         <size>0x80</size>
         <input_file_ref idref="fl-f"/>
      </object_component>
      <object_component id="oc-2c9">
         <name>.const:.string</name>
         <load_address>0x81b90</load_address>
         <run_address>0x81b90</run_address>
         <size>0x7f</size>
         <input_file_ref idref="fl-10"/>
      </object_component>
      <object_component id="oc-295">
         <name>.const:.string</name>
         <load_address>0x81c10</load_address>
         <run_address>0x81c10</run_address>
         <size>0x7f</size>
         <input_file_ref idref="fl-13"/>
      </object_component>
      <object_component id="oc-528">
         <name>.const:.string</name>
         <load_address>0x81c90</load_address>
         <run_address>0x81c90</run_address>
         <size>0x7c</size>
         <input_file_ref idref="fl-12"/>
      </object_component>
      <object_component id="oc-58b">
         <name>.const:.string</name>
         <load_address>0x81d0c</load_address>
         <run_address>0x81d0c</run_address>
         <size>0x43</size>
         <input_file_ref idref="fl-e"/>
      </object_component>
      <object_component id="oc-57a">
         <name>.const:.string</name>
         <load_address>0x81d50</load_address>
         <run_address>0x81d50</run_address>
         <size>0x40</size>
         <input_file_ref idref="fl-d"/>
      </object_component>
      <object_component id="oc-24f">
         <name>.const:.string:$P$T0$1</name>
         <load_address>0x81d90</load_address>
         <run_address>0x81d90</run_address>
         <size>0x20</size>
         <input_file_ref idref="fl-2"/>
      </object_component>
      <object_component id="oc-1c2">
         <name>.const:.string</name>
         <load_address>0x81db0</load_address>
         <run_address>0x81db0</run_address>
         <size>0x13</size>
         <input_file_ref idref="fl-5"/>
      </object_component>
      <object_component id="oc-6c">
         <name>.data</name>
         <load_address>0x80f2</load_address>
         <run_address>0x80f2</run_address>
         <size>0x4</size>
         <input_file_ref idref="fl-2"/>
      </object_component>
      <object_component id="oc-211">
         <name>.data:phases</name>
         <load_address>0x80e6</load_address>
         <run_address>0x80e6</run_address>
         <size>0x6</size>
         <input_file_ref idref="fl-2"/>
      </object_component>
      <object_component id="oc-37d">
         <name>.data:comparator_num_mapping</name>
         <load_address>0x80e0</load_address>
         <run_address>0x80e0</run_address>
         <size>0x6</size>
         <input_file_ref idref="fl-2"/>
      </object_component>
      <object_component id="oc-238">
         <name>.data:switch_num_mapping</name>
         <load_address>0x80ce</load_address>
         <run_address>0x80ce</run_address>
         <size>0x12</size>
         <input_file_ref idref="fl-2"/>
      </object_component>
      <object_component id="oc-116">
         <name>.data</name>
         <load_address>0x80ec</load_address>
         <run_address>0x80ec</run_address>
         <size>0x6</size>
         <input_file_ref idref="fl-27"/>
      </object_component>
      <object_component id="oc-119">
         <name>.data:_lock</name>
         <load_address>0x80f6</load_address>
         <run_address>0x80f6</run_address>
         <size>0x2</size>
         <input_file_ref idref="fl-28"/>
      </object_component>
      <object_component id="oc-254">
         <name>.data:_unlock</name>
         <load_address>0x80f8</load_address>
         <run_address>0x80f8</run_address>
         <size>0x2</size>
         <input_file_ref idref="fl-28"/>
      </object_component>
      <object_component id="oc-1aa">
         <name>.TI.ramfunc:Flash_initModule</name>
         <load_address>0x80008</load_address>
         <run_address>0x8000</run_address>
         <size>0x36</size>
         <input_file_ref idref="fl-f"/>
      </object_component>
      <object_component id="oc-27b">
         <name>.TI.ramfunc:Flash_setWaitstates</name>
         <load_address>0x8003e</load_address>
         <run_address>0x8036</run_address>
         <size>0x22</size>
         <input_file_ref idref="fl-f"/>
      </object_component>
      <object_component id="oc-26f">
         <name>.TI.ramfunc:Flash_disableCache</name>
         <load_address>0x80060</load_address>
         <run_address>0x8058</run_address>
         <size>0x18</size>
         <input_file_ref idref="fl-f"/>
      </object_component>
      <object_component id="oc-275">
         <name>.TI.ramfunc:Flash_disablePrefetch</name>
         <load_address>0x80078</load_address>
         <run_address>0x8070</run_address>
         <size>0x17</size>
         <input_file_ref idref="fl-f"/>
      </object_component>
      <object_component id="oc-281">
         <name>.TI.ramfunc:Flash_enableCache</name>
         <load_address>0x8008f</load_address>
         <run_address>0x8087</run_address>
         <size>0x17</size>
         <input_file_ref idref="fl-f"/>
      </object_component>
      <object_component id="oc-28d">
         <name>.TI.ramfunc:Flash_enableECC</name>
         <load_address>0x800a6</load_address>
         <run_address>0x809e</run_address>
         <size>0x16</size>
         <input_file_ref idref="fl-f"/>
      </object_component>
      <object_component id="oc-287">
         <name>.TI.ramfunc:Flash_enablePrefetch</name>
         <load_address>0x800bc</load_address>
         <run_address>0x80b4</run_address>
         <size>0x16</size>
         <input_file_ref idref="fl-f"/>
      </object_component>
      <object_component id="oc-2a2">
         <name>.TI.ramfunc</name>
         <load_address>0x800d2</load_address>
         <run_address>0x80ca</run_address>
         <size>0x4</size>
         <input_file_ref idref="fl-13"/>
      </object_component>
      <object_component id="oc-76">
         <name>.debug_types</name>
         <load_address>0x0</load_address>
         <run_address>0x0</run_address>
         <size>0x7bb</size>
         <input_file_ref idref="fl-2"/>
      </object_component>
      <object_component id="oc-84">
         <name>.debug_types</name>
         <load_address>0x7bb</load_address>
         <run_address>0x7bb</run_address>
         <size>0x507</size>
         <input_file_ref idref="fl-3"/>
      </object_component>
      <object_component id="oc-20a">
         <name>.debug_types</name>
         <load_address>0x0</load_address>
         <run_address>0x0</run_address>
         <size>0x0</size>
         <input_file_ref idref="fl-4"/>
      </object_component>
      <object_component id="oc-1e2">
         <name>.debug_types</name>
         <load_address>0xcc2</load_address>
         <run_address>0xcc2</run_address>
         <size>0x60c</size>
         <input_file_ref idref="fl-5"/>
      </object_component>
      <object_component id="oc-57c">
         <name>.debug_types</name>
         <load_address>0x0</load_address>
         <run_address>0x0</run_address>
         <size>0x0</size>
         <input_file_ref idref="fl-d"/>
      </object_component>
      <object_component id="oc-58d">
         <name>.debug_types</name>
         <load_address>0x0</load_address>
         <run_address>0x0</run_address>
         <size>0x0</size>
         <input_file_ref idref="fl-e"/>
      </object_component>
      <object_component id="oc-294">
         <name>.debug_types</name>
         <load_address>0x0</load_address>
         <run_address>0x0</run_address>
         <size>0x0</size>
         <input_file_ref idref="fl-f"/>
      </object_component>
      <object_component id="oc-2cb">
         <name>.debug_types</name>
         <load_address>0x12ce</load_address>
         <run_address>0x12ce</run_address>
         <size>0x24d</size>
         <input_file_ref idref="fl-10"/>
      </object_component>
      <object_component id="oc-86">
         <name>.debug_types</name>
         <load_address>0x0</load_address>
         <run_address>0x0</run_address>
         <size>0x0</size>
         <input_file_ref idref="fl-11"/>
      </object_component>
      <object_component id="oc-53c">
         <name>.debug_types</name>
         <load_address>0x151b</load_address>
         <run_address>0x151b</run_address>
         <size>0x1fb</size>
         <input_file_ref idref="fl-12"/>
      </object_component>
      <object_component id="oc-2bc">
         <name>.debug_types</name>
         <load_address>0x1716</load_address>
         <run_address>0x1716</run_address>
         <size>0xae1</size>
         <input_file_ref idref="fl-13"/>
      </object_component>
      <object_component id="oc-8e">
         <name>.debug_types</name>
         <load_address>0x21f7</load_address>
         <run_address>0x21f7</run_address>
         <size>0x117</size>
         <input_file_ref idref="fl-21"/>
      </object_component>
      <object_component id="oc-dd">
         <name>.debug_types</name>
         <load_address>0x0</load_address>
         <run_address>0x0</run_address>
         <size>0x0</size>
         <input_file_ref idref="fl-22"/>
      </object_component>
      <object_component id="oc-128">
         <name>.debug_types</name>
         <load_address>0x230e</load_address>
         <run_address>0x230e</run_address>
         <size>0x470</size>
         <input_file_ref idref="fl-23"/>
      </object_component>
      <object_component id="oc-59">
         <name>.debug_types</name>
         <load_address>0x277e</load_address>
         <run_address>0x277e</run_address>
         <size>0x194</size>
         <input_file_ref idref="fl-25"/>
      </object_component>
      <object_component id="oc-51">
         <name>.debug_types</name>
         <load_address>0x2912</load_address>
         <run_address>0x2912</run_address>
         <size>0x191</size>
         <input_file_ref idref="fl-26"/>
      </object_component>
      <object_component id="oc-11d">
         <name>.debug_types</name>
         <load_address>0x2aa3</load_address>
         <run_address>0x2aa3</run_address>
         <size>0xbf</size>
         <input_file_ref idref="fl-27"/>
      </object_component>
      <object_component id="oc-199">
         <name>.debug_types</name>
         <load_address>0x2b62</load_address>
         <run_address>0x2b62</run_address>
         <size>0x2f</size>
         <input_file_ref idref="fl-28"/>
      </object_component>
      <object_component id="oc-115">
         <name>.debug_types</name>
         <load_address>0x2b91</load_address>
         <run_address>0x2b91</run_address>
         <size>0xe1</size>
         <input_file_ref idref="fl-29"/>
      </object_component>
      <object_component id="oc-19e">
         <name>.debug_types</name>
         <load_address>0x0</load_address>
         <run_address>0x0</run_address>
         <size>0x0</size>
         <input_file_ref idref="fl-2c"/>
      </object_component>
      <object_component id="oc-6d">
         <name>.debug_info</name>
         <load_address>0x0</load_address>
         <run_address>0x0</run_address>
         <size>0x12a</size>
         <input_file_ref idref="fl-2"/>
      </object_component>
      <object_component id="oc-212">
         <name>.debug_info</name>
         <load_address>0x12a</load_address>
         <run_address>0x12a</run_address>
         <size>0xe8</size>
         <input_file_ref idref="fl-2"/>
      </object_component>
      <object_component id="oc-37e">
         <name>.debug_info</name>
         <load_address>0x212</load_address>
         <run_address>0x212</run_address>
         <size>0x108</size>
         <input_file_ref idref="fl-2"/>
      </object_component>
      <object_component id="oc-239">
         <name>.debug_info</name>
         <load_address>0x31a</load_address>
         <run_address>0x31a</run_address>
         <size>0x100</size>
         <input_file_ref idref="fl-2"/>
      </object_component>
      <object_component id="oc-250">
         <name>.debug_info</name>
         <load_address>0x41a</load_address>
         <run_address>0x41a</run_address>
         <size>0xeb</size>
         <input_file_ref idref="fl-2"/>
      </object_component>
      <object_component id="oc-70">
         <name>.debug_info</name>
         <load_address>0x505</load_address>
         <run_address>0x505</run_address>
         <size>0x182</size>
         <input_file_ref idref="fl-2"/>
      </object_component>
      <object_component id="oc-50d">
         <name>.debug_info</name>
         <load_address>0x687</load_address>
         <run_address>0x687</run_address>
         <size>0x176</size>
         <input_file_ref idref="fl-2"/>
      </object_component>
      <object_component id="oc-381">
         <name>.debug_info</name>
         <load_address>0x7fd</load_address>
         <run_address>0x7fd</run_address>
         <size>0x19a</size>
         <input_file_ref idref="fl-2"/>
      </object_component>
      <object_component id="oc-388">
         <name>.debug_info</name>
         <load_address>0x997</load_address>
         <run_address>0x997</run_address>
         <size>0x17f</size>
         <input_file_ref idref="fl-2"/>
      </object_component>
      <object_component id="oc-21c">
         <name>.debug_info</name>
         <load_address>0xb16</load_address>
         <run_address>0xb16</run_address>
         <size>0x1c3</size>
         <input_file_ref idref="fl-2"/>
      </object_component>
      <object_component id="oc-221">
         <name>.debug_info</name>
         <load_address>0xcd9</load_address>
         <run_address>0xcd9</run_address>
         <size>0x1b5</size>
         <input_file_ref idref="fl-2"/>
      </object_component>
      <object_component id="oc-3a7">
         <name>.debug_info</name>
         <load_address>0xe8e</load_address>
         <run_address>0xe8e</run_address>
         <size>0x16f</size>
         <input_file_ref idref="fl-2"/>
      </object_component>
      <object_component id="oc-23c">
         <name>.debug_info</name>
         <load_address>0xffd</load_address>
         <run_address>0xffd</run_address>
         <size>0x1a7</size>
         <input_file_ref idref="fl-2"/>
      </object_component>
      <object_component id="oc-375">
         <name>.debug_info</name>
         <load_address>0x11a4</load_address>
         <run_address>0x11a4</run_address>
         <size>0x1c8</size>
         <input_file_ref idref="fl-2"/>
      </object_component>
      <object_component id="oc-516">
         <name>.debug_info</name>
         <load_address>0x136c</load_address>
         <run_address>0x136c</run_address>
         <size>0x170</size>
         <input_file_ref idref="fl-2"/>
      </object_component>
      <object_component id="oc-51c">
         <name>.debug_info</name>
         <load_address>0x14dc</load_address>
         <run_address>0x14dc</run_address>
         <size>0x19e</size>
         <input_file_ref idref="fl-2"/>
      </object_component>
      <object_component id="oc-397">
         <name>.debug_info</name>
         <load_address>0x167a</load_address>
         <run_address>0x167a</run_address>
         <size>0x196</size>
         <input_file_ref idref="fl-2"/>
      </object_component>
      <object_component id="oc-391">
         <name>.debug_info</name>
         <load_address>0x1810</load_address>
         <run_address>0x1810</run_address>
         <size>0x1d6</size>
         <input_file_ref idref="fl-2"/>
      </object_component>
      <object_component id="oc-163">
         <name>.debug_info</name>
         <load_address>0x19e6</load_address>
         <run_address>0x19e6</run_address>
         <size>0x16c</size>
         <input_file_ref idref="fl-2"/>
      </object_component>
      <object_component id="oc-155">
         <name>.debug_info</name>
         <load_address>0x1b52</load_address>
         <run_address>0x1b52</run_address>
         <size>0x15f</size>
         <input_file_ref idref="fl-2"/>
      </object_component>
      <object_component id="oc-249">
         <name>.debug_info</name>
         <load_address>0x1cb1</load_address>
         <run_address>0x1cb1</run_address>
         <size>0x14f</size>
         <input_file_ref idref="fl-2"/>
      </object_component>
      <object_component id="oc-243">
         <name>.debug_info</name>
         <load_address>0x1e00</load_address>
         <run_address>0x1e00</run_address>
         <size>0x157</size>
         <input_file_ref idref="fl-2"/>
      </object_component>
      <object_component id="oc-216">
         <name>.debug_info</name>
         <load_address>0x1f57</load_address>
         <run_address>0x1f57</run_address>
         <size>0x181</size>
         <input_file_ref idref="fl-2"/>
      </object_component>
      <object_component id="oc-2c">
         <name>.debug_info</name>
         <load_address>0x20d8</load_address>
         <run_address>0x20d8</run_address>
         <size>0x140</size>
         <input_file_ref idref="fl-2"/>
      </object_component>
      <object_component id="oc-20c">
         <name>.debug_info</name>
         <load_address>0x2218</load_address>
         <run_address>0x2218</run_address>
         <size>0x194</size>
         <input_file_ref idref="fl-2"/>
      </object_component>
      <object_component id="oc-14f">
         <name>.debug_info</name>
         <load_address>0x23ac</load_address>
         <run_address>0x23ac</run_address>
         <size>0x270</size>
         <input_file_ref idref="fl-2"/>
      </object_component>
      <object_component id="oc-229">
         <name>.debug_info</name>
         <load_address>0x261c</load_address>
         <run_address>0x261c</run_address>
         <size>0x17d</size>
         <input_file_ref idref="fl-2"/>
      </object_component>
      <object_component id="oc-15b">
         <name>.debug_info</name>
         <load_address>0x2799</load_address>
         <run_address>0x2799</run_address>
         <size>0x170</size>
         <input_file_ref idref="fl-2"/>
      </object_component>
      <object_component id="oc-231">
         <name>.debug_info</name>
         <load_address>0x2909</load_address>
         <run_address>0x2909</run_address>
         <size>0x187</size>
         <input_file_ref idref="fl-2"/>
      </object_component>
      <object_component id="oc-16e">
         <name>.debug_info</name>
         <load_address>0x2a90</load_address>
         <run_address>0x2a90</run_address>
         <size>0x185</size>
         <input_file_ref idref="fl-2"/>
      </object_component>
      <object_component id="oc-17a">
         <name>.debug_info</name>
         <load_address>0x2c15</load_address>
         <run_address>0x2c15</run_address>
         <size>0x1ad</size>
         <input_file_ref idref="fl-2"/>
      </object_component>
      <object_component id="oc-186">
         <name>.debug_info</name>
         <load_address>0x2dc2</load_address>
         <run_address>0x2dc2</run_address>
         <size>0x186</size>
         <input_file_ref idref="fl-2"/>
      </object_component>
      <object_component id="oc-168">
         <name>.debug_info</name>
         <load_address>0x2f48</load_address>
         <run_address>0x2f48</run_address>
         <size>0x14b</size>
         <input_file_ref idref="fl-2"/>
      </object_component>
      <object_component id="oc-174">
         <name>.debug_info</name>
         <load_address>0x3093</load_address>
         <run_address>0x3093</run_address>
         <size>0x197</size>
         <input_file_ref idref="fl-2"/>
      </object_component>
      <object_component id="oc-180">
         <name>.debug_info</name>
         <load_address>0x322a</load_address>
         <run_address>0x322a</run_address>
         <size>0x1aa</size>
         <input_file_ref idref="fl-2"/>
      </object_component>
      <object_component id="oc-10f">
         <name>.debug_info</name>
         <load_address>0x33d4</load_address>
         <run_address>0x33d4</run_address>
         <size>0x29c</size>
         <input_file_ref idref="fl-2"/>
      </object_component>
      <object_component id="oc-42d">
         <name>.debug_info</name>
         <load_address>0x3670</load_address>
         <run_address>0x3670</run_address>
         <size>0x1c4</size>
         <input_file_ref idref="fl-3"/>
      </object_component>
      <object_component id="oc-427">
         <name>.debug_info</name>
         <load_address>0x3834</load_address>
         <run_address>0x3834</run_address>
         <size>0x1ab</size>
         <input_file_ref idref="fl-3"/>
      </object_component>
      <object_component id="oc-433">
         <name>.debug_info</name>
         <load_address>0x39df</load_address>
         <run_address>0x39df</run_address>
         <size>0x1ab</size>
         <input_file_ref idref="fl-3"/>
      </object_component>
      <object_component id="oc-78">
         <name>.debug_info</name>
         <load_address>0x3b8a</load_address>
         <run_address>0x3b8a</run_address>
         <size>0x1bf</size>
         <input_file_ref idref="fl-3"/>
      </object_component>
      <object_component id="oc-564">
         <name>.debug_info</name>
         <load_address>0x3d49</load_address>
         <run_address>0x3d49</run_address>
         <size>0x16f</size>
         <input_file_ref idref="fl-3"/>
      </object_component>
      <object_component id="oc-56c">
         <name>.debug_info</name>
         <load_address>0x3eb8</load_address>
         <run_address>0x3eb8</run_address>
         <size>0x177</size>
         <input_file_ref idref="fl-3"/>
      </object_component>
      <object_component id="oc-487">
         <name>.debug_info</name>
         <load_address>0x402f</load_address>
         <run_address>0x402f</run_address>
         <size>0x191</size>
         <input_file_ref idref="fl-3"/>
      </object_component>
      <object_component id="oc-439">
         <name>.debug_info</name>
         <load_address>0x41c0</load_address>
         <run_address>0x41c0</run_address>
         <size>0x1c6</size>
         <input_file_ref idref="fl-3"/>
      </object_component>
      <object_component id="oc-43f">
         <name>.debug_info</name>
         <load_address>0x4386</load_address>
         <run_address>0x4386</run_address>
         <size>0x1c4</size>
         <input_file_ref idref="fl-3"/>
      </object_component>
      <object_component id="oc-44b">
         <name>.debug_info</name>
         <load_address>0x454a</load_address>
         <run_address>0x454a</run_address>
         <size>0x1c9</size>
         <input_file_ref idref="fl-3"/>
      </object_component>
      <object_component id="oc-451">
         <name>.debug_info</name>
         <load_address>0x4713</load_address>
         <run_address>0x4713</run_address>
         <size>0x1c7</size>
         <input_file_ref idref="fl-3"/>
      </object_component>
      <object_component id="oc-463">
         <name>.debug_info</name>
         <load_address>0x48da</load_address>
         <run_address>0x48da</run_address>
         <size>0x1d4</size>
         <input_file_ref idref="fl-3"/>
      </object_component>
      <object_component id="oc-469">
         <name>.debug_info</name>
         <load_address>0x4aae</load_address>
         <run_address>0x4aae</run_address>
         <size>0x1b5</size>
         <input_file_ref idref="fl-3"/>
      </object_component>
      <object_component id="oc-46f">
         <name>.debug_info</name>
         <load_address>0x4c63</load_address>
         <run_address>0x4c63</run_address>
         <size>0x1b3</size>
         <input_file_ref idref="fl-3"/>
      </object_component>
      <object_component id="oc-475">
         <name>.debug_info</name>
         <load_address>0x4e16</load_address>
         <run_address>0x4e16</run_address>
         <size>0x1d3</size>
         <input_file_ref idref="fl-3"/>
      </object_component>
      <object_component id="oc-47b">
         <name>.debug_info</name>
         <load_address>0x4fe9</load_address>
         <run_address>0x4fe9</run_address>
         <size>0x197</size>
         <input_file_ref idref="fl-3"/>
      </object_component>
      <object_component id="oc-445">
         <name>.debug_info</name>
         <load_address>0x5180</load_address>
         <run_address>0x5180</run_address>
         <size>0x1bf</size>
         <input_file_ref idref="fl-3"/>
      </object_component>
      <object_component id="oc-58f">
         <name>.debug_info</name>
         <load_address>0x533f</load_address>
         <run_address>0x533f</run_address>
         <size>0x178</size>
         <input_file_ref idref="fl-3"/>
      </object_component>
      <object_component id="oc-4a2">
         <name>.debug_info</name>
         <load_address>0x54b7</load_address>
         <run_address>0x54b7</run_address>
         <size>0x1b6</size>
         <input_file_ref idref="fl-3"/>
      </object_component>
      <object_component id="oc-4ae">
         <name>.debug_info</name>
         <load_address>0x566d</load_address>
         <run_address>0x566d</run_address>
         <size>0x1bc</size>
         <input_file_ref idref="fl-3"/>
      </object_component>
      <object_component id="oc-4a8">
         <name>.debug_info</name>
         <load_address>0x5829</load_address>
         <run_address>0x5829</run_address>
         <size>0x1ab</size>
         <input_file_ref idref="fl-3"/>
      </object_component>
      <object_component id="oc-49c">
         <name>.debug_info</name>
         <load_address>0x59d4</load_address>
         <run_address>0x59d4</run_address>
         <size>0x1af</size>
         <input_file_ref idref="fl-3"/>
      </object_component>
      <object_component id="oc-496">
         <name>.debug_info</name>
         <load_address>0x5b83</load_address>
         <run_address>0x5b83</run_address>
         <size>0x1c8</size>
         <input_file_ref idref="fl-3"/>
[...]
         <usage_details>
         </usage_details>
      </memory_area>
   </placement_map>
   <cptbl_list>
      <cptbl>
         <name>__TI_cinit_table</name>
         <cprec>
            <name>.data</name>
            <load_address>0x81dc8</load_address>
            <load_size>0x27</load_size>
            <run_address>0x80ce</run_address>
            <run_size>0x2c</run_size>
            <compression>lzss</compression>
         </cprec>
      </cptbl>
   </cptbl_list>
   <handler_table>
      <handler_table_name>__TI_handler_table</handler_table_name>
      <handler>
         <index>0x0</index>
         <name>__TI_decompress_lzss</name>
      </handler>
      <handler>
         <index>0x1</index>
         <name>__TI_decompress_none</name>
      </handler>
   </handler_table>
   <symbol_table>
      <symbol id="sm-1">
         <name>RamfuncsLoadStart</name>
         <value>0x80008</value>
      </symbol>
      <symbol id="sm-2">
         <name>RamfuncsLoadSize</name>
         <value>0xce</value>
      </symbol>
      <symbol id="sm-3">
         <name>RamfuncsLoadEnd</name>
         <value>0x800d6</value>
      </symbol>
      <symbol id="sm-4">
         <name>RamfuncsRunStart</name>
         <value>0x8000</value>
      </symbol>
      <symbol id="sm-5">
         <name>RamfuncsRunSize</name>
         <value>0xce</value>
      </symbol>
      <symbol id="sm-6">
         <name>RamfuncsRunEnd</name>
         <value>0x80ce</value>
      </symbol>
      <symbol id="sm-7">
         <name>__TI_CINIT_Base</name>
         <value>0x81df4</value>
      </symbol>
      <symbol id="sm-8">
         <name>__TI_CINIT_Limit</name>
         <value>0x81df8</value>
      </symbol>
      <symbol id="sm-9">
         <name>__TI_CINIT_Warm</name>
         <value>0x81df8</value>
      </symbol>
      <symbol id="sm-a">
         <name>__TI_Handler_Table_Base</name>
         <value>0x81df0</value>
      </symbol>
      <symbol id="sm-b">
         <name>__TI_Handler_Table_Limit</name>
         <value>0x81df4</value>
      </symbol>
      <symbol id="sm-c">
         <name>__TI_STACK_SIZE</name>
         <value>0x300</value>
      </symbol>
      <symbol id="sm-d">
         <name>__TI_STACK_END</name>
         <value>0x700</value>
      </symbol>
      <symbol id="sm-e">
         <name>__TI_pprof_out_hndl</name>
         <value>0xffffffff</value>
      </symbol>
      <symbol id="sm-f">
         <name>__TI_prof_data_start</name>
         <value>0xffffffff</value>
      </symbol>
      <symbol id="sm-10">
         <name>__TI_prof_data_size</name>
         <value>0xffffffff</value>
      </symbol>
      <symbol id="sm-17f">
         <name>process_sw_msg</name>
         <value>0x8107a</value>
         <object_component_ref idref="oc-179"/>
      </symbol>
      <symbol id="sm-180">
         <name>write_msg</name>
         <value>0x80e2a</value>
         <object_component_ref idref="oc-230"/>
      </symbol>
      <symbol id="sm-181">
         <name>process_sw_query_msg</name>
         <value>0x80d04</value>
         <object_component_ref idref="oc-173"/>
      </symbol>
      <symbol id="sm-182">
         <name>INT_TIMER_10S_ISR</name>
         <value>0x80c41</value>
         <object_component_ref idref="oc-2b"/>
      </symbol>
      <symbol id="sm-183">
         <name>set_switch_state</name>
         <value>0x815bc</value>
         <object_component_ref idref="oc-20b"/>
      </symbol>
      <symbol id="sm-184">
         <name>read_char</name>
         <value>0x815a9</value>
         <object_component_ref idref="oc-228"/>
      </symbol>
      <symbol id="sm-185">
         <name>process_phase_query_msg</name>
         <value>0x808a0</value>
         <object_component_ref idref="oc-17f"/>
      </symbol>
      <symbol id="sm-186">
         <name>state</name>
         <value>0x80f4</value>
         <object_component_ref idref="oc-6c"/>
      </symbol>
      <symbol id="sm-187">
         <name>zcs</name>
         <value>0x80f2</value>
         <object_component_ref idref="oc-6c"/>
      </symbol>
      <symbol id="sm-188">
         <name>switch_num_mapping</name>
         <value>0x80ce</value>
         <object_component_ref idref="oc-238"/>
      </symbol>
      <symbol id="sm-189">
         <name>timer_fired</name>
         <value>0x80f3</value>
         <object_component_ref idref="oc-6c"/>
      </symbol>
      <symbol id="sm-18a">
         <name>strncmp</name>
         <value>0x8122f</value>
         <object_component_ref idref="oc-161"/>
      </symbol>
      <symbol id="sm-18b">
         <name>main</name>
         <value>0x805ee</value>
         <object_component_ref idref="oc-10e"/>
      </symbol>
      <symbol id="sm-18c">
         <name>process_zcs_msg</name>
         <value>0x80cd4</value>
         <object_component_ref idref="oc-16d"/>
      </symbol>
      <symbol id="sm-18d">
         <name>process_zcs_query_msg</name>
         <value>0x81601</value>
         <object_component_ref idref="oc-167"/>
      </symbol>
      <symbol id="sm-18e">
         <name>process_phase_msg</name>
         <value>0x80f27</value>
         <object_component_ref idref="oc-185"/>
      </symbol>
      <symbol id="sm-18f">
         <name>phases</name>
         <value>0x80e6</value>
         <object_component_ref idref="oc-211"/>
      </symbol>
      <symbol id="sm-190">
         <name>clear_buf</name>
         <value>0x815f0</value>
         <object_component_ref idref="oc-154"/>
      </symbol>
      <symbol id="sm-191">
         <name>set_all_switches</name>
         <value>0x80503</value>
         <object_component_ref idref="oc-14e"/>
      </symbol>
      <symbol id="sm-192">
         <name>read_msg</name>
         <value>0x8139c</value>
         <object_component_ref idref="oc-15a"/>
      </symbol>
      <symbol id="sm-193">
         <name>mask_to_buf</name>
         <value>0x81217</value>
         <object_component_ref idref="oc-241"/>
      </symbol>
      <symbol id="sm-194">
         <name>comparator_num_mapping</name>
         <value>0x80e0</value>
         <object_component_ref idref="oc-37d"/>
      </symbol>
      <symbol id="sm-195">
         <name>buf_to_mask</name>
         <value>0x80f04</value>
         <object_component_ref idref="oc-248"/>
      </symbol>
      <symbol id="sm-196">
         <name>get_comparator_value</name>
         <value>0x81596</value>
         <object_component_ref idref="oc-214"/>
      </symbol>
      <symbol id="sm-3a0">
         <name>INTERRUPT_init</name>
         <value>0x817b0</value>
         <object_component_ref idref="oc-31"/>
      </symbol>
      <symbol id="sm-3a1">
         <name>SWITCH9_init</name>
         <value>0x81782</value>
         <object_component_ref idref="oc-32d"/>
      </symbol>
      <symbol id="sm-3a2">
         <name>SWITCH8_init</name>
         <value>0x81772</value>
         <object_component_ref idref="oc-327"/>
      </symbol>
      <symbol id="sm-3a3">
         <name>SWITCH5_init</name>
         <value>0x81742</value>
         <object_component_ref idref="oc-315"/>
      </symbol>
      <symbol id="sm-3a4">
         <name>SWITCH4_init</name>
         <value>0x81732</value>
         <object_component_ref idref="oc-30f"/>
      </symbol>
      <symbol id="sm-3a5">
         <name>SWITCH7_init</name>
         <value>0x81762</value>
         <object_component_ref idref="oc-321"/>
      </symbol>
      <symbol id="sm-3a6">
         <name>SWITCH6_init</name>
         <value>0x81752</value>
         <object_component_ref idref="oc-31b"/>
      </symbol>
      <symbol id="sm-3a7">
         <name>SWITCH1_init</name>
         <value>0x81702</value>
         <object_component_ref idref="oc-2fd"/>
      </symbol>
      <symbol id="sm-3a8">
         <name>SWITCH3_init</name>
         <value>0x81722</value>
         <object_component_ref idref="oc-309"/>
      </symbol>
      <symbol id="sm-3a9">
         <name>SWITCH2_init</name>
         <value>0x81712</value>
         <object_component_ref idref="oc-303"/>
      </symbol>
      <symbol id="sm-3aa">
         <name>PinMux_init</name>
         <value>0x80300</value>
         <object_component_ref idref="oc-1ea"/>
      </symbol>
      <symbol id="sm-3ab">
         <name>SCI_init</name>
         <value>0x8185f</value>
         <object_component_ref idref="oc-202"/>
      </symbol>
      <symbol id="sm-3ac">
         <name>Board_init</name>
         <value>0x81792</value>
         <object_component_ref idref="oc-142"/>
      </symbol>
      <symbol id="sm-3ad">
         <name>CMPSSLITE_init</name>
         <value>0x81841</value>
         <object_component_ref idref="oc-1f0"/>
      </symbol>
      <symbol id="sm-3ae">
         <name>GPIO_init</name>
         <value>0x80e75</value>
         <object_component_ref idref="oc-1fc"/>
      </symbol>
      <symbol id="sm-3af">
         <name>CURRENT_SENSE1_init</name>
         <value>0x80731</value>
         <object_component_ref idref="oc-2e3"/>
      </symbol>
      <symbol id="sm-3b0">
         <name>CURRENT_SENSE3_init</name>
         <value>0x807e9</value>
         <object_component_ref idref="oc-2ef"/>
      </symbol>
      <symbol id="sm-3b1">
         <name>CURRENT_SENSE2_init</name>
         <value>0x8078d</value>
         <object_component_ref idref="oc-2e9"/>
      </symbol>
      <symbol id="sm-3b2">
         <name>TIMER_10S_init</name>
         <value>0x80ee1</value>
         <object_component_ref idref="oc-2f6"/>
      </symbol>
      <symbol id="sm-3b3">
         <name>SWITCH18_init</name>
         <value>0x816f2</value>
         <object_component_ref idref="oc-363"/>
      </symbol>
      <symbol id="sm-3b4">
         <name>SWITCH14_init</name>
         <value>0x816b2</value>
         <object_component_ref idref="oc-34b"/>
      </symbol>
      <symbol id="sm-3b5">
         <name>SWITCH15_init</name>
         <value>0x816c2</value>
         <object_component_ref idref="oc-351"/>
      </symbol>
      <symbol id="sm-3b6">
         <name>SWITCH16_init</name>
         <value>0x816d2</value>
         <object_component_ref idref="oc-357"/>
      </symbol>
      <symbol id="sm-3b7">
         <name>SWITCH17_init</name>
         <value>0x816e2</value>
         <object_component_ref idref="oc-35d"/>
      </symbol>
      <symbol id="sm-3b8">
         <name>SWITCH10_init</name>
         <value>0x81672</value>
         <object_component_ref idref="oc-333"/>
      </symbol>
      <symbol id="sm-3b9">
         <name>SWITCH11_init</name>
         <value>0x81682</value>
         <object_component_ref idref="oc-339"/>
      </symbol>
      <symbol id="sm-3ba">
         <name>SWITCH12_init</name>
         <value>0x81692</value>
         <object_component_ref idref="oc-33f"/>
      </symbol>
      <symbol id="sm-3bb">
         <name>SWITCH13_init</name>
         <value>0x816a2</value>
         <object_component_ref idref="oc-345"/>
      </symbol>
      <symbol id="sm-3bc">
         <name>UART_init</name>
         <value>0x80c0a</value>
         <object_component_ref idref="oc-36a"/>
      </symbol>
      <symbol id="sm-3bd">
         <name>CPUTIMER_init</name>
         <value>0x8185c</value>
         <object_component_ref idref="oc-1f6"/>
      </symbol>
      <symbol id="sm-3ca">
         <name>C2000Ware_libraries_init</name>
         <value>0x81864</value>
         <object_component_ref idref="oc-148"/>
      </symbol>
      <symbol id="sm-418">
         <name>Device_enableAllPeripherals</name>
         <value>0x8065e</value>
         <object_component_ref idref="oc-1cf"/>
      </symbol>
      <symbol id="sm-419">
         <name>Device_initGPIO</name>
         <value>0x81632</value>
         <object_component_ref idref="oc-13c"/>
      </symbol>
      <symbol id="sm-41a">
         <name>Device_init</name>
         <value>0x80845</value>
         <object_component_ref idref="oc-136"/>
      </symbol>
      <symbol id="sm-41b">
         <name>__error__</name>
         <value>0x8184f</value>
         <object_component_ref idref="oc-1c3"/>
      </symbol>
      <symbol id="sm-42a">
         <name>code_start</name>
         <value>0x80000</value>
         <object_component_ref idref="oc-20"/>
      </symbol>
      <symbol id="sm-460">
         <name>CMPSS_configFilterHigh</name>
         <value>0x8094b</value>
         <object_component_ref idref="oc-456"/>
      </symbol>
      <symbol id="sm-461">
         <name>CMPSS_configFilterLow</name>
         <value>0x80994</value>
         <object_component_ref idref="oc-45c"/>
      </symbol>
      <symbol id="sm-462">
         <name>CMPSS_configLatchOnPWMSYNC</name>
         <value>0x80d33</value>
         <object_component_ref idref="oc-480"/>
      </symbol>
      <symbol id="sm-47c">
         <name>CPUTimer_setEmulationMode</name>
         <value>0x8154a</value>
         <object_component_ref idref="oc-48f"/>
      </symbol>
      <symbol id="sm-4da">
         <name>Flash_initModule</name>
         <value>0x8000</value>
         <object_component_ref idref="oc-1aa"/>
      </symbol>
      <symbol id="sm-522">
         <name>GPIO_setQualificationMode</name>
         <value>0x80b9c</value>
         <object_component_ref idref="oc-2dc"/>
      </symbol>
      <symbol id="sm-523">
         <name>GPIO_setPadConfig</name>
         <value>0x808f9</value>
         <object_component_ref idref="oc-2d6"/>
      </symbol>
      <symbol id="sm-524">
         <name>GPIO_setAnalogMode</name>
         <value>0x803cc</value>
         <object_component_ref idref="oc-1db"/>
      </symbol>
      <symbol id="sm-525">
         <name>GPIO_setDirectionMode</name>
         <value>0x80c73</value>
         <object_component_ref idref="oc-4b4"/>
      </symbol>
      <symbol id="sm-526">
         <name>GPIO_setPinConfig</name>
         <value>0x80b65</value>
         <object_component_ref idref="oc-2d0"/>
      </symbol>
      <symbol id="sm-56e">
         <name>Interrupt_defaultHandler</name>
         <value>0x81370</value>
         <object_component_ref idref="oc-37"/>
      </symbol>
      <symbol id="sm-56f">
         <name>Interrupt_nmiHandler</name>
         <value>0x8180f</value>
         <object_component_ref idref="oc-49"/>
      </symbol>
      <symbol id="sm-570">
         <name>Interrupt_enable</name>
         <value>0x80bd3</value>
         <object_component_ref idref="oc-7d"/>
      </symbol>
      <symbol id="sm-571">
         <name>Interrupt_initVectorTable</name>
         <value>0x81004</value>
         <object_component_ref idref="oc-3d"/>
      </symbol>
      <symbol id="sm-572">
         <name>Interrupt_illegalOperationHandler</name>
         <value>0x81805</value>
         <object_component_ref idref="oc-43"/>
      </symbol>
      <symbol id="sm-5e3">
         <name>SCI_clearInterruptStatus</name>
         <value>0x809dd</value>
         <object_component_ref idref="oc-4cc"/>
      </symbol>
      <symbol id="sm-5e4">
         <name>SCI_writeCharArray</name>
         <value>0x80aa9</value>
         <object_component_ref idref="oc-39c"/>
      </symbol>
      <symbol id="sm-5e5">
         <name>SCI_setConfig</name>
         <value>0x80aea</value>
         <object_component_ref idref="oc-4ea"/>
      </symbol>
      <symbol id="sm-707">
         <name>SysCtl_isPLLValid</name>
         <value>0x80216</value>
         <object_component_ref idref="oc-2b5"/>
      </symbol>
      <symbol id="sm-708">
         <name>SysCtl_delay</name>
         <value>0x80ca</value>
         <object_component_ref idref="oc-2a2"/>
      </symbol>
      <symbol id="sm-709">
         <name>SysCtl_selectXTALSingleEnded</name>
         <value>0x80fa8</value>
         <object_component_ref idref="oc-3c4"/>
      </symbol>
      <symbol id="sm-70a">
         <name>SysCtl_selectXTAL</name>
         <value>0x80b28</value>
         <object_component_ref idref="oc-3be"/>
      </symbol>
      <symbol id="sm-70b">
         <name>SysCtl_selectOscSource</name>
         <value>0x80a67</value>
         <object_component_ref idref="oc-29c"/>
      </symbol>
      <symbol id="sm-70c">
         <name>SysCtl_getLowSpeedClock</name>
         <value>0x81154</value>
         <object_component_ref idref="oc-1c9"/>
      </symbol>
      <symbol id="sm-70d">
         <name>SysCtl_setClock</name>
         <value>0x800d8</value>
         <object_component_ref idref="oc-1b0"/>
      </symbol>
      <symbol id="sm-70e">
         <name>SysCtl_getClock</name>
         <value>0x806cc</value>
         <object_component_ref idref="oc-1bc"/>
      </symbol>
      <symbol id="sm-718">
         <name>_c_int00</name>
         <value>0x8132d</value>
         <object_component_ref idref="oc-9b"/>
      </symbol>
      <symbol id="sm-719">
         <name>__stack</name>
         <value>0x400</value>
         <object_component_ref idref="oc-4f"/>
      </symbol>
      <symbol id="sm-726">
         <name>__c28xabi_divf</name>
         <value>0x8047b</value>
         <object_component_ref idref="oc-3ce"/>
      </symbol>
      <symbol id="sm-738">
         <name>memcpy</name>
         <value>0x81097</value>
         <object_component_ref idref="oc-52"/>
      </symbol>
      <symbol id="sm-745">
         <name>_system_pre_init</name>
         <value>0x81862</value>
         <object_component_ref idref="oc-c3"/>
      </symbol>
      <symbol id="sm-754">
         <name>__TI_auto_init_nobinit_nopinit</name>
         <value>0x80d89</value>
         <object_component_ref idref="oc-de"/>
      </symbol>
      <symbol id="sm-762">
         <name>__TI_decompress_none</name>
         <value>0x8182a</value>
         <object_component_ref idref="oc-19"/>
      </symbol>
      <symbol id="sm-776">
         <name>__TI_decompress_lzss</name>
         <value>0x80ca4</value>
         <object_component_ref idref="oc-13"/>
      </symbol>
      <symbol id="sm-78c">
         <name>C$$EXIT</name>
         <value>0x80db4</value>
         <object_component_ref idref="oc-d0"/>
      </symbol>
      <symbol id="sm-78d">
         <name>abort</name>
         <value>0x80db4</value>
         <object_component_ref idref="oc-d0"/>
      </symbol>
      <symbol id="sm-78e">
         <name>exit</name>
         <value>0x80db6</value>
         <object_component_ref idref="oc-d0"/>
      </symbol>
      <symbol id="sm-78f">
         <name>__TI_dtors_ptr</name>
         <value>0x80f0</value>
         <object_component_ref idref="oc-116"/>
      </symbol>
      <symbol id="sm-790">
         <name>__TI_cleanup_ptr</name>
         <value>0x80ee</value>
         <object_component_ref idref="oc-116"/>
      </symbol>
      <symbol id="sm-791">
         <name>__TI_enable_exit_profile_output</name>
         <value>0x80ec</value>
         <object_component_ref idref="oc-116"/>
      </symbol>
      <symbol id="sm-7a8">
         <name>_nop</name>
         <value>0x81821</value>
         <object_component_ref idref="oc-191"/>
      </symbol>
      <symbol id="sm-7a9">
         <name>_lock</name>
         <value>0x80f6</value>
         <object_component_ref idref="oc-119"/>
      </symbol>
      <symbol id="sm-7aa">
         <name>_unlock</name>
         <value>0x80f8</value>
         <object_component_ref idref="oc-254"/>
      </symbol>
      <symbol id="sm-7ab">
         <name>_register_lock</name>
         <value>0x8181d</value>
         <object_component_ref idref="oc-191"/>
      </symbol>
      <symbol id="sm-7ac">
         <name>_register_unlock</name>
         <value>0x81819</value>
         <object_component_ref idref="oc-191"/>
      </symbol>
      <symbol id="sm-7bb">
         <name>_args_main</name>
         <value>0x817e4</value>
         <object_component_ref idref="oc-ca"/>
      </symbol>
      <symbol id="sm-7ca">
         <name>_system_post_cinit</name>
         <value>0x81865</value>
         <object_component_ref idref="oc-121"/>
      </symbol>
      <symbol id="sm-7cc">
         <name>__c_args__</name>
         <value>0x0</value>
      </symbol>
   </symbol_table>
   <title>Link successful</title>
</link_info>
